Archive member included to satisfy reference by file (symbol)

C:/ST/STM32CubeIDE_2.0.0/STM32CubeIDE/plugins/com.st.stm32cube.ide.mcu.externaltools.gnu-tools-for-stm32.14.3.rel1.win32_1.0.100.202602081740/tools/bin/../lib/gcc/arm-none-eabi/14.3.1/../../../../arm-none-eabi/lib/thumb/v8-m.main+fp/hard\libc_nano.a(libc_a-exit.o)
                              C:/ST/STM32CubeIDE_2.0.0/STM32CubeIDE/plugins/com.st.stm32cube.ide.mcu.externaltools.gnu-tools-for-stm32.14.3.rel1.win32_1.0.100.202602081740/tools/bin/../lib/gcc/arm-none-eabi/14.3.1/../../../../arm-none-eabi/lib/thumb/v8-m.main+fp/hard/crt0.o (exit)
C:/ST/STM32CubeIDE_2.0.0/STM32CubeIDE/plugins/com.st.stm32cube.ide.mcu.externaltools.gnu-tools-for-stm32.14.3.rel1.win32_1.0.100.202602081740/tools/bin/../lib/gcc/arm-none-eabi/14.3.1/../../../../arm-none-eabi/lib/thumb/v8-m.main+fp/hard\libc_nano.a(libc_a-findfp.o)
                              C:/ST/STM32CubeIDE_2.0.0/STM32CubeIDE/plugins/com.st.stm32cube.ide.mcu.externaltools.gnu-tools-for-stm32.14.3.rel1.win32_1.0.100.202602081740/tools/bin/../lib/gcc/arm-none-eabi/14.3.1/../../../../arm-none-eabi/lib/thumb/v8-m.main+fp/hard\libc_nano.a(libc_a-exit.o) (__stdio_exit_handler)
C:/ST/STM32CubeIDE_2.0.0/STM32CubeIDE/plugins/com.st.stm32cube.ide.mcu.externaltools.gnu-tools-for-stm32.14.3.rel1.win32_1.0.100.202602081740/tools/bin/../lib/gcc/arm-none-eabi/14.3.1/../../../../arm-none-eabi/lib/thumb/v8-m.main+fp/hard\libc_nano.a(libc_a-fwalk.o)
                              C:/ST/STM32CubeIDE_2.0.0/STM32CubeIDE/plugins/com.st.stm32cube.ide.mcu.externaltools.gnu-tools-for-stm32.14.3.rel1.win32_1.0.100.202602081740/tools/bin/../lib/gcc/arm-none-eabi/14.3.1/../../../../arm-none-eabi/lib/thumb/v8-m.main+fp/hard\libc_nano.a(libc_a-findfp.o) (_fwalk_sglue)
C:/ST/STM32CubeIDE_2.0.0/STM32CubeIDE/plugins/com.st.stm32cube.ide.mcu.externaltools.gnu-tools-for-stm32.14.3.rel1.win32_1.0.100.202602081740/tools/bin/../lib/gcc/arm-none-eabi/14.3.1/../../../../arm-none-eabi/lib/thumb/v8-m.main+fp/hard\libc_nano.a(libc_a-stdio.o)
                              C:/ST/STM32CubeIDE_2.0.0/STM32CubeIDE/plugins/com.st.stm32cube.ide.mcu.externaltools.gnu-tools-for-stm32.14.3.rel1.win32_1.0.100.202602081740/tools/bin/../lib/gcc/arm-none-eabi/14.3.1/../../../../arm-none-eabi/lib/thumb/v8-m.main+fp/hard\libc_nano.a(libc_a-findfp.o) (__sread)
C:/ST/STM32CubeIDE_2.0.0/STM32CubeIDE/plugins/com.st.stm32cube.ide.mcu.externaltools.gnu-tools-for-stm32.14.3.rel1.win32_1.0.100.202602081740/tools/bin/../lib/gcc/arm-none-eabi/14.3.1/../../../../arm-none-eabi/lib/thumb/v8-m.main+fp/hard\libc_nano.a(libc_a-memset.o)
                              C:/ST/STM32CubeIDE_2.0.0/STM32CubeIDE/plugins/com.st.stm32cube.ide.mcu.externaltools.gnu-tools-for-stm32.14.3.rel1.win32_1.0.100.202602081740/tools/bin/../lib/gcc/arm-none-eabi/14.3.1/../../../../arm-none-eabi/lib/thumb/v8-m.main+fp/hard/crt0.o (memset)
C:/ST/STM32CubeIDE_2.0.0/STM32CubeIDE/plugins/com.st.stm32cube.ide.mcu.externaltools.gnu-tools-for-stm32.14.3.rel1.win32_1.0.100.202602081740/tools/bin/../lib/gcc/arm-none-eabi/14.3.1/../../../../arm-none-eabi/lib/thumb/v8-m.main+fp/hard\libc_nano.a(libc_a-closer.o)
                              C:/ST/STM32CubeIDE_2.0.0/STM32CubeIDE/plugins/com.st.stm32cube.ide.mcu.externaltools.gnu-tools-for-stm32.14.3.rel1.win32_1.0.100.202602081740/tools/bin/../lib/gcc/arm-none-eabi/14.3.1/../../../../arm-none-eabi/lib/thumb/v8-m.main+fp/hard\libc_nano.a(libc_a-stdio.o) (_close_r)
C:/ST/STM32CubeIDE_2.0.0/STM32CubeIDE/plugins/com.st.stm32cube.ide.mcu.externaltools.gnu-tools-for-stm32.14.3.rel1.win32_1.0.100.202602081740/tools/bin/../lib/gcc/arm-none-eabi/14.3.1/../../../../arm-none-eabi/lib/thumb/v8-m.main+fp/hard\libc_nano.a(libc_a-reent.o)
                              C:/ST/STM32CubeIDE_2.0.0/STM32CubeIDE/plugins/com.st.stm32cube.ide.mcu.externaltools.gnu-tools-for-stm32.14.3.rel1.win32_1.0.100.202602081740/tools/bin/../lib/gcc/arm-none-eabi/14.3.1/../../../../arm-none-eabi/lib/thumb/v8-m.main+fp/hard\libc_nano.a(libc_a-closer.o) (errno)
C:/ST/STM32CubeIDE_2.0.0/STM32CubeIDE/plugins/com.st.stm32cube.ide.mcu.externaltools.gnu-tools-for-stm32.14.3.rel1.win32_1.0.100.202602081740/tools/bin/../lib/gcc/arm-none-eabi/14.3.1/../../../../arm-none-eabi/lib/thumb/v8-m.main+fp/hard\libc_nano.a(libc_a-impure.o)
                              C:/ST/STM32CubeIDE_2.0.0/STM32CubeIDE/plugins/com.st.stm32cube.ide.mcu.externaltools.gnu-tools-for-stm32.14.3.rel1.win32_1.0.100.202602081740/tools/bin/../lib/gcc/arm-none-eabi/14.3.1/../../../../arm-none-eabi/lib/thumb/v8-m.main+fp/hard\libc_nano.a(libc_a-reent.o) (_impure_ptr)
C:/ST/STM32CubeIDE_2.0.0/STM32CubeIDE/plugins/com.st.stm32cube.ide.mcu.externaltools.gnu-tools-for-stm32.14.3.rel1.win32_1.0.100.202602081740/tools/bin/../lib/gcc/arm-none-eabi/14.3.1/../../../../arm-none-eabi/lib/thumb/v8-m.main+fp/hard\libc_nano.a(libc_a-lseekr.o)
[...]
Memory Configuration

Name             Origin             Length             Attributes
RAM              0x20000000         0x00070000         xrw
RAM2             0x20070000         0x00010000         xrw
FLASH            0x08000000         0x00200000         xr
*default*        0x00000000         0xffffffff

Linker script and memory map

LOAD C:/ST/STM32CubeIDE_2.0.0/STM32CubeIDE/plugins/com.st.stm32cube.ide.mcu.externaltools.gnu-tools-for-stm32.14.3.rel1.win32_1.0.100.202602081740/tools/bin/../lib/gcc/arm-none-eabi/14.3.1/thumb/v8-m.main+fp/hard/crti.o
LOAD C:/ST/STM32CubeIDE_2.0.0/STM32CubeIDE/plugins/com.st.stm32cube.ide.mcu.externaltools.gnu-tools-for-stm32.14.3.rel1.win32_1.0.100.202602081740/tools/bin/../lib/gcc/arm-none-eabi/14.3.1/thumb/v8-m.main+fp/hard/crtbegin.o
LOAD C:/ST/STM32CubeIDE_2.0.0/STM32CubeIDE/plugins/com.st.stm32cube.ide.mcu.externaltools.gnu-tools-for-stm32.14.3.rel1.win32_1.0.100.202602081740/tools/bin/../lib/gcc/arm-none-eabi/14.3.1/../../../../arm-none-eabi/lib/thumb/v8-m.main+fp/hard/crt0.o
LOAD ./Application/User/Core/app_freertos.o
LOAD ./Application/User/Core/main.o
LOAD ./Application/User/Core/stm32wbaxx_hal_msp.o
LOAD ./Application/User/Core/stm32wbaxx_hal_timebase_tim.o
LOAD ./Application/User/Core/stm32wbaxx_it.o
LOAD ./Application/User/Core/syscalls.o
LOAD ./Application/User/Core/sysmem.o
LOAD ./Application/User/Startup/startup_stm32wba65rivx.o
LOAD ./Drivers/CMSIS/system_stm32wbaxx.o
LOAD ./Drivers/STM32WBAxx_HAL_Driver/stm32wbaxx_hal.o
LOAD ./Drivers/STM32WBAxx_HAL_Driver/stm32wbaxx_hal_cortex.o
LOAD ./Drivers/STM32WBAxx_HAL_Driver/stm32wbaxx_hal_dma.o
LOAD ./Drivers/STM32WBAxx_HAL_Driver/stm32wbaxx_hal_dma_ex.o
LOAD ./Drivers/STM32WBAxx_HAL_Driver/stm32wbaxx_hal_exti.o
LOAD ./Drivers/STM32WBAxx_HAL_Driver/stm32wbaxx_hal_flash.o
LOAD ./Drivers/STM32WBAxx_HAL_Driver/stm32wbaxx_hal_flash_ex.o
LOAD ./Drivers/STM32WBAxx_HAL_Driver/stm32wbaxx_hal_gpio.o
LOAD ./Drivers/STM32WBAxx_HAL_Driver/stm32wbaxx_hal_icache.o
LOAD ./Drivers/STM32WBAxx_HAL_Driver/stm32wbaxx_hal_pwr.o
LOAD ./Drivers/STM32WBAxx_HAL_Driver/stm32wbaxx_hal_pwr_ex.o
LOAD ./Drivers/STM32WBAxx_HAL_Driver/stm32wbaxx_hal_rcc.o
LOAD ./Drivers/STM32WBAxx_HAL_Driver/stm32wbaxx_hal_rcc_ex.o
LOAD ./Drivers/STM32WBAxx_HAL_Driver/stm32wbaxx_hal_tim.o
LOAD ./Drivers/STM32WBAxx_HAL_Driver/stm32wbaxx_hal_tim_ex.o
LOAD ./Middlewares/RTOS2/CMSIS/RTOS2/Core/TZ_Non_Supported/cmsis_os2.o
LOAD ./Middlewares/RTOS2/CMSIS/RTOS2/Core/TZ_Non_Supported/croutine.o
LOAD ./Middlewares/RTOS2/CMSIS/RTOS2/Core/TZ_Non_Supported/event_groups.o
LOAD ./Middlewares/RTOS2/CMSIS/RTOS2/Core/TZ_Non_Supported/list.o
LOAD ./Middlewares/RTOS2/CMSIS/RTOS2/Core/TZ_Non_Supported/port.o
LOAD ./Middlewares/RTOS2/CMSIS/RTOS2/Core/TZ_Non_Supported/portasm.o
LOAD ./Middlewares/RTOS2/CMSIS/RTOS2/Core/TZ_Non_Supported/queue.o
LOAD ./Middlewares/RTOS2/CMSIS/RTOS2/Core/TZ_Non_Supported/stream_buffer.o
LOAD ./Middlewares/RTOS2/CMSIS/RTOS2/Core/TZ_Non_Supported/tasks.o
LOAD ./Middlewares/RTOS2/CMSIS/RTOS2/Core/TZ_Non_Supported/timers.o
LOAD ./Middlewares/RTOS2/CMSIS/RTOS2/Heap/Heap_1/heap_1.o
START GROUP
LOAD C:/ST/STM32CubeIDE_2.0.0/STM32CubeIDE/plugins/com.st.stm32cube.ide.mcu.externaltools.gnu-tools-for-stm32.14.3.rel1.win32_1.0.100.202602081740/tools/bin/../lib/gcc/arm-none-eabi/14.3.1/../../../../arm-none-eabi/lib/thumb/v8-m.main+fp/hard\libc_nano.a
LOAD C:/ST/STM32CubeIDE_2.0.0/STM32CubeIDE/plugins/com.st.stm32cube.ide.mcu.externaltools.gnu-tools-for-stm32.14.3.rel1.win32_1.0.100.202602081740/tools/bin/../lib/gcc/arm-none-eabi/14.3.1/../../../../arm-none-eabi/lib/thumb/v8-m.main+fp/hard\libm.a
END GROUP
START GROUP
LOAD C:/ST/STM32CubeIDE_2.0.0/STM32CubeIDE/plugins/com.st.stm32cube.ide.mcu.externaltools.gnu-tools-for-stm32.14.3.rel1.win32_1.0.100.202602081740/tools/bin/../lib/gcc/arm-none-eabi/14.3.1/thumb/v8-m.main+fp/hard\libgcc.a
LOAD C:/ST/STM32CubeIDE_2.0.0/STM32CubeIDE/plugins/com.st.stm32cube.ide.mcu.externaltools.gnu-tools-for-stm32.14.3.rel1.win32_1.0.100.202602081740/tools/bin/../lib/gcc/arm-none-eabi/14.3.1/../../../../arm-none-eabi/lib/thumb/v8-m.main+fp/hard\libc_nano.a
END GROUP
START GROUP
LOAD C:/ST/STM32CubeIDE_2.0.0/STM32CubeIDE/plugins/com.st.stm32cube.ide.mcu.externaltools.gnu-tools-for-stm32.14.3.rel1.win32_1.0.100.202602081740/tools/bin/../lib/gcc/arm-none-eabi/14.3.1/thumb/v8-m.main+fp/hard\libgcc.a
LOAD C:/ST/STM32CubeIDE_2.0.0/STM32CubeIDE/plugins/com.st.stm32cube.ide.mcu.externaltools.gnu-tools-for-stm32.14.3.rel1.win32_1.0.100.202602081740/tools/bin/../lib/gcc/arm-none-eabi/14.3.1/../../../../arm-none-eabi/lib/thumb/v8-m.main+fp/hard\libc_nano.a
LOAD C:/ST/STM32CubeIDE_2.0.0/STM32CubeIDE/plugins/com.st.stm32cube.ide.mcu.externaltools.gnu-tools-for-stm32.14.3.rel1.win32_1.0.100.202602081740/tools/bin/../lib/gcc/arm-none-eabi/14.3.1/../../../../arm-none-eabi/lib/thumb/v8-m.main+fp/hard\libnosys.a
END GROUP
START GROUP
LOAD C:/ST/STM32CubeIDE_2.0.0/STM32CubeIDE/plugins/com.st.stm32cube.ide.mcu.externaltools.gnu-tools-for-stm32.14.3.rel1.win32_1.0.100.202602081740/tools/bin/../lib/gcc/arm-none-eabi/14.3.1/thumb/v8-m.main+fp/hard\libgcc.a
LOAD C:/ST/STM32CubeIDE_2.0.0/STM32CubeIDE/plugins/com.st.stm32cube.ide.mcu.externaltools.gnu-tools-for-stm32.14.3.rel1.win32_1.0.100.202602081740/tools/bin/../lib/gcc/arm-none-eabi/14.3.1/../../../../arm-none-eabi/lib/thumb/v8-m.main+fp/hard\libc_nano.a
LOAD C:/ST/STM32CubeIDE_2.0.0/STM32CubeIDE/plugins/com.st.stm32cube.ide.mcu.externaltools.gnu-tools-for-stm32.14.3.rel1.win32_1.0.100.202602081740/tools/bin/../lib/gcc/arm-none-eabi/14.3.1/../../../../arm-none-eabi/lib/thumb/v8-m.main+fp/hard\libnosys.a
END GROUP
LOAD C:/ST/STM32CubeIDE_2.0.0/STM32CubeIDE/plugins/com.st.stm32cube.ide.mcu.externaltools.gnu-tools-for-stm32.14.3.rel1.win32_1.0.100.202602081740/tools/bin/../lib/gcc/arm-none-eabi/14.3.1/thumb/v8-m.main+fp/hard/crtend.o
LOAD C:/ST/STM32CubeIDE_2.0.0/STM32CubeIDE/plugins/com.st.stm32cube.ide.mcu.externaltools.gnu-tools-for-stm32.14.3.rel1.win32_1.0.100.202602081740/tools/bin/../lib/gcc/arm-none-eabi/14.3.1/thumb/v8-m.main+fp/hard/crtn.o
                0x20070000                        _estack = (ORIGIN (RAM) + LENGTH (RAM))
                0x2006fc00                        _sstack = (_estack - _Min_Stack_Size)
                0x00000200                        _Min_Heap_Size = 0x200
                0x00000400                        _Min_Stack_Size = 0x400

.isr_vector     0x08000000      0x188
                0x08000000                        . = ALIGN (0x4)
 *(.isr_vector)
 .isr_vector    0x08000000      0x188 ./Application/User/Startup/startup_stm32wba65rivx.o
                0x08000000                g_pfnVectors
                0x08000188                        . = ALIGN (0x4)

.text           0x08000188     0x4204
                0x08000188                        . = ALIGN (0x4)
 *(.text)
 .text          0x08000188       0x40 C:/ST/STM32CubeIDE_2.0.0/STM32CubeIDE/plugins/com.st.stm32cube.ide.mcu.externaltools.gnu-tools-for-stm32.14.3.rel1.win32_1.0.100.202602081740/tools/bin/../lib/gcc/arm-none-eabi/14.3.1/thumb/v8-m.main+fp/hard/crtbegin.o
 *(.text*)
 .text.MX_FREERTOS_Init
                0x080001c8       0x40 ./Application/User/Core/app_freertos.o
                0x080001c8                MX_FREERTOS_Init
 .text.StartDefaultTask
                0x08000208       0x10 ./Application/User/Core/app_freertos.o
                0x08000208                StartDefaultTask
 .text.StartTask02
                0x08000218       0x10 ./Application/User/Core/app_freertos.o
                0x08000218                StartTask02
 .text.main     0x08000228       0x20 ./Application/User/Core/main.o
                0x08000228                main
 .text.SystemClock_Config
                0x08000248       0x98 ./Application/User/Core/main.o
                0x08000248                SystemClock_Config
 .text.MX_ICACHE_Init
                0x080002e0       0x26 ./Application/User/Core/main.o
 *fill*         0x08000306        0x2 
 .text.HAL_TIM_PeriodElapsedCallback
                0x08000308       0x24 ./Application/User/Core/main.o
                0x08000308                HAL_TIM_PeriodElapsedCallback
 .text.Error_Handler
                0x0800032c        0xc ./Application/User/Core/main.o
                0x0800032c                Error_Handler
 .text.HAL_MspInit
                0x08000338       0x3c ./Application/User/Core/stm32wbaxx_hal_msp.o
                0x08000338                HAL_MspInit
 .text.HAL_InitTick
                0x08000374       0xec ./Application/User/Core/stm32wbaxx_hal_timebase_tim.o
                0x08000374                HAL_InitTick
 .text.NMI_Handler
                0x08000460        0x8 ./Application/User/Core/stm32wbaxx_it.o
                0x08000460                NMI_Handler
 .text.HardFault_Handler
                0x08000468        0x8 ./Application/User/Core/stm32wbaxx_it.o
                0x08000468                HardFault_Handler
 .text.MemManage_Handler
                0x08000470        0x8 ./Application/User/Core/stm32wbaxx_it.o
                0x08000470                MemManage_Handler
 .text.BusFault_Handler
                0x08000478        0x8 ./Application/User/Core/stm32wbaxx_it.o
                0x08000478                BusFault_Handler
 .text.UsageFault_Handler
                0x08000480        0x8 ./Application/User/Core/stm32wbaxx_it.o
                0x08000480                UsageFault_Handler
 .text.DebugMon_Handler
                0x08000488        0xe ./Application/User/Core/stm32wbaxx_it.o
                0x08000488                DebugMon_Handler
 *fill*         0x08000496        0x2 
 .text.TIM1_UP_IRQHandler
                0x08000498       0x14 ./Application/User/Core/stm32wbaxx_it.o
                0x08000498                TIM1_UP_IRQHandler
 .text.Reset_Handler
                0x080004ac       0x5c ./Application/User/Startup/startup_stm32wba65rivx.o
                0x080004ac                Reset_Handler
 .text.Default_Handler
                0x08000508        0x2 ./Application/User/Startup/startup_stm32wba65rivx.o
                0x08000508                EXTI2_IRQHandler
                0x08000508                EXTI5_IRQHandler
                0x08000508                FLASH_S_IRQHandler
                0x08000508                EXTI13_IRQHandler
                0x08000508                TIM1_CC_IRQHandler
                0x08000508                TSC_IRQHandler
                0x08000508                TAMP_IRQHandler
                0x08000508                EXTI12_IRQHandler
                0x08000508                PVD_IRQHandler
                0x08000508                EXTI3_IRQHandler
                0x08000508                GPDMA1_Channel5_IRQHandler
                0x08000508                RADIO_IRQHandler
                0x08000508                EXTI8_IRQHandler
                0x08000508                LPTIM2_IRQHandler
                0x08000508                RCC_AUDIOSYNC_IRQHandler
                0x08000508                I2C3_ER_IRQHandler
                0x08000508                EXTI0_IRQHandler
                0x08000508                I2C2_EV_IRQHandler
                0x08000508                FPU_IRQHandler
                0x08000508                GPDMA1_Channel3_IRQHandler
                0x08000508                GPDMA1_Channel7_IRQHandler
                0x08000508                RAMCFG_IRQHandler
                0x08000508                SPI1_IRQHandler
                0x08000508                GPDMA1_Channel2_IRQHandler
                0x08000508                RCC_S_IRQHandler
                0x08000508                PKA_IRQHandler
                0x08000508                EXTI15_IRQHandler
                0x08000508                TIM17_IRQHandler
                0x08000508                USART3_IRQHandler
                0x08000508                WKUP_IRQHandler
                0x08000508                RTC_IRQHandler
                0x08000508                EXTI9_IRQHandler
                0x08000508                USB_OTG_HS_IRQHandler
                0x08000508                TIM4_IRQHandler
                0x08000508                I2C1_EV_IRQHandler
                0x08000508                GPDMA1_Channel1_IRQHandler
                0x08000508                TIM16_IRQHandler
                0x08000508                EXTI19_RADIO_IO_IRQHandler
                0x08000508                SecureFault_Handler
                0x08000508                TIM3_IRQHandler
                0x08000508                RCC_IRQHandler
                0x08000508                TIM1_TRG_COM_IRQHandler
                0x08000508                Default_Handler
                0x08000508                SAES_IRQHandler
                0x08000508                GPDMA1_Channel0_IRQHandler
                0x08000508                I2C3_EV_IRQHandler
                0x08000508                WKUP_S_IRQHandler
                0x08000508                SPI2_IRQHandler
                0x08000508                EXTI14_IRQHandler
                0x08000508                EXTI11_IRQHandler
                0x08000508                EXTI4_IRQHandler
                0x08000508                RTC_S_IRQHandler
                0x08000508                RNG_IRQHandler
                0x08000508                HSEM_S_IRQHandler
                0x08000508                COMP_IRQHandler
                0x08000508                HSEM_IRQHandler
                0x08000508                ADC4_IRQHandler
                0x08000508                WWDG_IRQHandler
                0x08000508                I2C4_EV_IRQHandler
                0x08000508                IWDG_IRQHandler
                0x08000508                LPUART1_IRQHandler
                0x08000508                TIM2_IRQHandler
                0x08000508                GPDMA1_Channel4_IRQHandler
                0x08000508                EXTI7_IRQHandler
                0x08000508                TIM1_BRK_IRQHandler
                0x08000508                EXTI1_IRQHandler
                0x08000508                AES_IRQHandler
                0x08000508                GTZC_IRQHandler
                0x08000508                USART2_IRQHandler
                0x08000508                GPDMA1_Channel6_IRQHandler
                0x08000508                EXTI20_RADIO_IO_IRQHandler
                0x08000508                I2C2_ER_IRQHandler
                0x08000508                FLASH_IRQHandler
                0x08000508                USART1_IRQHandler
                0x08000508                EXTI10_IRQHandler
                0x08000508                SPI3_IRQHandler
                0x08000508                I2C1_ER_IRQHandler
                0x08000508                EXTI6_IRQHandler
                0x08000508                LPTIM1_IRQHandler
                0x08000508                I2C4_ER_IRQHandler
                0x08000508                ICACHE_IRQHandler
                0x08000508                SAI1_IRQHandler
                0x08000508                HASH_IRQHandler
 *fill*         0x0800050a        0x2 
 .text.SystemInit
                0x0800050c       0x80 ./Drivers/CMSIS/system_stm32wbaxx.o
                0x0800050c                SystemInit
 .text.SystemCoreClockUpdate
                0x0800058c      0x15c ./Drivers/CMSIS/system_stm32wbaxx.o
                0x0800058c                SystemCoreClockUpdate
 .text.HAL_Init
                0x080006e8       0x40 ./Drivers/STM32WBAxx_HAL_Driver/stm32wbaxx_hal.o
                0x080006e8                HAL_Init
 .text.HAL_IncTick
                0x08000728       0x28 ./Drivers/STM32WBAxx_HAL_Driver/stm32wbaxx_hal.o
                0x08000728                HAL_IncTick
 .text.HAL_GetTick
                0x08000750       0x18 ./Drivers/STM32WBAxx_HAL_Driver/stm32wbaxx_hal.o
                0x08000750                HAL_GetTick
 .text.__NVIC_SetPriorityGrouping
                0x08000768       0x48 ./Drivers/STM32WBAxx_HAL_Driver/stm32wbaxx_hal_cortex.o
 .text.__NVIC_GetPriorityGrouping
                0x080007b0       0x1c ./Drivers/STM32WBAxx_HAL_Driver/stm32wbaxx_hal_cortex.o
 .text.__NVIC_EnableIRQ
                0x080007cc       0x3c ./Drivers/STM32WBAxx_HAL_Driver/stm32wbaxx_hal_cortex.o
 .text.__NVIC_SetPriority
                0x08000808       0x54 ./Drivers/STM32WBAxx_HAL_Driver/stm32wbaxx_hal_cortex.o
 .text.NVIC_EncodePriority
                0x0800085c       0x66 ./Drivers/STM32WBAxx_HAL_Driver/stm32wbaxx_hal_cortex.o
 .text.HAL_NVIC_SetPriorityGrouping
                0x080008c2       0x16 ./Drivers/STM32WBAxx_HAL_Driver/stm32wbaxx_hal_cortex.o
                0x080008c2                HAL_NVIC_SetPriorityGrouping
 .text.HAL_NVIC_SetPriority
                0x080008d8       0x3a ./Drivers/STM32WBAxx_HAL_Driver/stm32wbaxx_hal_cortex.o
                0x080008d8                HAL_NVIC_SetPriority
 .text.HAL_NVIC_EnableIRQ
                0x08000912       0x1c ./Drivers/STM32WBAxx_HAL_Driver/stm32wbaxx_hal_cortex.o
                0x08000912                HAL_NVIC_EnableIRQ
 *fill*         0x0800092e        0x2 
 .text.HAL_SYSTICK_CLKSourceConfig
                0x08000930       0xdc ./Drivers/STM32WBAxx_HAL_Driver/stm32wbaxx_hal_cortex.o
                0x08000930                HAL_SYSTICK_CLKSourceConfig
 .text.HAL_ICACHE_ConfigAssociativityMode
                0x08000a0c       0x40 ./Drivers/STM32WBAxx_HAL_Driver/stm32wbaxx_hal_icache.o
                0x08000a0c                HAL_ICACHE_ConfigAssociativityMode
 .text.HAL_ICACHE_Enable
                0x08000a4c       0x20 ./Drivers/STM32WBAxx_HAL_Driver/stm32wbaxx_hal_icache.o
                0x08000a4c                HAL_ICACHE_Enable
 .text.HAL_PWREx_ControlVoltageScaling
                0x08000a6c       0xbc ./Drivers/STM32WBAxx_HAL_Driver/stm32wbaxx_hal_pwr_ex.o
                0x08000a6c                HAL_PWREx_ControlVoltageScaling
 .text.HAL_PWREx_ConfigSupply
                0x08000b28       0x98 ./Drivers/STM32WBAxx_HAL_Driver/stm32wbaxx_hal_pwr_ex.o
                0x08000b28                HAL_PWREx_ConfigSupply
 .text.HAL_RCC_OscConfig
                0x08000bc0      0x820 ./Drivers/STM32WBAxx_HAL_Driver/stm32wbaxx_hal_rcc.o
                0x08000bc0                HAL_RCC_OscConfig
 .text.HAL_RCC_ClockConfig
                0x080013e0      0x25c ./Drivers/STM32WBAxx_HAL_Driver/stm32wbaxx_hal_rcc.o
                0x080013e0                HAL_RCC_ClockConfig
 .text.HAL_RCC_GetSysClockFreq
                0x0800163c       0x54 ./Drivers/STM32WBAxx_HAL_Driver/stm32wbaxx_hal_rcc.o
                0x0800163c                HAL_RCC_GetSysClockFreq
 .text.HAL_RCC_GetHCLKFreq
                0x08001690       0x34 ./Drivers/STM32WBAxx_HAL_Driver/stm32wbaxx_hal_rcc.o
                0x08001690                HAL_RCC_GetHCLKFreq
 .text.HAL_RCC_GetPCLK2Freq
                0x080016c4       0x28 ./Drivers/STM32WBAxx_HAL_Driver/stm32wbaxx_hal_rcc.o
                0x080016c4                HAL_RCC_GetPCLK2Freq
 .text.HAL_RCC_GetPLL1RFreq
                0x080016ec       0x38 ./Drivers/STM32WBAxx_HAL_Driver/stm32wbaxx_hal_rcc.o
                0x080016ec                HAL_RCC_GetPLL1RFreq
 .text.HAL_RCC_GetClockConfig
                0x08001724       0x8c ./Drivers/STM32WBAxx_HAL_Driver/stm32wbaxx_hal_rcc.o
                0x08001724                HAL_RCC_GetClockConfig
 .text.RCC_PLL1_GetVCOOutputFreq
                0x080017b0       0xf0 ./Drivers/STM32WBAxx_HAL_Driver/stm32wbaxx_hal_rcc.o
 .text.HAL_TIM_Base_Init
                0x080018a0       0xae ./Drivers/STM32WBAxx_HAL_Driver/stm32wbaxx_hal_tim.o
                0x080018a0                HAL_TIM_Base_Init
 .text.HAL_TIM_Base_MspInit
                0x0800194e       0x14 ./Drivers/STM32WBAxx_HAL_Driver/stm32wbaxx_hal_tim.o
                0x0800194e                HAL_TIM_Base_MspInit
 *fill*         0x08001962        0x2 
 .text.HAL_TIM_Base_Start_IT
                0x08001964       0xb8 ./Drivers/STM32WBAxx_HAL_Driver/stm32wbaxx_hal_tim.o
                0x08001964                HAL_TIM_Base_Start_IT
 .text.HAL_TIM_IRQHandler
                0x08001a1c      0x29e ./Drivers/STM32WBAxx_HAL_Driver/stm32wbaxx_hal_tim.o
                0x08001a1c                HAL_TIM_IRQHandler
 .text.HAL_TIM_OC_DelayElapsedCallback
                0x08001cba       0x14 ./Drivers/STM32WBAxx_HAL_Driver/stm32wbaxx_hal_tim.o
                0x08001cba                HAL_TIM_OC_DelayElapsedCallback
 .text.HAL_TIM_IC_CaptureCallback
                0x08001cce       0x14 ./Drivers/STM32WBAxx_HAL_Driver/stm32wbaxx_hal_tim.o
                0x08001cce                HAL_TIM_IC_CaptureCallback
 .text.HAL_TIM_PWM_PulseFinishedCallback
                0x08001ce2       0x14 ./Drivers/STM32WBAxx_HAL_Driver/stm32wbaxx_hal_tim.o
                0x08001ce2                HAL_TIM_PWM_PulseFinishedCallback
 .text.HAL_TIM_TriggerCallback
                0x08001cf6       0x14 ./Drivers/STM32WBAxx_HAL_Driver/stm32wbaxx_hal_tim.o
                0x08001cf6                HAL_TIM_TriggerCallback
 *fill*         0x08001d0a        0x2 
 .text.TIM_Base_SetConfig
                0x08001d0c       0xfc ./Drivers/STM32WBAxx_HAL_Driver/stm32wbaxx_hal_tim.o
                0x08001d0c                TIM_Base_SetConfig
 .text.HAL_TIMEx_CommutCallback
                0x08001e08       0x14 ./Drivers/STM32WBAxx_HAL_Driver/stm32wbaxx_hal_tim_ex.o
                0x08001e08                HAL_TIMEx_CommutCallback
 .text.HAL_TIMEx_BreakCallback
                0x08001e1c       0x14 ./Drivers/STM32WBAxx_HAL_Driver/stm32wbaxx_hal_tim_ex.o
                0x08001e1c                HAL_TIMEx_BreakCallback
 .text.HAL_TIMEx_Break2Callback
                0x08001e30       0x14 ./Drivers/STM32WBAxx_HAL_Driver/stm32wbaxx_hal_tim_ex.o
                0x08001e30                HAL_TIMEx_Break2Callback
 .text.HAL_TIMEx_EncoderIndexCallback
                0x08001e44       0x14 ./Drivers/STM32WBAxx_HAL_Driver/stm32wbaxx_hal_tim_ex.o
                0x08001e44                HAL_TIMEx_EncoderIndexCallback
 .text.HAL_TIMEx_DirectionChangeCallback
                0x08001e58       0x14 ./Drivers/STM32WBAxx_HAL_Driver/stm32wbaxx_hal_tim_ex.o
                0x08001e58                HAL_TIMEx_DirectionChangeCallback
 .text.HAL_TIMEx_IndexErrorCallback
                0x08001e6c       0x14 ./Drivers/STM32WBAxx_HAL_Driver/stm32wbaxx_hal_tim_ex.o
                0x08001e6c                HAL_TIMEx_IndexErrorCallback
 .text.HAL_TIMEx_TransitionErrorCallback
                0x08001e80       0x14 ./Drivers/STM32WBAxx_HAL_Driver/stm32wbaxx_hal_tim_ex.o
                0x08001e80                HAL_TIMEx_TransitionErrorCallback
 .text.SysTick_Handler
                0x08001e94       0x20 ./Middlewares/RTOS2/CMSIS/RTOS2/Core/TZ_Non_Supported/cmsis_os2.o
                0x08001e94                SysTick_Handler
 .text.IRQ_Context
                0x08001eb4       0x4e ./Middlewares/RTOS2/CMSIS/RTOS2/Core/TZ_Non_Supported/cmsis_os2.o
 *fill*         0x08001f02        0x2 
 .text.osKernelInitialize
                0x08001f04       0x4c ./Middlewares/RTOS2/CMSIS/RTOS2/Core/TZ_Non_Supported/cmsis_os2.o
                0x08001f04                osKernelInitialize
 .text.osKernelStart
                0x08001f50       0x50 ./Middlewares/RTOS2/CMSIS/RTOS2/Core/TZ_Non_Supported/cmsis_os2.o
                0x08001f50                osKernelStart
 .text.osThreadNew
                0x08001fa0      0x124 ./Middlewares/RTOS2/CMSIS/RTOS2/Core/TZ_Non_Supported/cmsis_os2.o
                0x08001fa0                osThreadNew
 .text.osDelay  0x080020c4       0x34 ./Middlewares/RTOS2/CMSIS/RTOS2/Core/TZ_Non_Supported/cmsis_os2.o
                0x080020c4                osDelay
 .text.vListInitialise
                0x080020f8       0x40 ./Middlewares/RTOS2/CMSIS/RTOS2/Core/TZ_Non_Supported/list.o
                0x080020f8                vListInitialise
 .text.vListInitialiseItem
                0x08002138       0x1a ./Middlewares/RTOS2/CMSIS/RTOS2/Core/TZ_Non_Supported/list.o
                0x08002138                vListInitialiseItem
 .text.vListInsert
                0x08002152       0x72 ./Middlewares/RTOS2/CMSIS/RTOS2/Core/TZ_Non_Supported/list.o
                0x08002152                vListInsert
 .text.uxListRemove
                0x080021c4       0x54 ./Middlewares/RTOS2/CMSIS/RTOS2/Core/TZ_Non_Supported/list.o
                0x080021c4                uxListRemove
 .text.vPortSetupTimerInterrupt
                0x08002218       0x48 ./Middlewares/RTOS2/CMSIS/RTOS2/Core/TZ_Non_Supported/port.o
                0x08002218                vPortSetupTimerInterrupt
 .text.prvTaskExitError
                0x08002260       0x38 ./Middlewares/RTOS2/CMSIS/RTOS2/Core/TZ_Non_Supported/port.o
 .text.vPortYield
                0x08002298       0x24 ./Middlewares/RTOS2/CMSIS/RTOS2/Core/TZ_Non_Supported/port.o
                0x08002298                vPortYield
 .text.vPortEnterCritical
                0x080022bc       0x24 ./Middlewares/RTOS2/CMSIS/RTOS2/Core/TZ_Non_Supported/port.o
                0x080022bc                vPortEnterCritical
 .text.vPortExitCritical
                0x080022e0       0x34 ./Middlewares/RTOS2/CMSIS/RTOS2/Core/TZ_Non_Supported/port.o
                0x080022e0                vPortExitCritical
 .text.xPortSysTickHandler
                0x08002314       0x30 ./Middlewares/RTOS2/CMSIS/RTOS2/Core/TZ_Non_Supported/port.o
                0x08002314                xPortSysTickHandler
 .text.vPortSVCHandler_C
                0x08002344       0x32 ./Middlewares/RTOS2/CMSIS/RTOS2/Core/TZ_Non_Supported/port.o
                0x08002344                vPortSVCHandler_C
 *fill*         0x08002376        0x2 
 .text.pxPortInitialiseStack
                0x08002378      0x114 ./Middlewares/RTOS2/CMSIS/RTOS2/Core/TZ_Non_Supported/port.o
                0x08002378                pxPortInitialiseStack
 .text.xPortStartScheduler
                0x0800248c      0x12c ./Middlewares/RTOS2/CMSIS/RTOS2/Core/TZ_Non_Supported/port.o
                0x0800248c                xPortStartScheduler
 .text.vRestoreContextOfFirstTask
                0x080025b8       0x34 ./Middlewares/RTOS2/CMSIS/RTOS2/Core/TZ_Non_Supported/portasm.o
                0x080025b8                vRestoreContextOfFirstTask
 .text.vStartFirstTask
                0x080025ec       0x20 ./Middlewares/RTOS2/CMSIS/RTOS2/Core/TZ_Non_Supported/portasm.o
                0x080025ec                vStartFirstTask
 .text.ulSetInterruptMask
                0x0800260c       0x1a ./Middlewares/RTOS2/CMSIS/RTOS2/Core/TZ_Non_Supported/portasm.o
                0x0800260c                ulSetInterruptMask
 .text.vClearInterruptMask
                0x08002626       0x10 ./Middlewares/RTOS2/CMSIS/RTOS2/Core/TZ_Non_Supported/portasm.o
                0x08002626                vClearInterruptMask
 *fill*         0x08002636        0x2 
 .text.PendSV_Handler
                0x08002638       0x4c ./Middlewares/RTOS2/CMSIS/RTOS2/Core/TZ_Non_Supported/portasm.o
                0x08002638                PendSV_Handler
 .text.SVC_Handler
                0x08002684       0x18 ./Middlewares/RTOS2/CMSIS/RTOS2/Core/TZ_Non_Supported/portasm.o
                0x08002684                SVC_Handler
 .text.xQueueGenericReset
                0x0800269c       0xf2 ./Middlewares/RTOS2/CMSIS/RTOS2/Core/TZ_Non_Supported/queue.o
                0x0800269c                xQueueGenericReset
 .text.xQueueGenericCreateStatic
                0x0800278e       0x92 ./Middlewares/RTOS2/CMSIS/RTOS2/Core/TZ_Non_Supported/queue.o
                0x0800278e                xQueueGenericCreateStatic
 .text.prvInitialiseNewQueue
                0x08002820       0x46 ./Middlewares/RTOS2/CMSIS/RTOS2/Core/TZ_Non_Supported/queue.o
 .text.xQueueReceive
                0x08002866      0x178 ./Middlewares/RTOS2/CMSIS/RTOS2/Core/TZ_Non_Supported/queue.o
                0x08002866                xQueueReceive
 .text.prvCopyDataFromQueue
                0x080029de       0x4c ./Middlewares/RTOS2/CMSIS/RTOS2/Core/TZ_Non_Supported/queue.o
 .text.prvUnlockQueue
                0x08002a2a       0xa4 ./Middlewares/RTOS2/CMSIS/RTOS2/Core/TZ_Non_Supported/queue.o
 .text.prvIsQueueEmpty
                0x08002ace       0x2c ./Middlewares/RTOS2/CMSIS/RTOS2/Core/TZ_Non_Supported/queue.o
 *fill*         0x08002afa        0x2 
 .text.vQueueAddToRegistry
                0x08002afc       0x8c ./Middlewares/RTOS2/CMSIS/RTOS2/Core/TZ_Non_Supported/queue.o
                0x08002afc                vQueueAddToRegistry
 .text.vQueueWaitForMessageRestricted
                0x08002b88       0x68 ./Middlewares/RTOS2/CMSIS/RTOS2/Core/TZ_Non_Supported/queue.o
                0x08002b88                vQueueWaitForMessageRestricted
 .text.prvCreateStaticTask
                0x08002bf0       0x92 ./Middlewares/RTOS2/CMSIS/RTOS2/Core/TZ_Non_Supported/tasks.o
 .text.xTaskCreateStatic
                0x08002c82       0x48 ./Middlewares/RTOS2/CMSIS/RTOS2/Core/TZ_Non_Supported/tasks.o
                0x08002c82                xTaskCreateStatic
 .text.prvCreateTask
                0x08002cca       0x80 ./Middlewares/RTOS2/CMSIS/RTOS2/Core/TZ_Non_Supported/tasks.o
 .text.xTaskCreate
                0x08002d4a       0x46 ./Middlewares/RTOS2/CMSIS/RTOS2/Core/TZ_Non_Supported/tasks.o
                0x08002d4a                xTaskCreate
 .text.prvInitialiseNewTask
                0x08002d90      0x104 ./Middlewares/RTOS2/CMSIS/RTOS2/Core/TZ_Non_Supported/tasks.o
 .text.prvAddNewTaskToReadyList
                0x08002e94      0x124 ./Middlewares/RTOS2/CMSIS/RTOS2/Core/TZ_Non_Supported/tasks.o
 .text.vTaskDelay
                0x08002fb8       0x4c ./Middlewares/RTOS2/CMSIS/RTOS2/Core/TZ_Non_Supported/tasks.o
                0x08002fb8                vTaskDelay
 .text.prvCreateIdleTasks
                0x08003004       0xec ./Middlewares/RTOS2/CMSIS/RTOS2/Core/TZ_Non_Supported/tasks.o
 .text.vTaskStartScheduler
                0x080030f0       0x68 ./Middlewares/RTOS2/CMSIS/RTOS2/Core/TZ_Non_Supported/tasks.o
                0x080030f0                vTaskStartScheduler
 .text.vTaskSuspendAll
                0x08003158       0x1c ./Middlewares/RTOS2/CMSIS/RTOS2/Core/TZ_Non_Supported/tasks.o
                0x08003158                vTaskSuspendAll
 .text.xTaskResumeAll
                0x08003174      0x1f4 ./Middlewares/RTOS2/CMSIS/RTOS2/Core/TZ_Non_Supported/tasks.o
                0x08003174                xTaskResumeAll
 .text.xTaskGetTickCount
                0x08003368       0x20 ./Middlewares/RTOS2/CMSIS/RTOS2/Core/TZ_Non_Supported/tasks.o
                0x08003368                xTaskGetTickCount
 .text.xTaskIncrementTick
                0x08003388      0x224 ./Middlewares/RTOS2/CMSIS/RTOS2/Core/TZ_Non_Supported/tasks.o
                0x08003388                xTaskIncrementTick
 .text.vTaskSwitchContext
                0x080035ac       0xac ./Middlewares/RTOS2/CMSIS/RTOS2/Core/TZ_Non_Supported/tasks.o
                0x080035ac                vTaskSwitchContext
 .text.vTaskPlaceOnEventList
                0x08003658       0x3c ./Middlewares/RTOS2/CMSIS/RTOS2/Core/TZ_Non_Supported/tasks.o
                0x08003658                vTaskPlaceOnEventList
 .text.vTaskPlaceOnEventListRestricted
                0x08003694       0x7c ./Middlewares/RTOS2/CMSIS/RTOS2/Core/TZ_Non_Supported/tasks.o
                0x08003694                vTaskPlaceOnEventListRestricted
 .text.xTaskRemoveFromEventList
                0x08003710      0x1a0 ./Middlewares/RTOS2/CMSIS/RTOS2/Core/TZ_Non_Supported/tasks.o
                0x08003710                xTaskRemoveFromEventList
 .text.vTaskInternalSetTimeOutState
                0x080038b0       0x2c ./Middlewares/RTOS2/CMSIS/RTOS2/Core/TZ_Non_Supported/tasks.o
                0x080038b0                vTaskInternalSetTimeOutState
 .text.xTaskCheckForTimeOut
                0x080038dc       0xd0 ./Middlewares/RTOS2/CMSIS/RTOS2/Core/TZ_Non_Supported/tasks.o
                0x080038dc                xTaskCheckForTimeOut
 .text.vTaskMissedYield
                0x080039ac       0x18 ./Middlewares/RTOS2/CMSIS/RTOS2/Core/TZ_Non_Supported/tasks.o
                0x080039ac                vTaskMissedYield
 .text.prvIdleTask
                0x080039c4       0x20 ./Middlewares/RTOS2/CMSIS/RTOS2/Core/TZ_Non_Supported/tasks.o
 .text.prvInitialiseTaskLists
                0x080039e4       0x80 ./Middlewares/RTOS2/CMSIS/RTOS2/Core/TZ_Non_Supported/tasks.o
 .text.prvCheckTasksWaitingTermination
                0x08003a64       0x5c ./Middlewares/RTOS2/CMSIS/RTOS2/Core/TZ_Non_Supported/tasks.o
 .text.prvDeleteTCB
                0x08003ac0       0x50 ./Middlewares/RTOS2/CMSIS/RTOS2/Core/TZ_Non_Supported/tasks.o
 .text.prvResetNextTaskUnblockTime
                0x08003b10       0x38 ./Middlewares/RTOS2/CMSIS/RTOS2/Core/TZ_Non_Supported/tasks.o
 .text.xTaskGetSchedulerState
                0x08003b48       0x3c ./Middlewares/RTOS2/CMSIS/RTOS2/Core/TZ_Non_Supported/tasks.o
                0x08003b48                xTaskGetSchedulerState
 .text.prvAddCurrentTaskToDelayedList
                0x08003b84       0xec ./Middlewares/RTOS2/CMSIS/RTOS2/Core/TZ_Non_Supported/tasks.o
 .text.vApplicationGetIdleTaskMemory
                0x08003c70       0x34 ./Middlewares/RTOS2/CMSIS/RTOS2/Core/TZ_Non_Supported/tasks.o
                0x08003c70                vApplicationGetIdleTaskMemory
 .text.vApplicationGetTimerTaskMemory
                0x08003ca4       0x34 ./Middlewares/RTOS2/CMSIS/RTOS2/Core/TZ_Non_Supported/tasks.o
                0x08003ca4                vApplicationGetTimerTaskMemory
 .text.xTimerCreateTimerTask
                0x08003cd8       0x80 ./Middlewares/RTOS2/CMSIS/RTOS2/Core/TZ_Non_Supported/timers.o
                0x08003cd8                xTimerCreateTimerTask
 .text.prvReloadTimer
                0x08003d58       0x42 ./Middlewares/RTOS2/CMSIS/RTOS2/Core/TZ_Non_Supported/timers.o
 *fill*         0x08003d9a        0x2 
 .text.prvProcessExpiredTimer
                0x08003d9c       0x60 ./Middlewares/RTOS2/CMSIS/RTOS2/Core/TZ_Non_Supported/timers.o
 .text.prvTimerTask
                0x08003dfc       0x26 ./Middlewares/RTOS2/CMSIS/RTOS2/Core/TZ_Non_Supported/timers.o
 *fill*         0x08003e22        0x2 
 .text.prvProcessTimerOrBlockTask
                0x08003e24       0x8c ./Middlewares/RTOS2/CMSIS/RTOS2/Core/TZ_Non_Supported/timers.o
 .text.prvGetNextExpireTime
                0x08003eb0       0x48 ./Middlewares/RTOS2/CMSIS/RTOS2/Core/TZ_Non_Supported/timers.o
 .text.prvSampleTimeNow
                0x08003ef8       0x40 ./Middlewares/RTOS2/CMSIS/RTOS2/Core/TZ_Non_Supported/timers.o
 .text.prvInsertTimerInActiveList
                0x08003f38       0x84 ./Middlewares/RTOS2/CMSIS/RTOS2/Core/TZ_Non_Supported/timers.o
 .text.prvProcessReceivedCommands
                0x08003fbc      0x1b0 ./Middlewares/RTOS2/CMSIS/RTOS2/Core/TZ_Non_Supported/timers.o
 .text.prvSwitchTimerLists
                0x0800416c       0x4c ./Middlewares/RTOS2/CMSIS/RTOS2/Core/TZ_Non_Supported/timers.o
 .text.prvCheckForValidListAndQueue
                0x080041b8       0x80 ./Middlewares/RTOS2/CMSIS/RTOS2/Core/TZ_Non_Supported/timers.o
 .text.pvPortMalloc
                0x08004238       0xa8 ./Middlewares/RTOS2/CMSIS/RTOS2/Heap/Heap_1/heap_1.o
                0x08004238                pvPortMalloc
 .text.vPortFree
                0x080042e0       0x1e ./Middlewares/RTOS2/CMSIS/RTOS2/Heap/Heap_1/heap_1.o
                0x080042e0                vPortFree
 .text.memset   0x080042fe       0x10 C:/ST/STM32CubeIDE_2.0.0/STM32CubeIDE/plugins/com.st.stm32cube.ide.mcu.externaltools.gnu-tools-for-stm32.14.3.rel1.win32_1.0.100.202602081740/tools/bin/../lib/gcc/arm-none-eabi/14.3.1/../../../../arm-none-eabi/lib/thumb/v8-m.main+fp/hard\libc_nano.a(libc_a-memset.o)
                0x080042fe                memset
 *fill*         0x0800430e        0x2 
 .text.__libc_init_array
                0x08004310       0x48 C:/ST/STM32CubeIDE_2.0.0/STM32CubeIDE/plugins/com.st.stm32cube.ide.mcu.externaltools.gnu-tools-for-stm32.14.3.rel1.win32_1.0.100.202602081740/tools/bin/../lib/gcc/arm-none-eabi/14.3.1/../../../../arm-none-eabi/lib/thumb/v8-m.main+fp/hard\libc_nano.a(libc_a-init.o)
                0x08004310                __libc_init_array
 .text.memcpy   0x08004358       0x1a C:/ST/STM32CubeIDE_2.0.0/STM32CubeIDE/plugins/com.st.stm32cube.ide.mcu.externaltools.gnu-tools-for-stm32.14.3.rel1.win32_1.0.100.202602081740/tools/bin/../lib/gcc/arm-none-eabi/14.3.1/../../../../arm-none-eabi/lib/thumb/v8-m.main+fp/hard\libc_nano.a(libc_a-memcpy-stub.o)
                0x08004358                memcpy
 *(.glue_7)
 .glue_7        0x08004372        0x0 linker stubs
 *(.glue_7t)
 .glue_7t       0x08004372        0x0 linker stubs
 *(.eh_frame)
 *fill*         0x08004372        0x2 
 .eh_frame      0x08004374        0x0 C:/ST/STM32CubeIDE_2.0.0/STM32CubeIDE/plugins/com.st.stm32cube.ide.mcu.externaltools.gnu-tools-for-stm32.14.3.rel1.win32_1.0.100.202602081740/tools/bin/../lib/gcc/arm-none-eabi/14.3.1/thumb/v8-m.main+fp/hard/crtbegin.o
 *(.init)
 .init          0x08004374        0x4 C:/ST/STM32CubeIDE_2.0.0/STM32CubeIDE/plugins/com.st.stm32cube.ide.mcu.externaltools.gnu-tools-for-stm32.14.3.rel1.win32_1.0.100.202602081740/tools/bin/../lib/gcc/arm-none-eabi/14.3.1/thumb/v8-m.main+fp/hard/crti.o
                0x08004374                _init
 .init          0x08004378        0x8 C:/ST/STM32CubeIDE_2.0.0/STM32CubeIDE/plugins/com.st.stm32cube.ide.mcu.externaltools.gnu-tools-for-stm32.14.3.rel1.win32_1.0.100.202602081740/tools/bin/../lib/gcc/arm-none-eabi/14.3.1/thumb/v8-m.main+fp/hard/crtn.o
 *(.fini)
 .fini          0x08004380        0x4 C:/ST/STM32CubeIDE_2.0.0/STM32CubeIDE/plugins/com.st.stm32cube.ide.mcu.externaltools.gnu-tools-for-stm32.14.3.rel1.win32_1.0.100.202602081740/tools/bin/../lib/gcc/arm-none-eabi/14.3.1/thumb/v8-m.main+fp/hard/crti.o
                0x08004380                _fini
 .fini          0x08004384        0x8 C:/ST/STM32CubeIDE_2.0.0/STM32CubeIDE/plugins/com.st.stm32cube.ide.mcu.externaltools.gnu-tools-for-stm32.14.3.rel1.win32_1.0.100.202602081740/tools/bin/../lib/gcc/arm-none-eabi/14.3.1/thumb/v8-m.main+fp/hard/crtn.o
                0x0800438c                        . = ALIGN (0x4)
                0x0800438c                        _etext = .

.vfp11_veneer   0x0800438c        0x0
 .vfp11_veneer  0x0800438c        0x0 linker stubs

.v4_bx          0x0800438c        0x0
 .v4_bx         0x0800438c        0x0 linker stubs

.iplt           0x0800438c        0x0
 .iplt          0x0800438c        0x0 C:/ST/STM32CubeIDE_2.0.0/STM32CubeIDE/plugins/com.st.stm32cube.ide.mcu.externaltools.gnu-tools-for-stm32.14.3.rel1.win32_1.0.100.202602081740/tools/bin/../lib/gcc/arm-none-eabi/14.3.1/thumb/v8-m.main+fp/hard/crtbegin.o

.rodata         0x0800438c       0x8c
                0x0800438c                        . = ALIGN (0x4)
 *(.rodata)
 .rodata        0x0800438c       0x15 ./Application/User/Core/app_freertos.o
 *fill*         0x080043a1        0x3 
 .rodata        0x080043a4        0x5 ./Middlewares/RTOS2/CMSIS/RTOS2/Core/TZ_Non_Supported/tasks.o
 *fill*         0x080043a9        0x3 
 .rodata        0x080043ac        0xd ./Middlewares/RTOS2/CMSIS/RTOS2/Core/TZ_Non_Supported/timers.o
 *(.rodata*)
 *fill*         0x080043b9        0x3 
 .rodata.defaultTask_attributes
                0x080043bc       0x24 ./Application/User/Core/app_freertos.o
                0x080043bc                defaultTask_attributes
 .rodata.myTask02_attributes
                0x080043e0       0x24 ./Application/User/Core/app_freertos.o
                0x080043e0                myTask02_attributes
 .rodata.AHBPrescTable
                0x08004404        0x8 ./Drivers/CMSIS/system_stm32wbaxx.o
                0x08004404                AHBPrescTable
 .rodata.APBPrescTable
                0x0800440c        0x8 ./Drivers/CMSIS/system_stm32wbaxx.o
                0x0800440c                APBPrescTable
 .rodata.uxTopUsedPriority
                0x08004414        0x4 ./Middlewares/RTOS2/CMSIS/RTOS2/Core/TZ_Non_Supported/tasks.o
                0x08004418                        . = ALIGN (0x4)

.ARM.extab      0x08004418        0x0
                0x08004418                        . = ALIGN (0x4)
 *(.ARM.extab* .gnu.linkonce.armextab.*)
                0x08004418                        . = ALIGN (0x4)

.ARM            0x08004418        0x0
                0x08004418                        . = ALIGN (0x4)
                0x08004418                        __exidx_start = .
 *(.ARM.exidx*)
                0x08004418                        __exidx_end = .
                0x08004418                        . = ALIGN (0x4)

.preinit_array  0x08004418        0x0
                0x08004418                        . = ALIGN (0x4)
                0x08004418                        PROVIDE (__preinit_array_start = .)
 *(.preinit_array*)
                0x08004418                        PROVIDE (__preinit_array_end = .)
                0x08004418                        . = ALIGN (0x4)

.init_array     0x08004418        0x4
                0x08004418                        . = ALIGN (0x4)
                0x08004418                        PROVIDE (__init_array_start = .)
 *(SORT_BY_NAME(.init_array.*))
 *(.init_array*)
 .init_array    0x08004418        0x4 C:/ST/STM32CubeIDE_2.0.0/STM32CubeIDE/plugins/com.st.stm32cube.ide.mcu.externaltools.gnu-tools-for-stm32.14.3.rel1.win32_1.0.100.202602081740/tools/bin/../lib/gcc/arm-none-eabi/14.3.1/thumb/v8-m.main+fp/hard/crtbegin.o
                0x0800441c                        PROVIDE (__init_array_end = .)
                0x0800441c                        . = ALIGN (0x4)

.fini_array     0x0800441c        0x4
                0x0800441c                        . = ALIGN (0x4)
                [!provide]                        PROVIDE (__fini_array_start = .)
 *(SORT_BY_NAME(.fini_array.*))
 *(.fini_array*)
 .fini_array    0x0800441c        0x4 C:/ST/STM32CubeIDE_2.0.0/STM32CubeIDE/plugins/com.st.stm32cube.ide.mcu.externaltools.gnu-tools-for-stm32.14.3.rel1.win32_1.0.100.202602081740/tools/bin/../lib/gcc/arm-none-eabi/14.3.1/thumb/v8-m.main+fp/hard/crtbegin.o
                [!provide]                        PROVIDE (__fini_array_end = .)
                0x08004420                        . = ALIGN (0x4)
                0x08004420                        _sidata = LOADADDR (.data)

.rel.dyn        0x08004420        0x0
 .rel.iplt      0x08004420        0x0 C:/ST/STM32CubeIDE_2.0.0/STM32CubeIDE/plugins/com.st.stm32cube.ide.mcu.externaltools.gnu-tools-for-stm32.14.3.rel1.win32_1.0.100.202602081740/tools/bin/../lib/gcc/arm-none-eabi/14.3.1/thumb/v8-m.main+fp/hard/crtbegin.o

.data           0x20000000       0x10 load address 0x08004420
                0x20000000                        . = ALIGN (0x4)
                0x20000000                        _sdata = .
 *(.data)
 *(.data*)
 .data.SystemCoreClock
                0x20000000        0x4 ./Drivers/CMSIS/system_stm32wbaxx.o
                0x20000000                SystemCoreClock
 .data.uwTickPrio
                0x20000004        0x4 ./Drivers/STM32WBAxx_HAL_Driver/stm32wbaxx_hal.o
                0x20000004                uwTickPrio
 .data.uwTickFreq
                0x20000008        0x1 ./Drivers/STM32WBAxx_HAL_Driver/stm32wbaxx_hal.o
                0x20000008                uwTickFreq
 *fill*         0x20000009        0x3 
 .data.ulCriticalNesting
                0x2000000c        0x4 ./Middlewares/RTOS2/CMSIS/RTOS2/Core/TZ_Non_Supported/port.o
 *(.RamFunc)
 *(.RamFunc*)
                0x20000010                        . = ALIGN (0x4)
                0x20000010                        _edata = .

.igot.plt       0x20000010        0x0 load address 0x08004430
 .igot.plt      0x20000010        0x0 C:/ST/STM32CubeIDE_2.0.0/STM32CubeIDE/plugins/com.st.stm32cube.ide.mcu.externaltools.gnu-tools-for-stm32.14.3.rel1.win32_1.0.100.202602081740/tools/bin/../lib/gcc/arm-none-eabi/14.3.1/thumb/v8-m.main+fp/hard/crtbegin.o
                0x20000010                        . = ALIGN (0x4)

.bss            0x20000010     0x2bac load address 0x08004430
                0x20000010                        _sbss = .
                0x20000010                        __bss_start__ = _sbss
 *(.bss)
 .bss           0x20000010       0x1c C:/ST/STM32CubeIDE_2.0.0/STM32CubeIDE/plugins/com.st.stm32cube.ide.mcu.externaltools.gnu-tools-for-stm32.14.3.rel1.win32_1.0.100.202602081740/tools/bin/../lib/gcc/arm-none-eabi/14.3.1/thumb/v8-m.main+fp/hard/crtbegin.o
 *(.bss*)
 .bss.defaultTaskHandle
                0x2000002c        0x4 ./Application/User/Core/app_freertos.o
                0x2000002c                defaultTaskHandle
 .bss.myTask02Handle
                0x20000030        0x4 ./Application/User/Core/app_freertos.o
                0x20000030                myTask02Handle
 .bss.htim1     0x20000034       0x4c ./Application/User/Core/stm32wbaxx_hal_timebase_tim.o
                0x20000034                htim1
 .bss.uwTick    0x20000080        0x4 ./Drivers/STM32WBAxx_HAL_Driver/stm32wbaxx_hal.o
                0x20000080                uwTick
 .bss.KernelState
                0x20000084        0x4 ./Middlewares/RTOS2/CMSIS/RTOS2/Core/TZ_Non_Supported/cmsis_os2.o
 .bss.ucMaxSysCallPriority
                0x20000088        0x1 ./Middlewares/RTOS2/CMSIS/RTOS2/Core/TZ_Non_Supported/port.o
 *fill*         0x20000089        0x3 
 .bss.ulMaxPRIGROUPValue
                0x2000008c        0x4 ./Middlewares/RTOS2/CMSIS/RTOS2/Core/TZ_Non_Supported/port.o
 .bss.xQueueRegistry
                0x20000090       0x40 ./Middlewares/RTOS2/CMSIS/RTOS2/Core/TZ_Non_Supported/queue.o
                0x20000090                xQueueRegistry
 .bss.pxCurrentTCB
                0x200000d0        0x4 ./Middlewares/RTOS2/CMSIS/RTOS2/Core/TZ_Non_Supported/tasks.o
                0x200000d0                pxCurrentTCB
 .bss.pxReadyTasksLists
                0x200000d4      0x460 ./Middlewares/RTOS2/CMSIS/RTOS2/Core/TZ_Non_Supported/tasks.o
 .bss.xDelayedTaskList1
                0x20000534       0x14 ./Middlewares/RTOS2/CMSIS/RTOS2/Core/TZ_Non_Supported/tasks.o
 .bss.xDelayedTaskList2
                0x20000548       0x14 ./Middlewares/RTOS2/CMSIS/RTOS2/Core/TZ_Non_Supported/tasks.o
 .bss.pxDelayedTaskList
                0x2000055c        0x4 ./Middlewares/RTOS2/CMSIS/RTOS2/Core/TZ_Non_Supported/tasks.o
 .bss.pxOverflowDelayedTaskList
                0x20000560        0x4 ./Middlewares/RTOS2/CMSIS/RTOS2/Core/TZ_Non_Supported/tasks.o
 .bss.xPendingReadyList
                0x20000564       0x14 ./Middlewares/RTOS2/CMSIS/RTOS2/Core/TZ_Non_Supported/tasks.o
 .bss.xTasksWaitingTermination
                0x20000578       0x14 ./Middlewares/RTOS2/CMSIS/RTOS2/Core/TZ_Non_Supported/tasks.o
 .bss.uxDeletedTasksWaitingCleanUp
                0x2000058c        0x4 ./Middlewares/RTOS2/CMSIS/RTOS2/Core/TZ_Non_Supported/tasks.o
 .bss.xSuspendedTaskList
                0x20000590       0x14 ./Middlewares/RTOS2/CMSIS/RTOS2/Core/TZ_Non_Supported/tasks.o
 .bss.uxCurrentNumberOfTasks
                0x200005a4        0x4 ./Middlewares/RTOS2/CMSIS/RTOS2/Core/TZ_Non_Supported/tasks.o
 .bss.xTickCount
                0x200005a8        0x4 ./Middlewares/RTOS2/CMSIS/RTOS2/Core/TZ_Non_Supported/tasks.o
 .bss.uxTopReadyPriority
                0x200005ac        0x4 ./Middlewares/RTOS2/CMSIS/RTOS2/Core/TZ_Non_Supported/tasks.o
 .bss.xSchedulerRunning
                0x200005b0        0x4 ./Middlewares/RTOS2/CMSIS/RTOS2/Core/TZ_Non_Supported/tasks.o
 .bss.xPendedTicks
                0x200005b4        0x4 ./Middlewares/RTOS2/CMSIS/RTOS2/Core/TZ_Non_Supported/tasks.o
 .bss.xYieldPendings
                0x200005b8        0x4 ./Middlewares/RTOS2/CMSIS/RTOS2/Core/TZ_Non_Supported/tasks.o
 .bss.xNumOfOverflows
                0x200005bc        0x4 ./Middlewares/RTOS2/CMSIS/RTOS2/Core/TZ_Non_Supported/tasks.o
 .bss.uxTaskNumber
                0x200005c0        0x4 ./Middlewares/RTOS2/CMSIS/RTOS2/Core/TZ_Non_Supported/tasks.o
 .bss.xNextTaskUnblockTime
                0x200005c4        0x4 ./Middlewares/RTOS2/CMSIS/RTOS2/Core/TZ_Non_Supported/tasks.o
 .bss.xIdleTaskHandles
                0x200005c8        0x4 ./Middlewares/RTOS2/CMSIS/RTOS2/Core/TZ_Non_Supported/tasks.o
 .bss.uxSchedulerSuspended
                0x200005cc        0x4 ./Middlewares/RTOS2/CMSIS/RTOS2/Core/TZ_Non_Supported/tasks.o
 .bss.xIdleTaskTCB.3
                0x200005d0       0x5c ./Middlewares/RTOS2/CMSIS/RTOS2/Core/TZ_Non_Supported/tasks.o
 .bss.uxIdleTaskStack.2
                0x2000062c      0x200 ./Middlewares/RTOS2/CMSIS/RTOS2/Core/TZ_Non_Supported/tasks.o
 .bss.xTimerTaskTCB.1
                0x2000082c       0x5c ./Middlewares/RTOS2/CMSIS/RTOS2/Core/TZ_Non_Supported/tasks.o
 .bss.uxTimerTaskStack.0
                0x20000888      0x200 ./Middlewares/RTOS2/CMSIS/RTOS2/Core/TZ_Non_Supported/tasks.o
 .bss.xActiveTimerList1
                0x20000a88       0x14 ./Middlewares/RTOS2/CMSIS/RTOS2/Core/TZ_Non_Supported/timers.o
 .bss.xActiveTimerList2
                0x20000a9c       0x14 ./Middlewares/RTOS2/CMSIS/RTOS2/Core/TZ_Non_Supported/timers.o
 .bss.pxCurrentTimerList
                0x20000ab0        0x4 ./Middlewares/RTOS2/CMSIS/RTOS2/Core/TZ_Non_Supported/timers.o
 .bss.pxOverflowTimerList
                0x20000ab4        0x4 ./Middlewares/RTOS2/CMSIS/RTOS2/Core/TZ_Non_Supported/timers.o
 .bss.xTimerQueue
                0x20000ab8        0x4 ./Middlewares/RTOS2/CMSIS/RTOS2/Core/TZ_Non_Supported/timers.o
 .bss.xTimerTaskHandle
                0x20000abc        0x4 ./Middlewares/RTOS2/CMSIS/RTOS2/Core/TZ_Non_Supported/timers.o
 .bss.xLastTime.2
                0x20000ac0        0x4 ./Middlewares/RTOS2/CMSIS/RTOS2/Core/TZ_Non_Supported/timers.o
 .bss.ucStaticTimerQueueStorage.1
                0x20000ac4       0xa0 ./Middlewares/RTOS2/CMSIS/RTOS2/Core/TZ_Non_Supported/timers.o
 .bss.xStaticTimerQueue.0
                0x20000b64       0x50 ./Middlewares/RTOS2/CMSIS/RTOS2/Core/TZ_Non_Supported/timers.o
 .bss.ucHeap    0x20000bb4     0x2000 ./Middlewares/RTOS2/CMSIS/RTOS2/Heap/Heap_1/heap_1.o
 .bss.xNextFreeByte
                0x20002bb4        0x4 ./Middlewares/RTOS2/CMSIS/RTOS2/Heap/Heap_1/heap_1.o
 .bss.pucAlignedHeap.0
                0x20002bb8        0x4 ./Middlewares/RTOS2/CMSIS/RTOS2/Heap/Heap_1/heap_1.o
 *(COMMON)
                0x20002bbc                        . = ALIGN (0x4)
                0x20002bbc                        _ebss = .
                0x20002bbc                        __bss_end__ = _ebss

._user_heap_stack
                0x20002bbc      0x604 load address 0x08004430
                0x20002bc0                        . = ALIGN (0x8)
 *fill*         0x20002bbc        0x4 
                [!provide]                        PROVIDE (end = .)
                0x20002bc0                        PROVIDE (_end = .)
                0x20002dc0                        . = (. + _Min_Heap_Size)
 *fill*         0x20002bc0      0x200 
                0x200031c0                        . = (. + _Min_Stack_Size)
 *fill*         0x20002dc0      0x400 
                0x200031c0                        . = ALIGN (0x8)

/DISCARD/
 libc.a(*)
 libm.a(*)
 libgcc.a(*)

.ARM.attributes
                0x00000000       0x36
 *(.ARM.attributes)
 .ARM.attributes
                0x00000000       0x26 C:/ST/STM32CubeIDE_2.0.0/STM32CubeIDE/plugins/com.st.stm32cube.ide.mcu.externaltools.gnu-tools-for-stm32.14.3.rel1.win32_1.0.100.202602081740/tools/bin/../lib/gcc/arm-none-eabi/14.3.1/thumb/v8-m.main+fp/hard/crti.o
 .ARM.attributes
                0x00000026       0x38 C:/ST/STM32CubeIDE_2.0.0/STM32CubeIDE/plugins/com.st.stm32cube.ide.mcu.externaltools.gnu-tools-for-stm32.14.3.rel1.win32_1.0.100.202602081740/tools/bin/../lib/gcc/arm-none-eabi/14.3.1/thumb/v8-m.main+fp/hard/crtbegin.o
 .ARM.attributes
                0x0000005e       0x3a ./Application/User/Core/app_freertos.o
 .ARM.attributes
                0x00000098       0x3a ./Application/User/Core/main.o
 .ARM.attributes
                0x000000d2       0x3a ./Application/User/Core/stm32wbaxx_hal_msp.o
 .ARM.attributes
                0x0000010c       0x3a ./Application/User/Core/stm32wbaxx_hal_timebase_tim.o
 .ARM.attributes
                0x00000146       0x3a ./Application/User/Core/stm32wbaxx_it.o
 .ARM.attributes
                0x00000180       0x24 ./Application/User/Startup/startup_stm32wba65rivx.o
 .ARM.attributes
                0x000001a4       0x3a ./Drivers/CMSIS/system_stm32wbaxx.o
 .ARM.attributes
                0x000001de       0x3a ./Drivers/STM32WBAxx_HAL_Driver/stm32wbaxx_hal.o
 .ARM.attributes
                0x00000218       0x3a ./Drivers/STM32WBAxx_HAL_Driver/stm32wbaxx_hal_cortex.o
 .ARM.attributes
                0x00000252       0x3a ./Drivers/STM32WBAxx_HAL_Driver/stm32wbaxx_hal_icache.o
 .ARM.attributes
                0x0000028c       0x3a ./Drivers/STM32WBAxx_HAL_Driver/stm32wbaxx_hal_pwr_ex.o
 .ARM.attributes
                0x000002c6       0x3a ./Drivers/STM32WBAxx_HAL_Driver/stm32wbaxx_hal_rcc.o
 .ARM.attributes
                0x00000300       0x3a ./Drivers/STM32WBAxx_HAL_Driver/stm32wbaxx_hal_tim.o
 .ARM.attributes
                0x0000033a       0x3a ./Drivers/STM32WBAxx_HAL_Driver/stm32wbaxx_hal_tim_ex.o
 .ARM.attributes
                0x00000374       0x3a ./Middlewares/RTOS2/CMSIS/RTOS2/Core/TZ_Non_Supported/cmsis_os2.o
 .ARM.attributes
                0x000003ae       0x3a ./Middlewares/RTOS2/CMSIS/RTOS2/Core/TZ_Non_Supported/list.o
 .ARM.attributes
                0x000003e8       0x3a ./Middlewares/RTOS2/CMSIS/RTOS2/Core/TZ_Non_Supported/port.o
 .ARM.attributes
                0x00000422       0x3a ./Middlewares/RTOS2/CMSIS/RTOS2/Core/TZ_Non_Supported/portasm.o
 .ARM.attributes
                0x0000045c       0x3a ./Middlewares/RTOS2/CMSIS/RTOS2/Core/TZ_Non_Supported/queue.o
 .ARM.attributes
                0x00000496       0x3a ./Middlewares/RTOS2/CMSIS/RTOS2/Core/TZ_Non_Supported/tasks.o
 .ARM.attributes
                0x000004d0       0x3a ./Middlewares/RTOS2/CMSIS/RTOS2/Core/TZ_Non_Supported/timers.o
 .ARM.attributes
                0x0000050a       0x3a ./Middlewares/RTOS2/CMSIS/RTOS2/Heap/Heap_1/heap_1.o
 .ARM.attributes
                0x00000544       0x38 C:/ST/STM32CubeIDE_2.0.0/STM32CubeIDE/plugins/com.st.stm32cube.ide.mcu.externaltools.gnu-tools-for-stm32.14.3.rel1.win32_1.0.100.202602081740/tools/bin/../lib/gcc/arm-none-eabi/14.3.1/../../../../arm-none-eabi/lib/thumb/v8-m.main+fp/hard\libc_nano.a(libc_a-memset.o)
 .ARM.attributes
                0x0000057c       0x38 C:/ST/STM32CubeIDE_2.0.0/STM32CubeIDE/plugins/com.st.stm32cube.ide.mcu.externaltools.gnu-tools-for-stm32.14.3.rel1.win32_1.0.100.202602081740/tools/bin/../lib/gcc/arm-none-eabi/14.3.1/../../../../arm-none-eabi/lib/thumb/v8-m.main+fp/hard\libc_nano.a(libc_a-init.o)
 .ARM.attributes
                0x000005b4       0x38 C:/ST/STM32CubeIDE_2.0.0/STM32CubeIDE/plugins/com.st.stm32cube.ide.mcu.externaltools.gnu-tools-for-stm32.14.3.rel1.win32_1.0.100.202602081740/tools/bin/../lib/gcc/arm-none-eabi/14.3.1/../../../../arm-none-eabi/lib/thumb/v8-m.main+fp/hard\libc_nano.a(libc_a-memcpy-stub.o)
 .ARM.attributes
                0x000005ec       0x26 C:/ST/STM32CubeIDE_2.0.0/STM32CubeIDE/plugins/com.st.stm32cube.ide.mcu.externaltools.gnu-tools-for-stm32.14.3.rel1.win32_1.0.100.202602081740/tools/bin/../lib/gcc/arm-none-eabi/14.3.1/thumb/v8-m.main+fp/hard/crtn.o
OUTPUT(stm32wba65ri.elf elf32-littlearm)
LOAD linker stubs
LOAD C:/ST/STM32CubeIDE_2.0.0/STM32CubeIDE/plugins/com.st.stm32cube.ide.mcu.externaltools.gnu-tools-for-stm32.14.3.rel1.win32_1.0.100.202602081740/tools/bin/../lib/gcc/arm-none-eabi/14.3.1/../../../../arm-none-eabi/lib/thumb/v8-m.main+fp/hard\libc.a
LOAD C:/ST/STM32CubeIDE_2.0.0/STM32CubeIDE/plugins/com.st.stm32cube.ide.mcu.externaltools.gnu-tools-for-stm32.14.3.rel1.win32_1.0.100.202602081740/tools/bin/../lib/gcc/arm-none-eabi/14.3.1/../../../../arm-none-eabi/lib/thumb/v8-m.main+fp/hard\libm.a
LOAD C:/ST/STM32CubeIDE_2.0.0/STM32CubeIDE/plugins/com.st.stm32cube.ide.mcu.externaltools.gnu-tools-for-stm32.14.3.rel1.win32_1.0.100.202602081740/tools/bin/../lib/gcc/arm-none-eabi/14.3.1/thumb/v8-m.main+fp/hard\libgcc.a

.debug_info     0x00000000    0x158ba
 .debug_info    0x00000000      0x3e5 ./Application/User/Core/app_freertos.o
 .debug_info    0x000003e5      0xc1f ./Application/User/Core/main.o
 .debug_info    0x00001004      0x6fc ./Application/User/Core/stm32wbaxx_hal_msp.o
 .debug_info    0x00001700     0x10fb ./Application/User/Core/stm32wbaxx_hal_timebase_tim.o
 .debug_info    0x000027fb      0x929 ./Application/User/Core/stm32wbaxx_it.o
 .debug_info    0x00003124       0x30 ./Application/User/Startup/startup_stm32wba65rivx.o
 .debug_info    0x00003154      0x9e2 ./Drivers/CMSIS/system_stm32wbaxx.o
 .debug_info    0x00003b36     0x141c ./Drivers/STM32WBAxx_HAL_Driver/stm32wbaxx_hal.o
 .debug_info    0x00004f52     0x15c2 ./Drivers/STM32WBAxx_HAL_Driver/stm32wbaxx_hal_cortex.o
 .debug_info    0x00006514      0x4d6 ./Drivers/STM32WBAxx_HAL_Driver/stm32wbaxx_hal_icache.o
 .debug_info    0x000069ea      0x841 ./Drivers/STM32WBAxx_HAL_Driver/stm32wbaxx_hal_pwr_ex.o
 .debug_info    0x0000722b     0x11cf ./Drivers/STM32WBAxx_HAL_Driver/stm32wbaxx_hal_rcc.o
 .debug_info    0x000083fa     0x2e37 ./Drivers/STM32WBAxx_HAL_Driver/stm32wbaxx_hal_tim.o
 .debug_info    0x0000b231     0x1e8d ./Drivers/STM32WBAxx_HAL_Driver/stm32wbaxx_hal_tim_ex.o
 .debug_info    0x0000d0be     0x2e5a ./Middlewares/RTOS2/CMSIS/RTOS2/Core/TZ_Non_Supported/cmsis_os2.o
 .debug_info    0x0000ff18      0x2aa ./Middlewares/RTOS2/CMSIS/RTOS2/Core/TZ_Non_Supported/list.o
 .debug_info    0x000101c2      0x3e8 ./Middlewares/RTOS2/CMSIS/RTOS2/Core/TZ_Non_Supported/port.o
 .debug_info    0x000105aa      0x151 ./Middlewares/RTOS2/CMSIS/RTOS2/Core/TZ_Non_Supported/portasm.o
 .debug_info    0x000106fb     0x16ac ./Middlewares/RTOS2/CMSIS/RTOS2/Core/TZ_Non_Supported/queue.o
 .debug_info    0x00011da7     0x256e ./Middlewares/RTOS2/CMSIS/RTOS2/Core/TZ_Non_Supported/tasks.o
 .debug_info    0x00014315     0x13c9 ./Middlewares/RTOS2/CMSIS/RTOS2/Core/TZ_Non_Supported/timers.o
 .debug_info    0x000156de      0x1dc ./Middlewares/RTOS2/CMSIS/RTOS2/Heap/Heap_1/heap_1.o

.debug_abbrev   0x00000000     0x2fcc
 .debug_abbrev  0x00000000      0x156 ./Application/User/Core/app_freertos.o
 .debug_abbrev  0x00000156      0x298 ./Application/User/Core/main.o
 .debug_abbrev  0x000003ee      0x11f ./Application/User/Core/stm32wbaxx_hal_msp.o
 .debug_abbrev  0x0000050d      0x22a ./Application/User/Core/stm32wbaxx_hal_timebase_tim.o
 .debug_abbrev  0x00000737      0x1af ./Application/User/Core/stm32wbaxx_it.o
 .debug_abbrev  0x000008e6       0x24 ./Application/User/Startup/startup_stm32wba65rivx.o
 .debug_abbrev  0x0000090a      0x13e ./Drivers/CMSIS/system_stm32wbaxx.o
 .debug_abbrev  0x00000a48      0x332 ./Drivers/STM32WBAxx_HAL_Driver/stm32wbaxx_hal.o
 .debug_abbrev  0x00000d7a      0x33e ./Drivers/STM32WBAxx_HAL_Driver/stm32wbaxx_hal_cortex.o
 .debug_abbrev  0x000010b8      0x228 ./Drivers/STM32WBAxx_HAL_Driver/stm32wbaxx_hal_icache.o
 .debug_abbrev  0x000012e0      0x1d3 ./Drivers/STM32WBAxx_HAL_Driver/stm32wbaxx_hal_pwr_ex.o
 .debug_abbrev  0x000014b3      0x2da ./Drivers/STM32WBAxx_HAL_Driver/stm32wbaxx_hal_rcc.o
 .debug_abbrev  0x0000178d      0x2bd ./Drivers/STM32WBAxx_HAL_Driver/stm32wbaxx_hal_tim.o
 .debug_abbrev  0x00001a4a      0x2c7 ./Drivers/STM32WBAxx_HAL_Driver/stm32wbaxx_hal_tim_ex.o
 .debug_abbrev  0x00001d11      0x47e ./Middlewares/RTOS2/CMSIS/RTOS2/Core/TZ_Non_Supported/cmsis_os2.o
 .debug_abbrev  0x0000218f       0xee ./Middlewares/RTOS2/CMSIS/RTOS2/Core/TZ_Non_Supported/list.o
 .debug_abbrev  0x0000227d      0x1c8 ./Middlewares/RTOS2/CMSIS/RTOS2/Core/TZ_Non_Supported/port.o
 .debug_abbrev  0x00002445       0xb8 ./Middlewares/RTOS2/CMSIS/RTOS2/Core/TZ_Non_Supported/portasm.o
 .debug_abbrev  0x000024fd      0x324 ./Middlewares/RTOS2/CMSIS/RTOS2/Core/TZ_Non_Supported/queue.o
 .debug_abbrev  0x00002821      0x329 ./Middlewares/RTOS2/CMSIS/RTOS2/Core/TZ_Non_Supported/tasks.o
 .debug_abbrev  0x00002b4a      0x33f ./Middlewares/RTOS2/CMSIS/RTOS2/Core/TZ_Non_Supported/timers.o
 .debug_abbrev  0x00002e89      0x143 ./Middlewares/RTOS2/CMSIS/RTOS2/Heap/Heap_1/heap_1.o

.debug_aranges  0x00000000     0x1628
 .debug_aranges
                0x00000000       0x30 ./Application/User/Core/app_freertos.o
 .debug_aranges
                0x00000030       0x40 ./Application/User/Core/main.o
 .debug_aranges
                0x00000070       0x20 ./Application/User/Core/stm32wbaxx_hal_msp.o
 .debug_aranges
                0x00000090       0x30 ./Application/User/Core/stm32wbaxx_hal_timebase_tim.o
 .debug_aranges
                0x000000c0       0x50 ./Application/User/Core/stm32wbaxx_it.o
 .debug_aranges
                0x00000110       0x28 ./Application/User/Startup/startup_stm32wba65rivx.o
 .debug_aranges
                0x00000138       0x28 ./Drivers/CMSIS/system_stm32wbaxx.o
 .debug_aranges
                0x00000160      0x188 ./Drivers/STM32WBAxx_HAL_Driver/stm32wbaxx_hal.o
 .debug_aranges
                0x000002e8      0x140 ./Drivers/STM32WBAxx_HAL_Driver/stm32wbaxx_hal_cortex.o
 .debug_aranges
                0x00000428       0xa8 ./Drivers/STM32WBAxx_HAL_Driver/stm32wbaxx_hal_icache.o
 .debug_aranges
                0x000004d0      0x190 ./Drivers/STM32WBAxx_HAL_Driver/stm32wbaxx_hal_pwr_ex.o
 .debug_aranges
                0x00000660       0xc8 ./Drivers/STM32WBAxx_HAL_Driver/stm32wbaxx_hal_rcc.o
 .debug_aranges
                0x00000728      0x3e8 ./Drivers/STM32WBAxx_HAL_Driver/stm32wbaxx_hal_tim.o
 .debug_aranges
                0x00000b10      0x240 ./Drivers/STM32WBAxx_HAL_Driver/stm32wbaxx_hal_tim_ex.o
 .debug_aranges
                0x00000d50      0x298 ./Middlewares/RTOS2/CMSIS/RTOS2/Core/TZ_Non_Supported/cmsis_os2.o
 .debug_aranges
                0x00000fe8       0x40 ./Middlewares/RTOS2/CMSIS/RTOS2/Core/TZ_Non_Supported/list.o
 .debug_aranges
                0x00001028       0x78 ./Middlewares/RTOS2/CMSIS/RTOS2/Core/TZ_Non_Supported/port.o
 .debug_aranges
                0x000010a0       0x60 ./Middlewares/RTOS2/CMSIS/RTOS2/Core/TZ_Non_Supported/portasm.o
 .debug_aranges
                0x00001100      0x170 ./Middlewares/RTOS2/CMSIS/RTOS2/Core/TZ_Non_Supported/queue.o
 .debug_aranges
                0x00001270      0x260 ./Middlewares/RTOS2/CMSIS/RTOS2/Core/TZ_Non_Supported/tasks.o
 .debug_aranges
                0x000014d0      0x118 ./Middlewares/RTOS2/CMSIS/RTOS2/Core/TZ_Non_Supported/timers.o
 .debug_aranges
                0x000015e8       0x40 ./Middlewares/RTOS2/CMSIS/RTOS2/Heap/Heap_1/heap_1.o

.debug_rnglists
                0x00000000     0x1109
 .debug_rnglists
                0x00000000       0x1f ./Application/User/Core/app_freertos.o
 .debug_rnglists
                0x0000001f       0x2c ./Application/User/Core/main.o
 .debug_rnglists
                0x0000004b       0x13 ./Application/User/Core/stm32wbaxx_hal_msp.o
 .debug_rnglists
                0x0000005e       0x20 ./Application/User/Core/stm32wbaxx_hal_timebase_tim.o
 .debug_rnglists
                0x0000007e       0x37 ./Application/User/Core/stm32wbaxx_it.o
 .debug_rnglists
                0x000000b5       0x19 ./Application/User/Startup/startup_stm32wba65rivx.o
 .debug_rnglists
                0x000000ce       0x1b ./Drivers/CMSIS/system_stm32wbaxx.o
 .debug_rnglists
                0x000000e9      0x125 ./Drivers/STM32WBAxx_HAL_Driver/stm32wbaxx_hal.o
 .debug_rnglists
                0x0000020e       0xec ./Drivers/STM32WBAxx_HAL_Driver/stm32wbaxx_hal_cortex.o
 .debug_rnglists
                0x000002fa       0x7a ./Drivers/STM32WBAxx_HAL_Driver/stm32wbaxx_hal_icache.o
 .debug_rnglists
                0x00000374      0x12c ./Drivers/STM32WBAxx_HAL_Driver/stm32wbaxx_hal_pwr_ex.o
 .debug_rnglists
                0x000004a0       0x97 ./Drivers/STM32WBAxx_HAL_Driver/stm32wbaxx_hal_rcc.o
 .debug_rnglists
                0x00000537      0x332 ./Drivers/STM32WBAxx_HAL_Driver/stm32wbaxx_hal_tim.o
 .debug_rnglists
                0x00000869      0x1cb ./Drivers/STM32WBAxx_HAL_Driver/stm32wbaxx_hal_tim_ex.o
 .debug_rnglists
                0x00000a34      0x200 ./Middlewares/RTOS2/CMSIS/RTOS2/Core/TZ_Non_Supported/cmsis_os2.o
 .debug_rnglists
                0x00000c34       0x2b ./Middlewares/RTOS2/CMSIS/RTOS2/Core/TZ_Non_Supported/list.o
 .debug_rnglists
                0x00000c5f       0x57 ./Middlewares/RTOS2/CMSIS/RTOS2/Core/TZ_Non_Supported/port.o
 .debug_rnglists
                0x00000cb6       0x43 ./Middlewares/RTOS2/CMSIS/RTOS2/Core/TZ_Non_Supported/portasm.o
 .debug_rnglists
                0x00000cf9      0x11d ./Middlewares/RTOS2/CMSIS/RTOS2/Core/TZ_Non_Supported/queue.o
 .debug_rnglists
                0x00000e16      0x1f4 ./Middlewares/RTOS2/CMSIS/RTOS2/Core/TZ_Non_Supported/tasks.o
 .debug_rnglists
                0x0000100a       0xd3 ./Middlewares/RTOS2/CMSIS/RTOS2/Core/TZ_Non_Supported/timers.o
 .debug_rnglists
                0x000010dd       0x2c ./Middlewares/RTOS2/CMSIS/RTOS2/Heap/Heap_1/heap_1.o

.debug_macro    0x00000000    0x2bb8b
 .debug_macro   0x00000000      0x31f ./Application/User/Core/app_freertos.o
 .debug_macro   0x0000031f      0xade ./Application/User/Core/app_freertos.o
 .debug_macro   0x00000dfd      0x190 ./Application/User/Core/app_freertos.o
 .debug_macro   0x00000f8d       0x22 ./Application/User/Core/app_freertos.o
 .debug_macro   0x00000faf       0x8e ./Application/User/Core/app_freertos.o
 .debug_macro   0x0000103d       0x51 ./Application/User/Core/app_freertos.o
 .debug_macro   0x0000108e      0x103 ./Application/User/Core/app_freertos.o
 .debug_macro   0x00001191       0x6a ./Application/User/Core/app_freertos.o
 .debug_macro   0x000011fb      0x1df ./Application/User/Core/app_freertos.o
 .debug_macro   0x000013da       0x16 ./Application/User/Core/app_freertos.o
 .debug_macro   0x000013f0      0x1cc ./Application/User/Core/app_freertos.o
 .debug_macro   0x000015bc       0x28 ./Application/User/Core/app_freertos.o
 .debug_macro   0x000015e4      0x182 ./Application/User/Core/app_freertos.o
 .debug_macro   0x00001766       0x22 ./Application/User/Core/app_freertos.o
 .debug_macro   0x00001788      0x1c1 ./Application/User/Core/app_freertos.o
 .debug_macro   0x00001949       0x16 ./Application/User/Core/app_freertos.o
 .debug_macro   0x0000195f       0x1c ./Application/User/Core/app_freertos.o
 .debug_macro   0x0000197b       0x1f ./Application/User/Core/app_freertos.o
 .debug_macro   0x0000199a       0x12 ./Application/User/Core/app_freertos.o
 .debug_macro   0x000019ac     0x1055 ./Application/User/Core/app_freertos.o
 .debug_macro   0x00002a01       0xc3 ./Application/User/Core/app_freertos.o
 .debug_macro   0x00002ac4      0x14f ./Application/User/Core/app_freertos.o
 .debug_macro   0x00002c13      0x143 ./Application/User/Core/app_freertos.o
 .debug_macro   0x00002d56       0x2e ./Application/User/Core/app_freertos.o
 .debug_macro   0x00002d84       0x42 ./Application/User/Core/app_freertos.o
 .debug_macro   0x00002dc6       0x1c ./Application/User/Core/app_freertos.o
 .debug_macro   0x00002de2       0x29 ./Application/User/Core/app_freertos.o
 .debug_macro   0x00002e0b       0xfb ./Application/User/Core/app_freertos.o
 .debug_macro   0x00002f06     0x1685 ./Application/User/Core/app_freertos.o
 .debug_macro   0x0000458b       0x5e ./Application/User/Core/app_freertos.o
 .debug_macro   0x000045e9    0x1acf9 ./Application/User/Core/app_freertos.o
 .debug_macro   0x0001f2e2       0x6d ./Application/User/Core/app_freertos.o
 .debug_macro   0x0001f34f     0x34e1 ./Application/User/Core/app_freertos.o
 .debug_macro   0x00022830       0x61 ./Application/User/Core/app_freertos.o
 .debug_macro   0x00022891       0x2a ./Application/User/Core/app_freertos.o
 .debug_macro   0x000228bb       0x43 ./Application/User/Core/app_freertos.o
 .debug_macro   0x000228fe       0x34 ./Application/User/Core/app_freertos.o
 .debug_macro   0x00022932      0x364 ./Application/User/Core/app_freertos.o
 .debug_macro   0x00022c96       0x16 ./Application/User/Core/app_freertos.o
 .debug_macro   0x00022cac       0x4a ./Application/User/Core/app_freertos.o
 .debug_macro   0x00022cf6       0x34 ./Application/User/Core/app_freertos.o
 .debug_macro   0x00022d2a       0x10 ./Application/User/Core/app_freertos.o
 .debug_macro   0x00022d3a       0x58 ./Application/User/Core/app_freertos.o
 .debug_macro   0x00022d92       0x8e ./Application/User/Core/app_freertos.o
 .debug_macro   0x00022e20       0x1c ./Application/User/Core/app_freertos.o
 .debug_macro   0x00022e3c      0x17e ./Application/User/Core/app_freertos.o
 .debug_macro   0x00022fba      0x19b ./Application/User/Core/app_freertos.o
 .debug_macro   0x00023155       0x5d ./Application/User/Core/app_freertos.o
 .debug_macro   0x000231b2      0x3d8 ./Application/User/Core/app_freertos.o
 .debug_macro   0x0002358a      0x2bf ./Application/User/Core/app_freertos.o
 .debug_macro   0x00023849       0xd6 ./Application/User/Core/app_freertos.o
 .debug_macro   0x0002391f      0x63a ./Application/User/Core/app_freertos.o
 .debug_macro   0x00023f59     0x1129 ./Application/User/Core/app_freertos.o
 .debug_macro   0x00025082      0x519 ./Application/User/Core/app_freertos.o
 .debug_macro   0x0002559b      0x1d4 ./Application/User/Core/app_freertos.o
 .debug_macro   0x0002576f      0x192 ./Application/User/Core/app_freertos.o
 .debug_macro   0x00025901      0x401 ./Application/User/Core/app_freertos.o
 .debug_macro   0x00025d02      0x135 ./Application/User/Core/app_freertos.o
 .debug_macro   0x00025e37      0x10e ./Application/User/Core/app_freertos.o
 .debug_macro   0x00025f45      0x1c8 ./Application/User/Core/app_freertos.o
 .debug_macro   0x0002610d      0x18b ./Application/User/Core/app_freertos.o
 .debug_macro   0x00026298       0xc9 ./Application/User/Core/app_freertos.o
 .debug_macro   0x00026361      0x48b ./Application/User/Core/app_freertos.o
 .debug_macro   0x000267ec      0x1cd ./Application/User/Core/app_freertos.o
 .debug_macro   0x000269b9      0xba9 ./Application/User/Core/app_freertos.o
 .debug_macro   0x00027562      0x39a ./Application/User/Core/app_freertos.o
 .debug_macro   0x000278fc      0x37b ./Application/User/Core/app_freertos.o
 .debug_macro   0x00027c77       0x74 ./Application/User/Core/app_freertos.o
 .debug_macro   0x00027ceb      0x290 ./Application/User/Core/main.o
 .debug_macro   0x00027f7b      0x27d ./Application/User/Core/stm32wbaxx_hal_msp.o
 .debug_macro   0x000281f8      0x27f ./Application/User/Core/stm32wbaxx_hal_timebase_tim.o
 .debug_macro   0x00028477      0x287 ./Application/User/Core/stm32wbaxx_it.o
 .debug_macro   0x000286fe      0x279 ./Drivers/CMSIS/system_stm32wbaxx.o
 .debug_macro   0x00028977      0x149 ./Drivers/CMSIS/system_stm32wbaxx.o
 .debug_macro   0x00028ac0      0x634 ./Drivers/CMSIS/system_stm32wbaxx.o
 .debug_macro   0x000290f4      0x279 ./Drivers/STM32WBAxx_HAL_Driver/stm32wbaxx_hal.o
 .debug_macro   0x0002936d      0x273 ./Drivers/STM32WBAxx_HAL_Driver/stm32wbaxx_hal_cortex.o
 .debug_macro   0x000295e0      0x2a5 ./Drivers/STM32WBAxx_HAL_Driver/stm32wbaxx_hal_icache.o
 .debug_macro   0x00029885      0x2b9 ./Drivers/STM32WBAxx_HAL_Driver/stm32wbaxx_hal_pwr_ex.o
 .debug_macro   0x00029b3e      0x2a9 ./Drivers/STM32WBAxx_HAL_Driver/stm32wbaxx_hal_rcc.o
 .debug_macro   0x00029de7      0x27b ./Drivers/STM32WBAxx_HAL_Driver/stm32wbaxx_hal_tim.o
 .debug_macro   0x0002a062      0x279 ./Drivers/STM32WBAxx_HAL_Driver/stm32wbaxx_hal_tim_ex.o
 .debug_macro   0x0002a2db      0x3e5 ./Middlewares/RTOS2/CMSIS/RTOS2/Core/TZ_Non_Supported/cmsis_os2.o
 .debug_macro   0x0002a6c0       0x10 ./Middlewares/RTOS2/CMSIS/RTOS2/Core/TZ_Non_Supported/cmsis_os2.o
 .debug_macro   0x0002a6d0       0x20 ./Middlewares/RTOS2/CMSIS/RTOS2/Core/TZ_Non_Supported/cmsis_os2.o
 .debug_macro   0x0002a6f0       0x98 ./Middlewares/RTOS2/CMSIS/RTOS2/Core/TZ_Non_Supported/cmsis_os2.o
 .debug_macro   0x0002a788       0x23 ./Middlewares/RTOS2/CMSIS/RTOS2/Core/TZ_Non_Supported/cmsis_os2.o
 .debug_macro   0x0002a7ab       0x94 ./Middlewares/RTOS2/CMSIS/RTOS2/Core/TZ_Non_Supported/cmsis_os2.o
 .debug_macro   0x0002a83f       0xa8 ./Middlewares/RTOS2/CMSIS/RTOS2/Core/TZ_Non_Supported/cmsis_os2.o
 .debug_macro   0x0002a8e7       0x22 ./Middlewares/RTOS2/CMSIS/RTOS2/Core/TZ_Non_Supported/cmsis_os2.o
 .debug_macro   0x0002a909      0x1b0 ./Middlewares/RTOS2/CMSIS/RTOS2/Core/TZ_Non_Supported/list.o
 .debug_macro   0x0002aab9      0x3db ./Middlewares/RTOS2/CMSIS/RTOS2/Core/TZ_Non_Supported/port.o
 .debug_macro   0x0002ae94      0x1b4 ./Middlewares/RTOS2/CMSIS/RTOS2/Core/TZ_Non_Supported/port.o
 .debug_macro   0x0002b048       0xf8 ./Middlewares/RTOS2/CMSIS/RTOS2/Core/TZ_Non_Supported/portasm.o
 .debug_macro   0x0002b140      0x247 ./Middlewares/RTOS2/CMSIS/RTOS2/Core/TZ_Non_Supported/queue.o
 .debug_macro   0x0002b387       0x16 ./Middlewares/RTOS2/CMSIS/RTOS2/Core/TZ_Non_Supported/queue.o
 .debug_macro   0x0002b39d       0x8e ./Middlewares/RTOS2/CMSIS/RTOS2/Core/TZ_Non_Supported/queue.o
 .debug_macro   0x0002b42b      0x2db ./Middlewares/RTOS2/CMSIS/RTOS2/Core/TZ_Non_Supported/tasks.o
 .debug_macro   0x0002b706       0x17 ./Middlewares/RTOS2/CMSIS/RTOS2/Core/TZ_Non_Supported/tasks.o
 .debug_macro   0x0002b71d      0x1ff ./Middlewares/RTOS2/CMSIS/RTOS2/Core/TZ_Non_Supported/timers.o
 .debug_macro   0x0002b91c       0x9e ./Middlewares/RTOS2/CMSIS/RTOS2/Core/TZ_Non_Supported/timers.o
 .debug_macro   0x0002b9ba      0x1d1 ./Middlewares/RTOS2/CMSIS/RTOS2/Heap/Heap_1/heap_1.o

.debug_line     0x00000000    0x170df
 .debug_line    0x00000000      0xa8a ./Application/User/Core/app_freertos.o
 .debug_line    0x00000a8a      0x9da ./Application/User/Core/main.o
 .debug_line    0x00001464      0x8c9 ./Application/User/Core/stm32wbaxx_hal_msp.o
 .debug_line    0x00001d2d      0x940 ./Application/User/Core/stm32wbaxx_hal_timebase_tim.o
 .debug_line    0x0000266d      0x953 ./Application/User/Core/stm32wbaxx_it.o
 .debug_line    0x00002fc0       0x7c ./Application/User/Startup/startup_stm32wba65rivx.o
 .debug_line    0x0000303c      0x991 ./Drivers/CMSIS/system_stm32wbaxx.o
 .debug_line    0x000039cd      0xf00 ./Drivers/STM32WBAxx_HAL_Driver/stm32wbaxx_hal.o
 .debug_line    0x000048cd      0xf25 ./Drivers/STM32WBAxx_HAL_Driver/stm32wbaxx_hal_cortex.o
 .debug_line    0x000057f2      0xbbd ./Drivers/STM32WBAxx_HAL_Driver/stm32wbaxx_hal_icache.o
 .debug_line    0x000063af     0x1043 ./Drivers/STM32WBAxx_HAL_Driver/stm32wbaxx_hal_pwr_ex.o
 .debug_line    0x000073f2     0x144e ./Drivers/STM32WBAxx_HAL_Driver/stm32wbaxx_hal_rcc.o
 .debug_line    0x00008840     0x40d5 ./Drivers/STM32WBAxx_HAL_Driver/stm32wbaxx_hal_tim.o
 .debug_line    0x0000c915     0x209e ./Drivers/STM32WBAxx_HAL_Driver/stm32wbaxx_hal_tim_ex.o
 .debug_line    0x0000e9b3     0x2342 ./Middlewares/RTOS2/CMSIS/RTOS2/Core/TZ_Non_Supported/cmsis_os2.o
 .debug_line    0x00010cf5      0x7f3 ./Middlewares/RTOS2/CMSIS/RTOS2/Core/TZ_Non_Supported/list.o
 .debug_line    0x000114e8      0x8b4 ./Middlewares/RTOS2/CMSIS/RTOS2/Core/TZ_Non_Supported/port.o
 .debug_line    0x00011d9c      0x6a8 ./Middlewares/RTOS2/CMSIS/RTOS2/Core/TZ_Non_Supported/portasm.o
 .debug_line    0x00012444     0x164e ./Middlewares/RTOS2/CMSIS/RTOS2/Core/TZ_Non_Supported/queue.o
 .debug_line    0x00013a92     0x206a ./Middlewares/RTOS2/CMSIS/RTOS2/Core/TZ_Non_Supported/tasks.o
 .debug_line    0x00015afc      0xe29 ./Middlewares/RTOS2/CMSIS/RTOS2/Core/TZ_Non_Supported/timers.o
 .debug_line    0x00016925      0x7ba ./Middlewares/RTOS2/CMSIS/RTOS2/Heap/Heap_1/heap_1.o

.debug_str      0x00000000   0x11b357
 .debug_str     0x00000000   0x11b357 ./Application/User/Core/app_freertos.o
                             0x10ea1e (size before relaxing)
 .debug_str     0x0011b357   0x103eb7 ./Application/User/Core/main.o
 .debug_str     0x0011b357   0x103a02 ./Application/User/Core/stm32wbaxx_hal_msp.o
 .debug_str     0x0011b357   0x10427f ./Application/User/Core/stm32wbaxx_hal_timebase_tim.o
 .debug_str     0x0011b357   0x103a3a ./Application/User/Core/stm32wbaxx_it.o
 .debug_str     0x0011b357       0x8b ./Application/User/Startup/startup_stm32wba65rivx.o
 .debug_str     0x0011b357   0x103702 ./Drivers/CMSIS/system_stm32wbaxx.o
 .debug_str     0x0011b357   0x10438c ./Drivers/STM32WBAxx_HAL_Driver/stm32wbaxx_hal.o
 .debug_str     0x0011b357   0x1040b6 ./Drivers/STM32WBAxx_HAL_Driver/stm32wbaxx_hal_cortex.o
 .debug_str     0x0011b357   0x1039dd ./Drivers/STM32WBAxx_HAL_Driver/stm32wbaxx_hal_icache.o
 .debug_str     0x0011b357   0x103c6e ./Drivers/STM32WBAxx_HAL_Driver/stm32wbaxx_hal_pwr_ex.o
 .debug_str     0x0011b357   0x103e33 ./Drivers/STM32WBAxx_HAL_Driver/stm32wbaxx_hal_rcc.o
 .debug_str     0x0011b357   0x104af3 ./Drivers/STM32WBAxx_HAL_Driver/stm32wbaxx_hal_tim.o
 .debug_str     0x0011b357   0x10471e ./Drivers/STM32WBAxx_HAL_Driver/stm32wbaxx_hal_tim_ex.o
 .debug_str     0x0011b357   0x111f47 ./Middlewares/RTOS2/CMSIS/RTOS2/Core/TZ_Non_Supported/cmsis_os2.o
 .debug_str     0x0011b357    0x11088 ./Middlewares/RTOS2/CMSIS/RTOS2/Core/TZ_Non_Supported/list.o
 .debug_str     0x0011b357    0x1122e ./Middlewares/RTOS2/CMSIS/RTOS2/Core/TZ_Non_Supported/port.o
 .debug_str     0x0011b357     0xdcc2 ./Middlewares/RTOS2/CMSIS/RTOS2/Core/TZ_Non_Supported/portasm.o
 .debug_str     0x0011b357    0x13cd5 ./Middlewares/RTOS2/CMSIS/RTOS2/Core/TZ_Non_Supported/queue.o
 .debug_str     0x0011b357    0x14b66 ./Middlewares/RTOS2/CMSIS/RTOS2/Core/TZ_Non_Supported/tasks.o
 .debug_str     0x0011b357    0x1412a ./Middlewares/RTOS2/CMSIS/RTOS2/Core/TZ_Non_Supported/timers.o
 .debug_str     0x0011b357    0x12567 ./Middlewares/RTOS2/CMSIS/RTOS2/Heap/Heap_1/heap_1.o

.comment        0x00000000       0x43
 .comment       0x00000000       0x43 ./Application/User/Core/app_freertos.o
                                 0x44 (size before relaxing)
 .comment       0x00000043       0x44 ./Application/User/Core/main.o
 .comment       0x00000043       0x44 ./Application/User/Core/stm32wbaxx_hal_msp.o
 .comment       0x00000043       0x44 ./Application/User/Core/stm32wbaxx_hal_timebase_tim.o
 .comment       0x00000043       0x44 ./Application/User/Core/stm32wbaxx_it.o
 .comment       0x00000043       0x44 ./Drivers/CMSIS/system_stm32wbaxx.o
 .comment       0x00000043       0x44 ./Drivers/STM32WBAxx_HAL_Driver/stm32wbaxx_hal.o
 .comment       0x00000043       0x44 ./Drivers/STM32WBAxx_HAL_Driver/stm32wbaxx_hal_cortex.o
 .comment       0x00000043       0x44 ./Drivers/STM32WBAxx_HAL_Driver/stm32wbaxx_hal_icache.o
 .comment       0x00000043       0x44 ./Drivers/STM32WBAxx_HAL_Driver/stm32wbaxx_hal_pwr_ex.o
 .comment       0x00000043       0x44 ./Drivers/STM32WBAxx_HAL_Driver/stm32wbaxx_hal_rcc.o
 .comment       0x00000043       0x44 ./Drivers/STM32WBAxx_HAL_Driver/stm32wbaxx_hal_tim.o
 .comment       0x00000043       0x44 ./Drivers/STM32WBAxx_HAL_Driver/stm32wbaxx_hal_tim_ex.o
 .comment       0x00000043       0x44 ./Middlewares/RTOS2/CMSIS/RTOS2/Core/TZ_Non_Supported/cmsis_os2.o
 .comment       0x00000043       0x44 ./Middlewares/RTOS2/CMSIS/RTOS2/Core/TZ_Non_Supported/list.o
 .comment       0x00000043       0x44 ./Middlewares/RTOS2/CMSIS/RTOS2/Core/TZ_Non_Supported/port.o
 .comment       0x00000043       0x44 ./Middlewares/RTOS2/CMSIS/RTOS2/Core/TZ_Non_Supported/portasm.o
 .comment       0x00000043       0x44 ./Middlewares/RTOS2/CMSIS/RTOS2/Core/TZ_Non_Supported/queue.o
 .comment       0x00000043       0x44 ./Middlewares/RTOS2/CMSIS/RTOS2/Core/TZ_Non_Supported/tasks.o
 .comment       0x00000043       0x44 ./Middlewares/RTOS2/CMSIS/RTOS2/Core/TZ_Non_Supported/timers.o
 .comment       0x00000043       0x44 ./Middlewares/RTOS2/CMSIS/RTOS2/Heap/Heap_1/heap_1.o

.debug_frame    0x00000000     0x5824
 .debug_frame   0x00000000       0x6c ./Application/User/Core/app_freertos.o
 .debug_frame   0x0000006c       0xa8 ./Application/User/Core/main.o
 .debug_frame   0x00000114       0x34 ./Application/User/Core/stm32wbaxx_hal_msp.o
 .debug_frame   0x00000148       0x6c ./Application/User/Core/stm32wbaxx_hal_timebase_tim.o
 .debug_frame   0x000001b4       0xc0 ./Application/User/Core/stm32wbaxx_it.o
 .debug_frame   0x00000274       0x58 ./Drivers/CMSIS/system_stm32wbaxx.o
 .debug_frame   0x000002cc      0x5c0 ./Drivers/STM32WBAxx_HAL_Driver/stm32wbaxx_hal.o
 .debug_frame   0x0000088c      0x508 ./Drivers/STM32WBAxx_HAL_Driver/stm32wbaxx_hal_cortex.o
 .debug_frame   0x00000d94      0x260 ./Drivers/STM32WBAxx_HAL_Driver/stm32wbaxx_hal_icache.o
 .debug_frame   0x00000ff4      0x5bc ./Drivers/STM32WBAxx_HAL_Driver/stm32wbaxx_hal_pwr_ex.o
 .debug_frame   0x000015b0      0x2f8 ./Drivers/STM32WBAxx_HAL_Driver/stm32wbaxx_hal_rcc.o
 .debug_frame   0x000018a8     0x1170 ./Drivers/STM32WBAxx_HAL_Driver/stm32wbaxx_hal_tim.o
 .debug_frame   0x00002a18      0x9cc ./Drivers/STM32WBAxx_HAL_Driver/stm32wbaxx_hal_tim_ex.o
 .debug_frame   0x000033e4      0xb40 ./Middlewares/RTOS2/CMSIS/RTOS2/Core/TZ_Non_Supported/cmsis_os2.o
 .debug_frame   0x00003f24       0xc4 ./Middlewares/RTOS2/CMSIS/RTOS2/Core/TZ_Non_Supported/list.o
 .debug_frame   0x00003fe8      0x198 ./Middlewares/RTOS2/CMSIS/RTOS2/Core/TZ_Non_Supported/port.o
 .debug_frame   0x00004180       0xa0 ./Middlewares/RTOS2/CMSIS/RTOS2/Core/TZ_Non_Supported/portasm.o
 .debug_frame   0x00004220      0x62c ./Middlewares/RTOS2/CMSIS/RTOS2/Core/TZ_Non_Supported/queue.o
 .debug_frame   0x0000484c      0xa3c ./Middlewares/RTOS2/CMSIS/RTOS2/Core/TZ_Non_Supported/tasks.o
 .debug_frame   0x00005288      0x47c ./Middlewares/RTOS2/CMSIS/RTOS2/Core/TZ_Non_Supported/timers.o
 .debug_frame   0x00005704       0xac ./Middlewares/RTOS2/CMSIS/RTOS2/Heap/Heap_1/heap_1.o
 .debug_frame   0x000057b0       0x20 C:/ST/STM32CubeIDE_2.0.0/STM32CubeIDE/plugins/com.st.stm32cube.ide.mcu.externaltools.gnu-tools-for-stm32.14.3.rel1.win32_1.0.100.202602081740/tools/bin/../lib/gcc/arm-none-eabi/14.3.1/../../../../arm-none-eabi/lib/thumb/v8-m.main+fp/hard\libc_nano.a(libc_a-memset.o)
 .debug_frame   0x000057d0       0x2c C:/ST/STM32CubeIDE_2.0.0/STM32CubeIDE/plugins/com.st.stm32cube.ide.mcu.externaltools.gnu-tools-for-stm32.14.3.rel1.win32_1.0.100.202602081740/tools/bin/../lib/gcc/arm-none-eabi/14.3.1/../../../../arm-none-eabi/lib/thumb/v8-m.main+fp/hard\libc_nano.a(libc_a-init.o)
 .debug_frame   0x000057fc       0x28 C:/ST/STM32CubeIDE_2.0.0/STM32CubeIDE/plugins/com.st.stm32cube.ide.mcu.externaltools.gnu-tools-for-stm32.14.3.rel1.win32_1.0.100.202602081740/tools/bin/../lib/gcc/arm-none-eabi/14.3.1/../../../../arm-none-eabi/lib/thumb/v8-m.main+fp/hard\libc_nano.a(libc_a-memcpy-stub.o)

.debug_line_str
                0x00000000       0x6f
 .debug_line_str
                0x00000000       0x6f ./Application/User/Startup/startup_stm32wba65rivx.o
