Archive member included to satisfy reference by file (symbol)

C:/ST/STM32CubeIDE_2.0.0/STM32CubeIDE/plugins/com.st.stm32cube.ide.mcu.externaltools.gnu-tools-for-stm32.14.3.rel1.win32_1.0.100.202602081740/tools/bin/../lib/gcc/arm-none-eabi/14.3.1/../../../../arm-none-eabi/lib/thumb/v8-m.main+fp/hard\libc_nano.a(libc_a-exit.o)
                              C:/ST/STM32CubeIDE_2.0.0/STM32CubeIDE/plugins/com.st.stm32cube.ide.mcu.externaltools.gnu-tools-for-stm32.14.3.rel1.win32_1.0.100.202602081740/tools/bin/../lib/gcc/arm-none-eabi/14.3.1/../../../../arm-none-eabi/lib/thumb/v8-m.main+fp/hard/crt0.o (exit)
C:/ST/STM32CubeIDE_2.0.0/STM32CubeIDE/plugins/com.st.stm32cube.ide.mcu.externaltools.gnu-tools-for-stm32.14.3.rel1.win32_1.0.100.202602081740/tools/bin/../lib/gcc/arm-none-eabi/14.3.1/../../../../arm-none-eabi/lib/thumb/v8-m.main+fp/hard\libc_nano.a(libc_a-findfp.o)
                              C:/ST/STM32CubeIDE_2.0.0/STM32CubeIDE/plugins/com.st.stm32cube.ide.mcu.externaltools.gnu-tools-for-stm32.14.3.rel1.win32_1.0.100.202602081740/tools/bin/../lib/gcc/arm-none-eabi/14.3.1/../../../../arm-none-eabi/lib/thumb/v8-m.main+fp/hard\libc_nano.a(libc_a-exit.o) (__stdio_exit_handler)
C:/ST/STM32CubeIDE_2.0.0/STM32CubeIDE/plugins/com.st.stm32cube.ide.mcu.externaltools.gnu-tools-for-stm32.14.3.rel1.win32_1.0.100.202602081740/tools/bin/../lib/gcc/arm-none-eabi/14.3.1/../../../../arm-none-eabi/lib/thumb/v8-m.main+fp/hard\libc_nano.a(libc_a-fwalk.o)
                              C:/ST/STM32CubeIDE_2.0.0/STM32CubeIDE/plugins/com.st.stm32cube.ide.mcu.externaltools.gnu-tools-for-stm32.14.3.rel1.win32_1.0.100.202602081740/tools/bin/../lib/gcc/arm-none-eabi/14.3.1/../../../../arm-none-eabi/lib/thumb/v8-m.main+fp/hard\libc_nano.a(libc_a-findfp.o) (_fwalk_sglue)
C:/ST/STM32CubeIDE_2.0.0/STM32CubeIDE/plugins/com.st.stm32cube.ide.mcu.externaltools.gnu-tools-for-stm32.14.3.rel1.win32_1.0.100.202602081740/tools/bin/../lib/gcc/arm-none-eabi/14.3.1/../../../../arm-none-eabi/lib/thumb/v8-m.main+fp/hard\libc_nano.a(libc_a-printf.o)
                              ./Core/Src/main.o (printf)
C:/ST/STM32CubeIDE_2.0.0/STM32CubeIDE/plugins/com.st.stm32cube.ide.mcu.externaltools.gnu-tools-for-stm32.14.3.rel1.win32_1.0.100.202602081740/tools/bin/../lib/gcc/arm-none-eabi/14.3.1/../../../../arm-none-eabi/lib/thumb/v8-m.main+fp/hard\libc_nano.a(libc_a-stdio.o)
                              C:/ST/STM32CubeIDE_2.0.0/STM32CubeIDE/plugins/com.st.stm32cube.ide.mcu.externaltools.gnu-tools-for-stm32.14.3.rel1.win32_1.0.100.202602081740/tools/bin/../lib/gcc/arm-none-eabi/14.3.1/../../../../arm-none-eabi/lib/thumb/v8-m.main+fp/hard\libc_nano.a(libc_a-findfp.o) (__sread)
C:/ST/STM32CubeIDE_2.0.0/STM32CubeIDE/plugins/com.st.stm32cube.ide.mcu.externaltools.gnu-tools-for-stm32.14.3.rel1.win32_1.0.100.202602081740/tools/bin/../lib/gcc/arm-none-eabi/14.3.1/../../../../arm-none-eabi/lib/thumb/v8-m.main+fp/hard\libc_nano.a(libc_a-memset.o)
                              C:/ST/STM32CubeIDE_2.0.0/STM32CubeIDE/plugins/com.st.stm32cube.ide.mcu.externaltools.gnu-tools-for-stm32.14.3.rel1.win32_1.0.100.202602081740/tools/bin/../lib/gcc/arm-none-eabi/14.3.1/../../../../arm-none-eabi/lib/thumb/v8-m.main+fp/hard/crt0.o (memset)
C:/ST/STM32CubeIDE_2.0.0/STM32CubeIDE/plugins/com.st.stm32cube.ide.mcu.externaltools.gnu-tools-for-stm32.14.3.rel1.win32_1.0.100.202602081740/tools/bin/../lib/gcc/arm-none-eabi/14.3.1/../../../../arm-none-eabi/lib/thumb/v8-m.main+fp/hard\libc_nano.a(libc_a-closer.o)
                              C:/ST/STM32CubeIDE_2.0.0/STM32CubeIDE/plugins/com.st.stm32cube.ide.mcu.externaltools.gnu-tools-for-stm32.14.3.rel1.win32_1.0.100.202602081740/tools/bin/../lib/gcc/arm-none-eabi/14.3.1/../../../../arm-none-eabi/lib/thumb/v8-m.main+fp/hard\libc_nano.a(libc_a-stdio.o) (_close_r)
C:/ST/STM32CubeIDE_2.0.0/STM32CubeIDE/plugins/com.st.stm32cube.ide.mcu.externaltools.gnu-tools-for-stm32.14.3.rel1.win32_1.0.100.202602081740/tools/bin/../lib/gcc/arm-none-eabi/14.3.1/../../../../arm-none-eabi/lib/thumb/v8-m.main+fp/hard\libc_nano.a(libc_a-reent.o)
                              C:/ST/STM32CubeIDE_2.0.0/STM32CubeIDE/plugins/com.st.stm32cube.ide.mcu.externaltools.gnu-tools-for-stm32.14.3.rel1.win32_1.0.100.202602081740/tools/bin/../lib/gcc/arm-none-eabi/14.3.1/../../../../arm-none-eabi/lib/thumb/v8-m.main+fp/hard\libc_nano.a(libc_a-closer.o) (errno)
C:/ST/STM32CubeIDE_2.0.0/STM32CubeIDE/plugins/com.st.stm32cube.ide.mcu.externaltools.gnu-tools-for-stm32.14.3.rel1.win32_1.0.100.202602081740/tools/bin/../lib/gcc/arm-none-eabi/14.3.1/../../../../arm-none-eabi/lib/thumb/v8-m.main+fp/hard\libc_nano.a(libc_a-impure.o)
                              C:/ST/STM32CubeIDE_2.0.0/STM32CubeIDE/plugins/com.st.stm32cube.ide.mcu.externaltools.gnu-tools-for-stm32.14.3.rel1.win32_1.0.100.202602081740/tools/bin/../lib/gcc/arm-none-eabi/14.3.1/../../../../arm-none-eabi/lib/thumb/v8-m.main+fp/hard\libc_nano.a(libc_a-printf.o) (_impure_ptr)
[...]
Memory Configuration

Name             Origin             Length             Attributes
RAM              0x20000000         0x00070000         xrw
RAM2             0x20070000         0x00010000         xrw
FLASH            0x08000000         0x00200000         xr
*default*        0x00000000         0xffffffff

Linker script and memory map

LOAD C:/ST/STM32CubeIDE_2.0.0/STM32CubeIDE/plugins/com.st.stm32cube.ide.mcu.externaltools.gnu-tools-for-stm32.14.3.rel1.win32_1.0.100.202602081740/tools/bin/../lib/gcc/arm-none-eabi/14.3.1/thumb/v8-m.main+fp/hard/crti.o
LOAD C:/ST/STM32CubeIDE_2.0.0/STM32CubeIDE/plugins/com.st.stm32cube.ide.mcu.externaltools.gnu-tools-for-stm32.14.3.rel1.win32_1.0.100.202602081740/tools/bin/../lib/gcc/arm-none-eabi/14.3.1/thumb/v8-m.main+fp/hard/crtbegin.o
LOAD C:/ST/STM32CubeIDE_2.0.0/STM32CubeIDE/plugins/com.st.stm32cube.ide.mcu.externaltools.gnu-tools-for-stm32.14.3.rel1.win32_1.0.100.202602081740/tools/bin/../lib/gcc/arm-none-eabi/14.3.1/../../../../arm-none-eabi/lib/thumb/v8-m.main+fp/hard/crt0.o
LOAD ./Core/Src/main.o
LOAD ./Core/Src/stm32wbaxx_hal_msp.o
LOAD ./Core/Src/stm32wbaxx_it.o
LOAD ./Core/Src/syscalls.o
LOAD ./Core/Src/sysmem.o
LOAD ./Core/Src/system_stm32wbaxx.o
LOAD ./Core/Startup/startup_stm32wba65rivx.o
LOAD ./Drivers/BSP/STM32WBAxx_Nucleo/stm32wbaxx_nucleo.o
LOAD ./Drivers/STM32WBAxx_HAL_Driver/Src/stm32wbaxx_hal.o
LOAD ./Drivers/STM32WBAxx_HAL_Driver/Src/stm32wbaxx_hal_cortex.o
LOAD ./Drivers/STM32WBAxx_HAL_Driver/Src/stm32wbaxx_hal_dma.o
LOAD ./Drivers/STM32WBAxx_HAL_Driver/Src/stm32wbaxx_hal_dma_ex.o
LOAD ./Drivers/STM32WBAxx_HAL_Driver/Src/stm32wbaxx_hal_exti.o
LOAD ./Drivers/STM32WBAxx_HAL_Driver/Src/stm32wbaxx_hal_flash.o
LOAD ./Drivers/STM32WBAxx_HAL_Driver/Src/stm32wbaxx_hal_flash_ex.o
LOAD ./Drivers/STM32WBAxx_HAL_Driver/Src/stm32wbaxx_hal_gpio.o
LOAD ./Drivers/STM32WBAxx_HAL_Driver/Src/stm32wbaxx_hal_pwr.o
LOAD ./Drivers/STM32WBAxx_HAL_Driver/Src/stm32wbaxx_hal_pwr_ex.o
LOAD ./Drivers/STM32WBAxx_HAL_Driver/Src/stm32wbaxx_hal_rcc.o
LOAD ./Drivers/STM32WBAxx_HAL_Driver/Src/stm32wbaxx_hal_rcc_ex.o
LOAD ./Drivers/STM32WBAxx_HAL_Driver/Src/stm32wbaxx_hal_uart.o
LOAD ./Drivers/STM32WBAxx_HAL_Driver/Src/stm32wbaxx_hal_uart_ex.o
LOAD ./Drivers/STM32WBAxx_HAL_Driver/Src/stm32wbaxx_hal_usart.o
LOAD ./Drivers/STM32WBAxx_HAL_Driver/Src/stm32wbaxx_hal_usart_ex.o
START GROUP
LOAD C:/ST/STM32CubeIDE_2.0.0/STM32CubeIDE/plugins/com.st.stm32cube.ide.mcu.externaltools.gnu-tools-for-stm32.14.3.rel1.win32_1.0.100.202602081740/tools/bin/../lib/gcc/arm-none-eabi/14.3.1/../../../../arm-none-eabi/lib/thumb/v8-m.main+fp/hard\libc_nano.a
LOAD C:/ST/STM32CubeIDE_2.0.0/STM32CubeIDE/plugins/com.st.stm32cube.ide.mcu.externaltools.gnu-tools-for-stm32.14.3.rel1.win32_1.0.100.202602081740/tools/bin/../lib/gcc/arm-none-eabi/14.3.1/../../../../arm-none-eabi/lib/thumb/v8-m.main+fp/hard\libm.a
END GROUP
START GROUP
LOAD C:/ST/STM32CubeIDE_2.0.0/STM32CubeIDE/plugins/com.st.stm32cube.ide.mcu.externaltools.gnu-tools-for-stm32.14.3.rel1.win32_1.0.100.202602081740/tools/bin/../lib/gcc/arm-none-eabi/14.3.1/thumb/v8-m.main+fp/hard\libgcc.a
LOAD C:/ST/STM32CubeIDE_2.0.0/STM32CubeIDE/plugins/com.st.stm32cube.ide.mcu.externaltools.gnu-tools-for-stm32.14.3.rel1.win32_1.0.100.202602081740/tools/bin/../lib/gcc/arm-none-eabi/14.3.1/../../../../arm-none-eabi/lib/thumb/v8-m.main+fp/hard\libc_nano.a
END GROUP
START GROUP
LOAD C:/ST/STM32CubeIDE_2.0.0/STM32CubeIDE/plugins/com.st.stm32cube.ide.mcu.externaltools.gnu-tools-for-stm32.14.3.rel1.win32_1.0.100.202602081740/tools/bin/../lib/gcc/arm-none-eabi/14.3.1/thumb/v8-m.main+fp/hard\libgcc.a
LOAD C:/ST/STM32CubeIDE_2.0.0/STM32CubeIDE/plugins/com.st.stm32cube.ide.mcu.externaltools.gnu-tools-for-stm32.14.3.rel1.win32_1.0.100.202602081740/tools/bin/../lib/gcc/arm-none-eabi/14.3.1/../../../../arm-none-eabi/lib/thumb/v8-m.main+fp/hard\libc_nano.a
LOAD C:/ST/STM32CubeIDE_2.0.0/STM32CubeIDE/plugins/com.st.stm32cube.ide.mcu.externaltools.gnu-tools-for-stm32.14.3.rel1.win32_1.0.100.202602081740/tools/bin/../lib/gcc/arm-none-eabi/14.3.1/../../../../arm-none-eabi/lib/thumb/v8-m.main+fp/hard\libnosys.a
END GROUP
START GROUP
LOAD C:/ST/STM32CubeIDE_2.0.0/STM32CubeIDE/plugins/com.st.stm32cube.ide.mcu.externaltools.gnu-tools-for-stm32.14.3.rel1.win32_1.0.100.202602081740/tools/bin/../lib/gcc/arm-none-eabi/14.3.1/thumb/v8-m.main+fp/hard\libgcc.a
LOAD C:/ST/STM32CubeIDE_2.0.0/STM32CubeIDE/plugins/com.st.stm32cube.ide.mcu.externaltools.gnu-tools-for-stm32.14.3.rel1.win32_1.0.100.202602081740/tools/bin/../lib/gcc/arm-none-eabi/14.3.1/../../../../arm-none-eabi/lib/thumb/v8-m.main+fp/hard\libc_nano.a
LOAD C:/ST/STM32CubeIDE_2.0.0/STM32CubeIDE/plugins/com.st.stm32cube.ide.mcu.externaltools.gnu-tools-for-stm32.14.3.rel1.win32_1.0.100.202602081740/tools/bin/../lib/gcc/arm-none-eabi/14.3.1/../../../../arm-none-eabi/lib/thumb/v8-m.main+fp/hard\libnosys.a
END GROUP
LOAD C:/ST/STM32CubeIDE_2.0.0/STM32CubeIDE/plugins/com.st.stm32cube.ide.mcu.externaltools.gnu-tools-for-stm32.14.3.rel1.win32_1.0.100.202602081740/tools/bin/../lib/gcc/arm-none-eabi/14.3.1/thumb/v8-m.main+fp/hard/crtend.o
LOAD C:/ST/STM32CubeIDE_2.0.0/STM32CubeIDE/plugins/com.st.stm32cube.ide.mcu.externaltools.gnu-tools-for-stm32.14.3.rel1.win32_1.0.100.202602081740/tools/bin/../lib/gcc/arm-none-eabi/14.3.1/thumb/v8-m.main+fp/hard/crtn.o
                0x20070000                        _estack = (ORIGIN (RAM) + LENGTH (RAM))
                0x2006fc00                        _sstack = (_estack - _Min_Stack_Size)
                0x00000200                        _Min_Heap_Size = 0x200
                0x00000400                        _Min_Stack_Size = 0x400

.isr_vector     0x08000000      0x188
                0x08000000                        . = ALIGN (0x4)
 *(.isr_vector)
 .isr_vector    0x08000000      0x188 ./Core/Startup/startup_stm32wba65rivx.o
                0x08000000                g_pfnVectors
                0x08000188                        . = ALIGN (0x4)

.text           0x08000188     0x4114
                0x08000188                        . = ALIGN (0x4)
 *(.text)
 .text          0x08000188       0x40 C:/ST/STM32CubeIDE_2.0.0/STM32CubeIDE/plugins/com.st.stm32cube.ide.mcu.externaltools.gnu-tools-for-stm32.14.3.rel1.win32_1.0.100.202602081740/tools/bin/../lib/gcc/arm-none-eabi/14.3.1/thumb/v8-m.main+fp/hard/crtbegin.o
 .text          0x080001c8       0x30 C:/ST/STM32CubeIDE_2.0.0/STM32CubeIDE/plugins/com.st.stm32cube.ide.mcu.externaltools.gnu-tools-for-stm32.14.3.rel1.win32_1.0.100.202602081740/tools/bin/../lib/gcc/arm-none-eabi/14.3.1/thumb/v8-m.main+fp/hard\libgcc.a(_aeabi_uldivmod.o)
                0x080001c8                __aeabi_uldivmod
 .text          0x080001f8      0x34c C:/ST/STM32CubeIDE_2.0.0/STM32CubeIDE/plugins/com.st.stm32cube.ide.mcu.externaltools.gnu-tools-for-stm32.14.3.rel1.win32_1.0.100.202602081740/tools/bin/../lib/gcc/arm-none-eabi/14.3.1/thumb/v8-m.main+fp/hard\libgcc.a(_udivmoddi4.o)
                0x080001f8                __udivmoddi4
 .text          0x08000544        0x4 C:/ST/STM32CubeIDE_2.0.0/STM32CubeIDE/plugins/com.st.stm32cube.ide.mcu.externaltools.gnu-tools-for-stm32.14.3.rel1.win32_1.0.100.202602081740/tools/bin/../lib/gcc/arm-none-eabi/14.3.1/thumb/v8-m.main+fp/hard\libgcc.a(_dvmd_tls.o)
                0x08000544                __aeabi_idiv0
                0x08000544                __aeabi_ldiv0
 *(.text*)
 .text.main     0x08000548       0xc8 ./Core/Src/main.o
                0x08000548                main
 .text.SystemClock_Config
                0x08000610       0xb8 ./Core/Src/main.o
                0x08000610                SystemClock_Config
 .text.MX_GPIO_Init
                0x080006c8      0x108 ./Core/Src/main.o
 .text.BSP_PB_Callback
                0x080007d0       0x4c ./Core/Src/main.o
                0x080007d0                BSP_PB_Callback
 .text.Error_Handler
                0x0800081c        0xc ./Core/Src/main.o
                0x0800081c                Error_Handler
 .text.HAL_MspInit
                0x08000828       0x34 ./Core/Src/stm32wbaxx_hal_msp.o
                0x08000828                HAL_MspInit
 .text.NMI_Handler
                0x0800085c        0x8 ./Core/Src/stm32wbaxx_it.o
                0x0800085c                NMI_Handler
 .text.HardFault_Handler
                0x08000864        0x8 ./Core/Src/stm32wbaxx_it.o
                0x08000864                HardFault_Handler
 .text.MemManage_Handler
                0x0800086c        0x8 ./Core/Src/stm32wbaxx_it.o
                0x0800086c                MemManage_Handler
 .text.BusFault_Handler
                0x08000874        0x8 ./Core/Src/stm32wbaxx_it.o
                0x08000874                BusFault_Handler
 .text.UsageFault_Handler
                0x0800087c        0x8 ./Core/Src/stm32wbaxx_it.o
                0x0800087c                UsageFault_Handler
 .text.SVC_Handler
                0x08000884        0xe ./Core/Src/stm32wbaxx_it.o
                0x08000884                SVC_Handler
 .text.DebugMon_Handler
                0x08000892        0xe ./Core/Src/stm32wbaxx_it.o
                0x08000892                DebugMon_Handler
 .text.PendSV_Handler
                0x080008a0        0xe ./Core/Src/stm32wbaxx_it.o
                0x080008a0                PendSV_Handler
 .text.SysTick_Handler
                0x080008ae        0xc ./Core/Src/stm32wbaxx_it.o
                0x080008ae                SysTick_Handler
 .text.EXTI4_IRQHandler
                0x080008ba        0xe ./Core/Src/stm32wbaxx_it.o
                0x080008ba                EXTI4_IRQHandler
 .text.EXTI5_IRQHandler
                0x080008c8        0xe ./Core/Src/stm32wbaxx_it.o
                0x080008c8                EXTI5_IRQHandler
 .text.EXTI13_IRQHandler
                0x080008d6        0xe ./Core/Src/stm32wbaxx_it.o
                0x080008d6                EXTI13_IRQHandler
 .text._read    0x080008e4       0x3a ./Core/Src/syscalls.o
                0x080008e4                _read
 .text._write   0x0800091e       0x38 ./Core/Src/syscalls.o
                0x0800091e                _write
 .text._close   0x08000956       0x18 ./Core/Src/syscalls.o
                0x08000956                _close
 .text._fstat   0x0800096e       0x20 ./Core/Src/syscalls.o
                0x0800096e                _fstat
 .text._isatty  0x0800098e       0x16 ./Core/Src/syscalls.o
                0x0800098e                _isatty
 .text._lseek   0x080009a4       0x1a ./Core/Src/syscalls.o
                0x080009a4                _lseek
 *fill*         0x080009be        0x2 
 .text._sbrk    0x080009c0       0x6c ./Core/Src/sysmem.o
                0x080009c0                _sbrk
 .text.SystemInit
                0x08000a2c       0x80 ./Core/Src/system_stm32wbaxx.o
                0x08000a2c                SystemInit
 .text.SystemCoreClockUpdate
                0x08000aac      0x15c ./Core/Src/system_stm32wbaxx.o
                0x08000aac                SystemCoreClockUpdate
 .text.Reset_Handler
                0x08000c08       0x5c ./Core/Startup/startup_stm32wba65rivx.o
                0x08000c08                Reset_Handler
 .text.Default_Handler
                0x08000c64        0x2 ./Core/Startup/startup_stm32wba65rivx.o
                0x08000c64                EXTI2_IRQHandler
                0x08000c64                FLASH_S_IRQHandler
                0x08000c64                TIM1_CC_IRQHandler
                0x08000c64                TSC_IRQHandler
                0x08000c64                TAMP_IRQHandler
                0x08000c64                EXTI12_IRQHandler
                0x08000c64                PVD_IRQHandler
                0x08000c64                EXTI3_IRQHandler
                0x08000c64                GPDMA1_Channel5_IRQHandler
                0x08000c64                RADIO_IRQHandler
                0x08000c64                EXTI8_IRQHandler
                0x08000c64                LPTIM2_IRQHandler
                0x08000c64                RCC_AUDIOSYNC_IRQHandler
                0x08000c64                I2C3_ER_IRQHandler
                0x08000c64                EXTI0_IRQHandler
                0x08000c64                I2C2_EV_IRQHandler
                0x08000c64                FPU_IRQHandler
                0x08000c64                GPDMA1_Channel3_IRQHandler
                0x08000c64                GPDMA1_Channel7_IRQHandler
                0x08000c64                RAMCFG_IRQHandler
                0x08000c64                SPI1_IRQHandler
                0x08000c64                GPDMA1_Channel2_IRQHandler
                0x08000c64                RCC_S_IRQHandler
                0x08000c64                PKA_IRQHandler
                0x08000c64                EXTI15_IRQHandler
                0x08000c64                TIM17_IRQHandler
                0x08000c64                USART3_IRQHandler
                0x08000c64                WKUP_IRQHandler
                0x08000c64                RTC_IRQHandler
                0x08000c64                EXTI9_IRQHandler
                0x08000c64                USB_OTG_HS_IRQHandler
                0x08000c64                TIM4_IRQHandler
                0x08000c64                I2C1_EV_IRQHandler
                0x08000c64                GPDMA1_Channel1_IRQHandler
                0x08000c64                TIM16_IRQHandler
                0x08000c64                EXTI19_RADIO_IO_IRQHandler
                0x08000c64                SecureFault_Handler
                0x08000c64                TIM3_IRQHandler
                0x08000c64                RCC_IRQHandler
                0x08000c64                TIM1_TRG_COM_IRQHandler
                0x08000c64                Default_Handler
                0x08000c64                SAES_IRQHandler
                0x08000c64                GPDMA1_Channel0_IRQHandler
                0x08000c64                I2C3_EV_IRQHandler
                0x08000c64                WKUP_S_IRQHandler
                0x08000c64                SPI2_IRQHandler
                0x08000c64                EXTI14_IRQHandler
                0x08000c64                EXTI11_IRQHandler
                0x08000c64                RTC_S_IRQHandler
                0x08000c64                RNG_IRQHandler
                0x08000c64                HSEM_S_IRQHandler
                0x08000c64                COMP_IRQHandler
                0x08000c64                HSEM_IRQHandler
                0x08000c64                TIM1_UP_IRQHandler
                0x08000c64                ADC4_IRQHandler
                0x08000c64                WWDG_IRQHandler
                0x08000c64                I2C4_EV_IRQHandler
                0x08000c64                IWDG_IRQHandler
                0x08000c64                LPUART1_IRQHandler
                0x08000c64                TIM2_IRQHandler
                0x08000c64                GPDMA1_Channel4_IRQHandler
                0x08000c64                EXTI7_IRQHandler
                0x08000c64                TIM1_BRK_IRQHandler
                0x08000c64                EXTI1_IRQHandler
                0x08000c64                AES_IRQHandler
                0x08000c64                GTZC_IRQHandler
                0x08000c64                USART2_IRQHandler
                0x08000c64                GPDMA1_Channel6_IRQHandler
                0x08000c64                EXTI20_RADIO_IO_IRQHandler
                0x08000c64                I2C2_ER_IRQHandler
                0x08000c64                FLASH_IRQHandler
                0x08000c64                USART1_IRQHandler
                0x08000c64                EXTI10_IRQHandler
                0x08000c64                SPI3_IRQHandler
                0x08000c64                I2C1_ER_IRQHandler
                0x08000c64                EXTI6_IRQHandler
                0x08000c64                LPTIM1_IRQHandler
                0x08000c64                I2C4_ER_IRQHandler
                0x08000c64                ICACHE_IRQHandler
                0x08000c64                SAI1_IRQHandler
                0x08000c64                HASH_IRQHandler
 *fill*         0x08000c66        0x2 
 .text.BSP_LED_Init
                0x08000c68       0xcc ./Drivers/BSP/STM32WBAxx_Nucleo/stm32wbaxx_nucleo.o
                0x08000c68                BSP_LED_Init
 .text.BSP_LED_On
                0x08000d34       0x34 ./Drivers/BSP/STM32WBAxx_Nucleo/stm32wbaxx_nucleo.o
                0x08000d34                BSP_LED_On
 .text.BSP_LED_Toggle
                0x08000d68       0x34 ./Drivers/BSP/STM32WBAxx_Nucleo/stm32wbaxx_nucleo.o
                0x08000d68                BSP_LED_Toggle
 .text.BSP_PB_Init
                0x08000d9c      0x1a4 ./Drivers/BSP/STM32WBAxx_Nucleo/stm32wbaxx_nucleo.o
                0x08000d9c                BSP_PB_Init
 .text.BSP_PB_IRQHandler
                0x08000f40       0x2c ./Drivers/BSP/STM32WBAxx_Nucleo/stm32wbaxx_nucleo.o
                0x08000f40                BSP_PB_IRQHandler
 .text.BSP_COM_Init
                0x08000f6c       0x80 ./Drivers/BSP/STM32WBAxx_Nucleo/stm32wbaxx_nucleo.o
                0x08000f6c                BSP_COM_Init
 .text.__io_putchar
                0x08000fec       0x38 ./Drivers/BSP/STM32WBAxx_Nucleo/stm32wbaxx_nucleo.o
                0x08000fec                __io_putchar
 .text.MX_USART1_Init
                0x08001024       0x62 ./Drivers/BSP/STM32WBAxx_Nucleo/stm32wbaxx_nucleo.o
                0x08001024                MX_USART1_Init
 .text.B1_EXTI_Callback
                0x08001086        0xe ./Drivers/BSP/STM32WBAxx_Nucleo/stm32wbaxx_nucleo.o
 .text.B2_EXTI_Callback
                0x08001094        0xe ./Drivers/BSP/STM32WBAxx_Nucleo/stm32wbaxx_nucleo.o
 .text.B3_EXTI_Callback
                0x080010a2        0xe ./Drivers/BSP/STM32WBAxx_Nucleo/stm32wbaxx_nucleo.o
 .text.UART_MspInit
                0x080010b0       0xb0 ./Drivers/BSP/STM32WBAxx_Nucleo/stm32wbaxx_nucleo.o
 .text.HAL_Init
                0x08001160       0x40 ./Drivers/STM32WBAxx_HAL_Driver/Src/stm32wbaxx_hal.o
                0x08001160                HAL_Init
 .text.HAL_InitTick
                0x080011a0      0x128 ./Drivers/STM32WBAxx_HAL_Driver/Src/stm32wbaxx_hal.o
                0x080011a0                HAL_InitTick
 .text.HAL_IncTick
                0x080012c8       0x28 ./Drivers/STM32WBAxx_HAL_Driver/Src/stm32wbaxx_hal.o
                0x080012c8                HAL_IncTick
 .text.HAL_GetTick
                0x080012f0       0x18 ./Drivers/STM32WBAxx_HAL_Driver/Src/stm32wbaxx_hal.o
                0x080012f0                HAL_GetTick
 .text.HAL_Delay
                0x08001308       0x48 ./Drivers/STM32WBAxx_HAL_Driver/Src/stm32wbaxx_hal.o
                0x08001308                HAL_Delay
 .text.__NVIC_SetPriorityGrouping
                0x08001350       0x48 ./Drivers/STM32WBAxx_HAL_Driver/Src/stm32wbaxx_hal_cortex.o
 .text.__NVIC_GetPriorityGrouping
                0x08001398       0x1c ./Drivers/STM32WBAxx_HAL_Driver/Src/stm32wbaxx_hal_cortex.o
 .text.__NVIC_EnableIRQ
                0x080013b4       0x3c ./Drivers/STM32WBAxx_HAL_Driver/Src/stm32wbaxx_hal_cortex.o
 .text.__NVIC_SetPriority
                0x080013f0       0x54 ./Drivers/STM32WBAxx_HAL_Driver/Src/stm32wbaxx_hal_cortex.o
 .text.NVIC_EncodePriority
                0x08001444       0x66 ./Drivers/STM32WBAxx_HAL_Driver/Src/stm32wbaxx_hal_cortex.o
 .text.HAL_NVIC_SetPriorityGrouping
                0x080014aa       0x16 ./Drivers/STM32WBAxx_HAL_Driver/Src/stm32wbaxx_hal_cortex.o
                0x080014aa                HAL_NVIC_SetPriorityGrouping
 .text.HAL_NVIC_SetPriority
                0x080014c0       0x3a ./Drivers/STM32WBAxx_HAL_Driver/Src/stm32wbaxx_hal_cortex.o
                0x080014c0                HAL_NVIC_SetPriority
 .text.HAL_NVIC_EnableIRQ
                0x080014fa       0x1c ./Drivers/STM32WBAxx_HAL_Driver/Src/stm32wbaxx_hal_cortex.o
                0x080014fa                HAL_NVIC_EnableIRQ
 *fill*         0x08001516        0x2 
 .text.HAL_SYSTICK_Config
                0x08001518       0x44 ./Drivers/STM32WBAxx_HAL_Driver/Src/stm32wbaxx_hal_cortex.o
                0x08001518                HAL_SYSTICK_Config
 .text.HAL_SYSTICK_CLKSourceConfig
                0x0800155c       0xdc ./Drivers/STM32WBAxx_HAL_Driver/Src/stm32wbaxx_hal_cortex.o
                0x0800155c                HAL_SYSTICK_CLKSourceConfig
 .text.HAL_EXTI_RegisterCallback
                0x08001638       0x58 ./Drivers/STM32WBAxx_HAL_Driver/Src/stm32wbaxx_hal_exti.o
                0x08001638                HAL_EXTI_RegisterCallback
 .text.HAL_EXTI_GetHandle
                0x08001690       0x28 ./Drivers/STM32WBAxx_HAL_Driver/Src/stm32wbaxx_hal_exti.o
                0x08001690                HAL_EXTI_GetHandle
 .text.HAL_EXTI_IRQHandler
                0x080016b8       0x90 ./Drivers/STM32WBAxx_HAL_Driver/Src/stm32wbaxx_hal_exti.o
                0x080016b8                HAL_EXTI_IRQHandler
 .text.HAL_GPIO_Init
                0x08001748      0x2ac ./Drivers/STM32WBAxx_HAL_Driver/Src/stm32wbaxx_hal_gpio.o
                0x08001748                HAL_GPIO_Init
 .text.HAL_GPIO_WritePin
                0x080019f4       0x30 ./Drivers/STM32WBAxx_HAL_Driver/Src/stm32wbaxx_hal_gpio.o
                0x080019f4                HAL_GPIO_WritePin
 .text.HAL_GPIO_TogglePin
                0x08001a24       0x34 ./Drivers/STM32WBAxx_HAL_Driver/Src/stm32wbaxx_hal_gpio.o
                0x08001a24                HAL_GPIO_TogglePin
 .text.HAL_PWREx_ControlVoltageScaling
                0x08001a58       0xbc ./Drivers/STM32WBAxx_HAL_Driver/Src/stm32wbaxx_hal_pwr_ex.o
                0x08001a58                HAL_PWREx_ControlVoltageScaling
 .text.HAL_PWREx_ConfigSupply
                0x08001b14       0x98 ./Drivers/STM32WBAxx_HAL_Driver/Src/stm32wbaxx_hal_pwr_ex.o
                0x08001b14                HAL_PWREx_ConfigSupply
 .text.HAL_RCC_OscConfig
                0x08001bac      0x820 ./Drivers/STM32WBAxx_HAL_Driver/Src/stm32wbaxx_hal_rcc.o
                0x08001bac                HAL_RCC_OscConfig
 .text.HAL_RCC_ClockConfig
                0x080023cc      0x25c ./Drivers/STM32WBAxx_HAL_Driver/Src/stm32wbaxx_hal_rcc.o
                0x080023cc                HAL_RCC_ClockConfig
 .text.HAL_RCC_GetSysClockFreq
                0x08002628       0x54 ./Drivers/STM32WBAxx_HAL_Driver/Src/stm32wbaxx_hal_rcc.o
                0x08002628                HAL_RCC_GetSysClockFreq
 .text.HAL_RCC_GetHCLKFreq
                0x0800267c       0x34 ./Drivers/STM32WBAxx_HAL_Driver/Src/stm32wbaxx_hal_rcc.o
                0x0800267c                HAL_RCC_GetHCLKFreq
 .text.HAL_RCC_GetPCLK1Freq
                0x080026b0       0x28 ./Drivers/STM32WBAxx_HAL_Driver/Src/stm32wbaxx_hal_rcc.o
                0x080026b0                HAL_RCC_GetPCLK1Freq
 .text.HAL_RCC_GetPCLK2Freq
                0x080026d8       0x28 ./Drivers/STM32WBAxx_HAL_Driver/Src/stm32wbaxx_hal_rcc.o
                0x080026d8                HAL_RCC_GetPCLK2Freq
 .text.HAL_RCC_GetPCLK7Freq
                0x08002700       0x28 ./Drivers/STM32WBAxx_HAL_Driver/Src/stm32wbaxx_hal_rcc.o
                0x08002700                HAL_RCC_GetPCLK7Freq
 .text.HAL_RCC_GetPLL1RFreq
                0x08002728       0x38 ./Drivers/STM32WBAxx_HAL_Driver/Src/stm32wbaxx_hal_rcc.o
                0x08002728                HAL_RCC_GetPLL1RFreq
 .text.RCC_PLL1_GetVCOOutputFreq
                0x08002760       0xf0 ./Drivers/STM32WBAxx_HAL_Driver/Src/stm32wbaxx_hal_rcc.o
 .text.HAL_UART_Init
                0x08002850       0xa0 ./Drivers/STM32WBAxx_HAL_Driver/Src/stm32wbaxx_hal_uart.o
                0x08002850                HAL_UART_Init
 .text.HAL_UART_MspInit
                0x080028f0       0x14 ./Drivers/STM32WBAxx_HAL_Driver/Src/stm32wbaxx_hal_uart.o
                0x080028f0                HAL_UART_MspInit
 .text.HAL_UART_Transmit
                0x08002904      0x132 ./Drivers/STM32WBAxx_HAL_Driver/Src/stm32wbaxx_hal_uart.o
                0x08002904                HAL_UART_Transmit
 *fill*         0x08002a36        0x2 
 .text.UART_SetConfig
                0x08002a38      0x594 ./Drivers/STM32WBAxx_HAL_Driver/Src/stm32wbaxx_hal_uart.o
                0x08002a38                UART_SetConfig
 .text.UART_AdvFeatureConfig
                0x08002fcc      0x144 ./Drivers/STM32WBAxx_HAL_Driver/Src/stm32wbaxx_hal_uart.o
                0x08002fcc                UART_AdvFeatureConfig
 .text.UART_CheckIdleState
                0x08003110      0x154 ./Drivers/STM32WBAxx_HAL_Driver/Src/stm32wbaxx_hal_uart.o
                0x08003110                UART_CheckIdleState
 .text.UART_WaitOnFlagUntilTimeout
                0x08003264       0xda ./Drivers/STM32WBAxx_HAL_Driver/Src/stm32wbaxx_hal_uart.o
                0x08003264                UART_WaitOnFlagUntilTimeout
 .text.UART_EndRxTransfer
                0x0800333e       0xcc ./Drivers/STM32WBAxx_HAL_Driver/Src/stm32wbaxx_hal_uart.o
 *fill*         0x0800340a        0x2 
 .text.std      0x0800340c       0x6c C:/ST/STM32CubeIDE_2.0.0/STM32CubeIDE/plugins/com.st.stm32cube.ide.mcu.externaltools.gnu-tools-for-stm32.14.3.rel1.win32_1.0.100.202602081740/tools/bin/../lib/gcc/arm-none-eabi/14.3.1/../../../../arm-none-eabi/lib/thumb/v8-m.main+fp/hard\libc_nano.a(libc_a-findfp.o)
 .text.stdio_exit_handler
                0x08003478       0x18 C:/ST/STM32CubeIDE_2.0.0/STM32CubeIDE/plugins/com.st.stm32cube.ide.mcu.externaltools.gnu-tools-for-stm32.14.3.rel1.win32_1.0.100.202602081740/tools/bin/../lib/gcc/arm-none-eabi/14.3.1/../../../../arm-none-eabi/lib/thumb/v8-m.main+fp/hard\libc_nano.a(libc_a-findfp.o)
 .text.cleanup_stdio
                0x08003490       0x40 C:/ST/STM32CubeIDE_2.0.0/STM32CubeIDE/plugins/com.st.stm32cube.ide.mcu.externaltools.gnu-tools-for-stm32.14.3.rel1.win32_1.0.100.202602081740/tools/bin/../lib/gcc/arm-none-eabi/14.3.1/../../../../arm-none-eabi/lib/thumb/v8-m.main+fp/hard\libc_nano.a(libc_a-findfp.o)
 .text.global_stdio_init.part.0
                0x080034d0       0x40 C:/ST/STM32CubeIDE_2.0.0/STM32CubeIDE/plugins/com.st.stm32cube.ide.mcu.externaltools.gnu-tools-for-stm32.14.3.rel1.win32_1.0.100.202602081740/tools/bin/../lib/gcc/arm-none-eabi/14.3.1/../../../../arm-none-eabi/lib/thumb/v8-m.main+fp/hard\libc_nano.a(libc_a-findfp.o)
 .text.__sfp_lock_acquire
                0x08003510        0xc C:/ST/STM32CubeIDE_2.0.0/STM32CubeIDE/plugins/com.st.stm32cube.ide.mcu.externaltools.gnu-tools-for-stm32.14.3.rel1.win32_1.0.100.202602081740/tools/bin/../lib/gcc/arm-none-eabi/14.3.1/../../../../arm-none-eabi/lib/thumb/v8-m.main+fp/hard\libc_nano.a(libc_a-findfp.o)
                0x08003510                __sfp_lock_acquire
 .text.__sfp_lock_release
                0x0800351c        0xc C:/ST/STM32CubeIDE_2.0.0/STM32CubeIDE/plugins/com.st.stm32cube.ide.mcu.externaltools.gnu-tools-for-stm32.14.3.rel1.win32_1.0.100.202602081740/tools/bin/../lib/gcc/arm-none-eabi/14.3.1/../../../../arm-none-eabi/lib/thumb/v8-m.main+fp/hard\libc_nano.a(libc_a-findfp.o)
                0x0800351c                __sfp_lock_release
 .text.__sinit  0x08003528       0x30 C:/ST/STM32CubeIDE_2.0.0/STM32CubeIDE/plugins/com.st.stm32cube.ide.mcu.externaltools.gnu-tools-for-stm32.14.3.rel1.win32_1.0.100.202602081740/tools/bin/../lib/gcc/arm-none-eabi/14.3.1/../../../../arm-none-eabi/lib/thumb/v8-m.main+fp/hard\libc_nano.a(libc_a-findfp.o)
                0x08003528                __sinit
 .text._fwalk_sglue
                0x08003558       0x3c C:/ST/STM32CubeIDE_2.0.0/STM32CubeIDE/plugins/com.st.stm32cube.ide.mcu.externaltools.gnu-tools-for-stm32.14.3.rel1.win32_1.0.100.202602081740/tools/bin/../lib/gcc/arm-none-eabi/14.3.1/../../../../arm-none-eabi/lib/thumb/v8-m.main+fp/hard\libc_nano.a(libc_a-fwalk.o)
                0x08003558                _fwalk_sglue
 .text.printf   0x08003594       0x24 C:/ST/STM32CubeIDE_2.0.0/STM32CubeIDE/plugins/com.st.stm32cube.ide.mcu.externaltools.gnu-tools-for-stm32.14.3.rel1.win32_1.0.100.202602081740/tools/bin/../lib/gcc/arm-none-eabi/14.3.1/../../../../arm-none-eabi/lib/thumb/v8-m.main+fp/hard\libc_nano.a(libc_a-printf.o)
                0x08003594                iprintf
                0x08003594                printf
 .text.__sread  0x080035b8       0x22 C:/ST/STM32CubeIDE_2.0.0/STM32CubeIDE/plugins/com.st.stm32cube.ide.mcu.externaltools.gnu-tools-for-stm32.14.3.rel1.win32_1.0.100.202602081740/tools/bin/../lib/gcc/arm-none-eabi/14.3.1/../../../../arm-none-eabi/lib/thumb/v8-m.main+fp/hard\libc_nano.a(libc_a-stdio.o)
                0x080035b8                __sread
 .text.__swrite
                0x080035da       0x38 C:/ST/STM32CubeIDE_2.0.0/STM32CubeIDE/plugins/com.st.stm32cube.ide.mcu.externaltools.gnu-tools-for-stm32.14.3.rel1.win32_1.0.100.202602081740/tools/bin/../lib/gcc/arm-none-eabi/14.3.1/../../../../arm-none-eabi/lib/thumb/v8-m.main+fp/hard\libc_nano.a(libc_a-stdio.o)
                0x080035da                __swrite
 .text.__sseek  0x08003612       0x26 C:/ST/STM32CubeIDE_2.0.0/STM32CubeIDE/plugins/com.st.stm32cube.ide.mcu.externaltools.gnu-tools-for-stm32.14.3.rel1.win32_1.0.100.202602081740/tools/bin/../lib/gcc/arm-none-eabi/14.3.1/../../../../arm-none-eabi/lib/thumb/v8-m.main+fp/hard\libc_nano.a(libc_a-stdio.o)
                0x08003612                __sseek
 .text.__sclose
                0x08003638        0x8 C:/ST/STM32CubeIDE_2.0.0/STM32CubeIDE/plugins/com.st.stm32cube.ide.mcu.externaltools.gnu-tools-for-stm32.14.3.rel1.win32_1.0.100.202602081740/tools/bin/../lib/gcc/arm-none-eabi/14.3.1/../../../../arm-none-eabi/lib/thumb/v8-m.main+fp/hard\libc_nano.a(libc_a-stdio.o)
                0x08003638                __sclose
 .text.memset   0x08003640       0x10 C:/ST/STM32CubeIDE_2.0.0/STM32CubeIDE/plugins/com.st.stm32cube.ide.mcu.externaltools.gnu-tools-for-stm32.14.3.rel1.win32_1.0.100.202602081740/tools/bin/../lib/gcc/arm-none-eabi/14.3.1/../../../../arm-none-eabi/lib/thumb/v8-m.main+fp/hard\libc_nano.a(libc_a-memset.o)
                0x08003640                memset
 .text._close_r
                0x08003650       0x20 C:/ST/STM32CubeIDE_2.0.0/STM32CubeIDE/plugins/com.st.stm32cube.ide.mcu.externaltools.gnu-tools-for-stm32.14.3.rel1.win32_1.0.100.202602081740/tools/bin/../lib/gcc/arm-none-eabi/14.3.1/../../../../arm-none-eabi/lib/thumb/v8-m.main+fp/hard\libc_nano.a(libc_a-closer.o)
                0x08003650                _close_r
 .text._lseek_r
                0x08003670       0x24 C:/ST/STM32CubeIDE_2.0.0/STM32CubeIDE/plugins/com.st.stm32cube.ide.mcu.externaltools.gnu-tools-for-stm32.14.3.rel1.win32_1.0.100.202602081740/tools/bin/../lib/gcc/arm-none-eabi/14.3.1/../../../../arm-none-eabi/lib/thumb/v8-m.main+fp/hard\libc_nano.a(libc_a-lseekr.o)
                0x08003670                _lseek_r
 .text._read_r  0x08003694       0x24 C:/ST/STM32CubeIDE_2.0.0/STM32CubeIDE/plugins/com.st.stm32cube.ide.mcu.externaltools.gnu-tools-for-stm32.14.3.rel1.win32_1.0.100.202602081740/tools/bin/../lib/gcc/arm-none-eabi/14.3.1/../../../../arm-none-eabi/lib/thumb/v8-m.main+fp/hard\libc_nano.a(libc_a-readr.o)
                0x08003694                _read_r
 .text._write_r
                0x080036b8       0x24 C:/ST/STM32CubeIDE_2.0.0/STM32CubeIDE/plugins/com.st.stm32cube.ide.mcu.externaltools.gnu-tools-for-stm32.14.3.rel1.win32_1.0.100.202602081740/tools/bin/../lib/gcc/arm-none-eabi/14.3.1/../../../../arm-none-eabi/lib/thumb/v8-m.main+fp/hard\libc_nano.a(libc_a-writer.o)
                0x080036b8                _write_r
 .text.__errno  0x080036dc        0xc C:/ST/STM32CubeIDE_2.0.0/STM32CubeIDE/plugins/com.st.stm32cube.ide.mcu.externaltools.gnu-tools-for-stm32.14.3.rel1.win32_1.0.100.202602081740/tools/bin/../lib/gcc/arm-none-eabi/14.3.1/../../../../arm-none-eabi/lib/thumb/v8-m.main+fp/hard\libc_nano.a(libc_a-errno.o)
                0x080036dc                __errno
 .text.__libc_init_array
                0x080036e8       0x48 C:/ST/STM32CubeIDE_2.0.0/STM32CubeIDE/plugins/com.st.stm32cube.ide.mcu.externaltools.gnu-tools-for-stm32.14.3.rel1.win32_1.0.100.202602081740/tools/bin/../lib/gcc/arm-none-eabi/14.3.1/../../../../arm-none-eabi/lib/thumb/v8-m.main+fp/hard\libc_nano.a(libc_a-init.o)
                0x080036e8                __libc_init_array
 .text.__retarget_lock_init_recursive
                0x08003730        0x2 C:/ST/STM32CubeIDE_2.0.0/STM32CubeIDE/plugins/com.st.stm32cube.ide.mcu.externaltools.gnu-tools-for-stm32.14.3.rel1.win32_1.0.100.202602081740/tools/bin/../lib/gcc/arm-none-eabi/14.3.1/../../../../arm-none-eabi/lib/thumb/v8-m.main+fp/hard\libc_nano.a(libc_a-lock.o)
                0x08003730                __retarget_lock_init_recursive
 .text.__retarget_lock_acquire_recursive
                0x08003732        0x2 C:/ST/STM32CubeIDE_2.0.0/STM32CubeIDE/plugins/com.st.stm32cube.ide.mcu.externaltools.gnu-tools-for-stm32.14.3.rel1.win32_1.0.100.202602081740/tools/bin/../lib/gcc/arm-none-eabi/14.3.1/../../../../arm-none-eabi/lib/thumb/v8-m.main+fp/hard\libc_nano.a(libc_a-lock.o)
                0x08003732                __retarget_lock_acquire_recursive
 .text.__retarget_lock_release_recursive
                0x08003734        0x2 C:/ST/STM32CubeIDE_2.0.0/STM32CubeIDE/plugins/com.st.stm32cube.ide.mcu.externaltools.gnu-tools-for-stm32.14.3.rel1.win32_1.0.100.202602081740/tools/bin/../lib/gcc/arm-none-eabi/14.3.1/../../../../arm-none-eabi/lib/thumb/v8-m.main+fp/hard\libc_nano.a(libc_a-lock.o)
                0x08003734                __retarget_lock_release_recursive
 *fill*         0x08003736        0x2 
 .text._free_r  0x08003738       0x94 C:/ST/STM32CubeIDE_2.0.0/STM32CubeIDE/plugins/com.st.stm32cube.ide.mcu.externaltools.gnu-tools-for-stm32.14.3.rel1.win32_1.0.100.202602081740/tools/bin/../lib/gcc/arm-none-eabi/14.3.1/../../../../arm-none-eabi/lib/thumb/v8-m.main+fp/hard\libc_nano.a(libc_a-freer.o)
                0x08003738                _free_r
 .text.sbrk_aligned
                0x080037cc       0x44 C:/ST/STM32CubeIDE_2.0.0/STM32CubeIDE/plugins/com.st.stm32cube.ide.mcu.externaltools.gnu-tools-for-stm32.14.3.rel1.win32_1.0.100.202602081740/tools/bin/../lib/gcc/arm-none-eabi/14.3.1/../../../../arm-none-eabi/lib/thumb/v8-m.main+fp/hard\libc_nano.a(libc_a-mallocr.o)
 .text._malloc_r
                0x08003810      0x100 C:/ST/STM32CubeIDE_2.0.0/STM32CubeIDE/plugins/com.st.stm32cube.ide.mcu.externaltools.gnu-tools-for-stm32.14.3.rel1.win32_1.0.100.202602081740/tools/bin/../lib/gcc/arm-none-eabi/14.3.1/../../../../arm-none-eabi/lib/thumb/v8-m.main+fp/hard\libc_nano.a(libc_a-mallocr.o)
                0x08003810                _malloc_r
 .text.__malloc_lock
                0x08003910        0xc C:/ST/STM32CubeIDE_2.0.0/STM32CubeIDE/plugins/com.st.stm32cube.ide.mcu.externaltools.gnu-tools-for-stm32.14.3.rel1.win32_1.0.100.202602081740/tools/bin/../lib/gcc/arm-none-eabi/14.3.1/../../../../arm-none-eabi/lib/thumb/v8-m.main+fp/hard\libc_nano.a(libc_a-mlock.o)
                0x08003910                __malloc_lock
 .text.__malloc_unlock
                0x0800391c        0xc C:/ST/STM32CubeIDE_2.0.0/STM32CubeIDE/plugins/com.st.stm32cube.ide.mcu.externaltools.gnu-tools-for-stm32.14.3.rel1.win32_1.0.100.202602081740/tools/bin/../lib/gcc/arm-none-eabi/14.3.1/../../../../arm-none-eabi/lib/thumb/v8-m.main+fp/hard\libc_nano.a(libc_a-mlock.o)
                0x0800391c                __malloc_unlock
 .text.__sfputc_r
                0x08003928       0x2e C:/ST/STM32CubeIDE_2.0.0/STM32CubeIDE/plugins/com.st.stm32cube.ide.mcu.externaltools.gnu-tools-for-stm32.14.3.rel1.win32_1.0.100.202602081740/tools/bin/../lib/gcc/arm-none-eabi/14.3.1/../../../../arm-none-eabi/lib/thumb/v8-m.main+fp/hard\libc_nano.a(libc_a-nano-vfprintf.o)
 .text.__sfputs_r
                0x08003956       0x24 C:/ST/STM32CubeIDE_2.0.0/STM32CubeIDE/plugins/com.st.stm32cube.ide.mcu.externaltools.gnu-tools-for-stm32.14.3.rel1.win32_1.0.100.202602081740/tools/bin/../lib/gcc/arm-none-eabi/14.3.1/../../../../arm-none-eabi/lib/thumb/v8-m.main+fp/hard\libc_nano.a(libc_a-nano-vfprintf.o)
                0x08003956                __sfputs_r
 *fill*         0x0800397a        0x2 
 .text._vfprintf_r
                0x0800397c      0x228 C:/ST/STM32CubeIDE_2.0.0/STM32CubeIDE/plugins/com.st.stm32cube.ide.mcu.externaltools.gnu-tools-for-stm32.14.3.rel1.win32_1.0.100.202602081740/tools/bin/../lib/gcc/arm-none-eabi/14.3.1/../../../../arm-none-eabi/lib/thumb/v8-m.main+fp/hard\libc_nano.a(libc_a-nano-vfprintf.o)
                0x0800397c                _vfprintf_r
                0x0800397c                _vfiprintf_r
 .text._printf_common
                0x08003ba4       0xe4 C:/ST/STM32CubeIDE_2.0.0/STM32CubeIDE/plugins/com.st.stm32cube.ide.mcu.externaltools.gnu-tools-for-stm32.14.3.rel1.win32_1.0.100.202602081740/tools/bin/../lib/gcc/arm-none-eabi/14.3.1/../../../../arm-none-eabi/lib/thumb/v8-m.main+fp/hard\libc_nano.a(libc_a-nano-vfprintf_i.o)
                0x08003ba4                _printf_common
 .text._printf_i
                0x08003c88      0x24c C:/ST/STM32CubeIDE_2.0.0/STM32CubeIDE/plugins/com.st.stm32cube.ide.mcu.externaltools.gnu-tools-for-stm32.14.3.rel1.win32_1.0.100.202602081740/tools/bin/../lib/gcc/arm-none-eabi/14.3.1/../../../../arm-none-eabi/lib/thumb/v8-m.main+fp/hard\libc_nano.a(libc_a-nano-vfprintf_i.o)
                0x08003c88                _printf_i
 .text.__sflush_r
                0x08003ed4      0x100 C:/ST/STM32CubeIDE_2.0.0/STM32CubeIDE/plugins/com.st.stm32cube.ide.mcu.externaltools.gnu-tools-for-stm32.14.3.rel1.win32_1.0.100.202602081740/tools/bin/../lib/gcc/arm-none-eabi/14.3.1/../../../../arm-none-eabi/lib/thumb/v8-m.main+fp/hard\libc_nano.a(libc_a-fflush.o)
                0x08003ed4                __sflush_r
 .text._fflush_r
                0x08003fd4       0x50 C:/ST/STM32CubeIDE_2.0.0/STM32CubeIDE/plugins/com.st.stm32cube.ide.mcu.externaltools.gnu-tools-for-stm32.14.3.rel1.win32_1.0.100.202602081740/tools/bin/../lib/gcc/arm-none-eabi/14.3.1/../../../../arm-none-eabi/lib/thumb/v8-m.main+fp/hard\libc_nano.a(libc_a-fflush.o)
                0x08003fd4                _fflush_r
 .text.__swbuf_r
                0x08004024       0x7c C:/ST/STM32CubeIDE_2.0.0/STM32CubeIDE/plugins/com.st.stm32cube.ide.mcu.externaltools.gnu-tools-for-stm32.14.3.rel1.win32_1.0.100.202602081740/tools/bin/../lib/gcc/arm-none-eabi/14.3.1/../../../../arm-none-eabi/lib/thumb/v8-m.main+fp/hard\libc_nano.a(libc_a-wbuf.o)
                0x08004024                __swbuf_r
 .text.__swsetup_r
                0x080040a0       0xa8 C:/ST/STM32CubeIDE_2.0.0/STM32CubeIDE/plugins/com.st.stm32cube.ide.mcu.externaltools.gnu-tools-for-stm32.14.3.rel1.win32_1.0.100.202602081740/tools/bin/../lib/gcc/arm-none-eabi/14.3.1/../../../../arm-none-eabi/lib/thumb/v8-m.main+fp/hard\libc_nano.a(libc_a-wsetup.o)
                0x080040a0                __swsetup_r
 .text._sbrk_r  0x08004148       0x20 C:/ST/STM32CubeIDE_2.0.0/STM32CubeIDE/plugins/com.st.stm32cube.ide.mcu.externaltools.gnu-tools-for-stm32.14.3.rel1.win32_1.0.100.202602081740/tools/bin/../lib/gcc/arm-none-eabi/14.3.1/../../../../arm-none-eabi/lib/thumb/v8-m.main+fp/hard\libc_nano.a(libc_a-sbrkr.o)
                0x08004148                _sbrk_r
 .text.memchr   0x08004168       0x1c C:/ST/STM32CubeIDE_2.0.0/STM32CubeIDE/plugins/com.st.stm32cube.ide.mcu.externaltools.gnu-tools-for-stm32.14.3.rel1.win32_1.0.100.202602081740/tools/bin/../lib/gcc/arm-none-eabi/14.3.1/../../../../arm-none-eabi/lib/thumb/v8-m.main+fp/hard\libc_nano.a(libc_a-memchr-stub.o)
                0x08004168                memchr
 .text.__swhatbuf_r
                0x08004184       0x48 C:/ST/STM32CubeIDE_2.0.0/STM32CubeIDE/plugins/com.st.stm32cube.ide.mcu.externaltools.gnu-tools-for-stm32.14.3.rel1.win32_1.0.100.202602081740/tools/bin/../lib/gcc/arm-none-eabi/14.3.1/../../../../arm-none-eabi/lib/thumb/v8-m.main+fp/hard\libc_nano.a(libc_a-makebuf.o)
                0x08004184                __swhatbuf_r
 .text.__smakebuf_r
                0x080041cc       0x72 C:/ST/STM32CubeIDE_2.0.0/STM32CubeIDE/plugins/com.st.stm32cube.ide.mcu.externaltools.gnu-tools-for-stm32.14.3.rel1.win32_1.0.100.202602081740/tools/bin/../lib/gcc/arm-none-eabi/14.3.1/../../../../arm-none-eabi/lib/thumb/v8-m.main+fp/hard\libc_nano.a(libc_a-makebuf.o)
                0x080041cc                __smakebuf_r
 *fill*         0x0800423e        0x2 
 .text._fstat_r
                0x08004240       0x24 C:/ST/STM32CubeIDE_2.0.0/STM32CubeIDE/plugins/com.st.stm32cube.ide.mcu.externaltools.gnu-tools-for-stm32.14.3.rel1.win32_1.0.100.202602081740/tools/bin/../lib/gcc/arm-none-eabi/14.3.1/../../../../arm-none-eabi/lib/thumb/v8-m.main+fp/hard\libc_nano.a(libc_a-fstatr.o)
                0x08004240                _fstat_r
 .text._isatty_r
                0x08004264       0x20 C:/ST/STM32CubeIDE_2.0.0/STM32CubeIDE/plugins/com.st.stm32cube.ide.mcu.externaltools.gnu-tools-for-stm32.14.3.rel1.win32_1.0.100.202602081740/tools/bin/../lib/gcc/arm-none-eabi/14.3.1/../../../../arm-none-eabi/lib/thumb/v8-m.main+fp/hard\libc_nano.a(libc_a-isattyr.o)
                0x08004264                _isatty_r
 *(.glue_7)
 .glue_7        0x08004284        0x0 linker stubs
 *(.glue_7t)
 .glue_7t       0x08004284        0x0 linker stubs
 *(.eh_frame)
 .eh_frame      0x08004284        0x0 C:/ST/STM32CubeIDE_2.0.0/STM32CubeIDE/plugins/com.st.stm32cube.ide.mcu.externaltools.gnu-tools-for-stm32.14.3.rel1.win32_1.0.100.202602081740/tools/bin/../lib/gcc/arm-none-eabi/14.3.1/thumb/v8-m.main+fp/hard/crtbegin.o
 *(.init)
 .init          0x08004284        0x4 C:/ST/STM32CubeIDE_2.0.0/STM32CubeIDE/plugins/com.st.stm32cube.ide.mcu.externaltools.gnu-tools-for-stm32.14.3.rel1.win32_1.0.100.202602081740/tools/bin/../lib/gcc/arm-none-eabi/14.3.1/thumb/v8-m.main+fp/hard/crti.o
                0x08004284                _init
 .init          0x08004288        0x8 C:/ST/STM32CubeIDE_2.0.0/STM32CubeIDE/plugins/com.st.stm32cube.ide.mcu.externaltools.gnu-tools-for-stm32.14.3.rel1.win32_1.0.100.202602081740/tools/bin/../lib/gcc/arm-none-eabi/14.3.1/thumb/v8-m.main+fp/hard/crtn.o
 *(.fini)
 .fini          0x08004290        0x4 C:/ST/STM32CubeIDE_2.0.0/STM32CubeIDE/plugins/com.st.stm32cube.ide.mcu.externaltools.gnu-tools-for-stm32.14.3.rel1.win32_1.0.100.202602081740/tools/bin/../lib/gcc/arm-none-eabi/14.3.1/thumb/v8-m.main+fp/hard/crti.o
                0x08004290                _fini
 .fini          0x08004294        0x8 C:/ST/STM32CubeIDE_2.0.0/STM32CubeIDE/plugins/com.st.stm32cube.ide.mcu.externaltools.gnu-tools-for-stm32.14.3.rel1.win32_1.0.100.202602081740/tools/bin/../lib/gcc/arm-none-eabi/14.3.1/thumb/v8-m.main+fp/hard/crtn.o
                0x0800429c                        . = ALIGN (0x4)
                0x0800429c                        _etext = .

.vfp11_veneer   0x0800429c        0x0
 .vfp11_veneer  0x0800429c        0x0 linker stubs

.v4_bx          0x0800429c        0x0
 .v4_bx         0x0800429c        0x0 linker stubs

.iplt           0x0800429c        0x0
 .iplt          0x0800429c        0x0 C:/ST/STM32CubeIDE_2.0.0/STM32CubeIDE/plugins/com.st.stm32cube.ide.mcu.externaltools.gnu-tools-for-stm32.14.3.rel1.win32_1.0.100.202602081740/tools/bin/../lib/gcc/arm-none-eabi/14.3.1/thumb/v8-m.main+fp/hard/crtbegin.o

.rodata         0x0800429c       0xc4
                0x0800429c                        . = ALIGN (0x4)
 *(.rodata)
 .rodata        0x0800429c       0x26 ./Core/Src/main.o
 *fill*         0x080042c2        0x2 
 .rodata        0x080042c4       0x40 ./Drivers/BSP/STM32WBAxx_Nucleo/stm32wbaxx_nucleo.o
 *(.rodata*)
 .rodata.AHBPrescTable
                0x08004304        0x8 ./Core/Src/system_stm32wbaxx.o
                0x08004304                AHBPrescTable
 .rodata.APBPrescTable
                0x0800430c        0x8 ./Core/Src/system_stm32wbaxx.o
                0x0800430c                APBPrescTable
 .rodata.UARTPrescTable
                0x08004314       0x18 ./Drivers/STM32WBAxx_HAL_Driver/Src/stm32wbaxx_hal_uart.o
                0x08004314                UARTPrescTable
 .rodata._vfprintf_r.str1.1
                0x0800432c       0x33 C:/ST/STM32CubeIDE_2.0.0/STM32CubeIDE/plugins/com.st.stm32cube.ide.mcu.externaltools.gnu-tools-for-stm32.14.3.rel1.win32_1.0.100.202602081740/tools/bin/../lib/gcc/arm-none-eabi/14.3.1/../../../../arm-none-eabi/lib/thumb/v8-m.main+fp/hard\libc_nano.a(libc_a-nano-vfprintf.o)
                                 0x11 (size before relaxing)
 .rodata._printf_i.str1.1
                0x0800435f       0x22 C:/ST/STM32CubeIDE_2.0.0/STM32CubeIDE/plugins/com.st.stm32cube.ide.mcu.externaltools.gnu-tools-for-stm32.14.3.rel1.win32_1.0.100.202602081740/tools/bin/../lib/gcc/arm-none-eabi/14.3.1/../../../../arm-none-eabi/lib/thumb/v8-m.main+fp/hard\libc_nano.a(libc_a-nano-vfprintf_i.o)
                0x08004384                        . = ALIGN (0x4)
 *fill*         0x0800435f        0x1 

.ARM.extab      0x08004360        0x0
                0x08004360                        . = ALIGN (0x4)
 *(.ARM.extab* .gnu.linkonce.armextab.*)
                0x08004360                        . = ALIGN (0x4)

.ARM            0x08004360        0x8
                0x08004360                        . = ALIGN (0x4)
                0x08004360                        __exidx_start = .
 *(.ARM.exidx*)
 .ARM.exidx     0x08004360        0x8 C:/ST/STM32CubeIDE_2.0.0/STM32CubeIDE/plugins/com.st.stm32cube.ide.mcu.externaltools.gnu-tools-for-stm32.14.3.rel1.win32_1.0.100.202602081740/tools/bin/../lib/gcc/arm-none-eabi/14.3.1/thumb/v8-m.main+fp/hard\libgcc.a(_udivmoddi4.o)
                0x08004368                        __exidx_end = .
                0x08004368                        . = ALIGN (0x4)

.preinit_array  0x08004368        0x0
                0x08004368                        . = ALIGN (0x4)
                0x08004368                        PROVIDE (__preinit_array_start = .)
 *(.preinit_array*)
                0x08004368                        PROVIDE (__preinit_array_end = .)
                0x08004368                        . = ALIGN (0x4)

.init_array     0x08004368        0x4
                0x08004368                        . = ALIGN (0x4)
                0x08004368                        PROVIDE (__init_array_start = .)
 *(SORT_BY_NAME(.init_array.*))
 *(.init_array*)
 .init_array    0x08004368        0x4 C:/ST/STM32CubeIDE_2.0.0/STM32CubeIDE/plugins/com.st.stm32cube.ide.mcu.externaltools.gnu-tools-for-stm32.14.3.rel1.win32_1.0.100.202602081740/tools/bin/../lib/gcc/arm-none-eabi/14.3.1/thumb/v8-m.main+fp/hard/crtbegin.o
                0x0800436c                        PROVIDE (__init_array_end = .)
                0x0800436c                        . = ALIGN (0x4)

.fini_array     0x0800436c        0x4
                0x0800436c                        . = ALIGN (0x4)
                [!provide]                        PROVIDE (__fini_array_start = .)
 *(SORT_BY_NAME(.fini_array.*))
 *(.fini_array*)
 .fini_array    0x0800436c        0x4 C:/ST/STM32CubeIDE_2.0.0/STM32CubeIDE/plugins/com.st.stm32cube.ide.mcu.externaltools.gnu-tools-for-stm32.14.3.rel1.win32_1.0.100.202602081740/tools/bin/../lib/gcc/arm-none-eabi/14.3.1/thumb/v8-m.main+fp/hard/crtbegin.o
                [!provide]                        PROVIDE (__fini_array_end = .)
                0x08004370                        . = ALIGN (0x4)
                0x08004370                        _sidata = LOADADDR (.data)

.rel.dyn        0x08004370        0x0
 .rel.iplt      0x08004370        0x0 C:/ST/STM32CubeIDE_2.0.0/STM32CubeIDE/plugins/com.st.stm32cube.ide.mcu.externaltools.gnu-tools-for-stm32.14.3.rel1.win32_1.0.100.202602081740/tools/bin/../lib/gcc/arm-none-eabi/14.3.1/thumb/v8-m.main+fp/hard/crtbegin.o

.data           0x20000000       0x9c load address 0x08004370
                0x20000000                        . = ALIGN (0x4)
                0x20000000                        _sdata = .
 *(.data)
 *(.data*)
 .data.delay    0x20000000        0x4 ./Core/Src/main.o
 .data.SystemCoreClock
                0x20000004        0x4 ./Core/Src/system_stm32wbaxx.o
                0x20000004                SystemCoreClock
 .data.LED_PIN  0x20000008        0x6 ./Drivers/BSP/STM32WBAxx_Nucleo/stm32wbaxx_nucleo.o
 *fill*         0x2000000e        0x2 
 .data.LED_PORT
                0x20000010        0xc ./Drivers/BSP/STM32WBAxx_Nucleo/stm32wbaxx_nucleo.o
 .data.BUTTON_PIN
                0x2000001c        0x6 ./Drivers/BSP/STM32WBAxx_Nucleo/stm32wbaxx_nucleo.o
 *fill*         0x20000022        0x2 
 .data.BUTTON_PORT
                0x20000024        0xc ./Drivers/BSP/STM32WBAxx_Nucleo/stm32wbaxx_nucleo.o
 .data.BUTTON_IRQn
                0x20000030        0x3 ./Drivers/BSP/STM32WBAxx_Nucleo/stm32wbaxx_nucleo.o
 *fill*         0x20000033        0x1 
 .data.COM_UART
                0x20000034        0x4 ./Drivers/BSP/STM32WBAxx_Nucleo/stm32wbaxx_nucleo.o
 .data.uwTickPrio
                0x20000038        0x4 ./Drivers/STM32WBAxx_HAL_Driver/Src/stm32wbaxx_hal.o
                0x20000038                uwTickPrio
 .data.uwTickFreq
                0x2000003c        0x1 ./Drivers/STM32WBAxx_HAL_Driver/Src/stm32wbaxx_hal.o
                0x2000003c                uwTickFreq
 *fill*         0x2000003d        0x3 
 .data.__sglue  0x20000040        0xc C:/ST/STM32CubeIDE_2.0.0/STM32CubeIDE/plugins/com.st.stm32cube.ide.mcu.externaltools.gnu-tools-for-stm32.14.3.rel1.win32_1.0.100.202602081740/tools/bin/../lib/gcc/arm-none-eabi/14.3.1/../../../../arm-none-eabi/lib/thumb/v8-m.main+fp/hard\libc_nano.a(libc_a-findfp.o)
                0x20000040                __sglue
 .data._impure_ptr
                0x2000004c        0x4 C:/ST/STM32CubeIDE_2.0.0/STM32CubeIDE/plugins/com.st.stm32cube.ide.mcu.externaltools.gnu-tools-for-stm32.14.3.rel1.win32_1.0.100.202602081740/tools/bin/../lib/gcc/arm-none-eabi/14.3.1/../../../../arm-none-eabi/lib/thumb/v8-m.main+fp/hard\libc_nano.a(libc_a-impure.o)
                0x2000004c                _impure_ptr
 .data._impure_data
                0x20000050       0x4c C:/ST/STM32CubeIDE_2.0.0/STM32CubeIDE/plugins/com.st.stm32cube.ide.mcu.externaltools.gnu-tools-for-stm32.14.3.rel1.win32_1.0.100.202602081740/tools/bin/../lib/gcc/arm-none-eabi/14.3.1/../../../../arm-none-eabi/lib/thumb/v8-m.main+fp/hard\libc_nano.a(libc_a-impure.o)
                0x20000050                _impure_data
 *(.RamFunc)
 *(.RamFunc*)
                0x2000009c                        . = ALIGN (0x4)
                0x2000009c                        _edata = .

.igot.plt       0x2000009c        0x0 load address 0x0800440c
 .igot.plt      0x2000009c        0x0 C:/ST/STM32CubeIDE_2.0.0/STM32CubeIDE/plugins/com.st.stm32cube.ide.mcu.externaltools.gnu-tools-for-stm32.14.3.rel1.win32_1.0.100.202602081740/tools/bin/../lib/gcc/arm-none-eabi/14.3.1/thumb/v8-m.main+fp/hard/crtbegin.o
                0x2000009c                        . = ALIGN (0x4)

.bss            0x2000009c      0x23c load address 0x0800440c
                0x2000009c                        _sbss = .
                0x2000009c                        __bss_start__ = _sbss
 *(.bss)
 .bss           0x2000009c       0x1c C:/ST/STM32CubeIDE_2.0.0/STM32CubeIDE/plugins/com.st.stm32cube.ide.mcu.externaltools.gnu-tools-for-stm32.14.3.rel1.win32_1.0.100.202602081740/tools/bin/../lib/gcc/arm-none-eabi/14.3.1/thumb/v8-m.main+fp/hard/crtbegin.o
 *(.bss*)
 .bss.BspCOMInit
                0x200000b8       0x10 ./Core/Src/main.o
                0x200000b8                BspCOMInit
 .bss.__sbrk_heap_end
                0x200000c8        0x4 ./Core/Src/sysmem.o
 .bss.hcom_uart
                0x200000cc       0x94 ./Drivers/BSP/STM32WBAxx_Nucleo/stm32wbaxx_nucleo.o
                0x200000cc                hcom_uart
 .bss.hpb_exti  0x20000160       0x24 ./Drivers/BSP/STM32WBAxx_Nucleo/stm32wbaxx_nucleo.o
 .bss.COM_ActiveLogPort
                0x20000184        0x1 ./Drivers/BSP/STM32WBAxx_Nucleo/stm32wbaxx_nucleo.o
 *fill*         0x20000185        0x3 
 .bss.uwTick    0x20000188        0x4 ./Drivers/STM32WBAxx_HAL_Driver/Src/stm32wbaxx_hal.o
                0x20000188                uwTick
 .bss.__sf      0x2000018c      0x138 C:/ST/STM32CubeIDE_2.0.0/STM32CubeIDE/plugins/com.st.stm32cube.ide.mcu.externaltools.gnu-tools-for-stm32.14.3.rel1.win32_1.0.100.202602081740/tools/bin/../lib/gcc/arm-none-eabi/14.3.1/../../../../arm-none-eabi/lib/thumb/v8-m.main+fp/hard\libc_nano.a(libc_a-findfp.o)
                0x2000018c                __sf
 .bss.__stdio_exit_handler
                0x200002c4        0x4 C:/ST/STM32CubeIDE_2.0.0/STM32CubeIDE/plugins/com.st.stm32cube.ide.mcu.externaltools.gnu-tools-for-stm32.14.3.rel1.win32_1.0.100.202602081740/tools/bin/../lib/gcc/arm-none-eabi/14.3.1/../../../../arm-none-eabi/lib/thumb/v8-m.main+fp/hard\libc_nano.a(libc_a-findfp.o)
                0x200002c4                __stdio_exit_handler
 .bss.errno     0x200002c8        0x4 C:/ST/STM32CubeIDE_2.0.0/STM32CubeIDE/plugins/com.st.stm32cube.ide.mcu.externaltools.gnu-tools-for-stm32.14.3.rel1.win32_1.0.100.202602081740/tools/bin/../lib/gcc/arm-none-eabi/14.3.1/../../../../arm-none-eabi/lib/thumb/v8-m.main+fp/hard\libc_nano.a(libc_a-reent.o)
                0x200002c8                errno
 .bss.__lock___malloc_recursive_mutex
                0x200002cc        0x1 C:/ST/STM32CubeIDE_2.0.0/STM32CubeIDE/plugins/com.st.stm32cube.ide.mcu.externaltools.gnu-tools-for-stm32.14.3.rel1.win32_1.0.100.202602081740/tools/bin/../lib/gcc/arm-none-eabi/14.3.1/../../../../arm-none-eabi/lib/thumb/v8-m.main+fp/hard\libc_nano.a(libc_a-lock.o)
                0x200002cc                __lock___malloc_recursive_mutex
 .bss.__lock___sfp_recursive_mutex
                0x200002cd        0x1 C:/ST/STM32CubeIDE_2.0.0/STM32CubeIDE/plugins/com.st.stm32cube.ide.mcu.externaltools.gnu-tools-for-stm32.14.3.rel1.win32_1.0.100.202602081740/tools/bin/../lib/gcc/arm-none-eabi/14.3.1/../../../../arm-none-eabi/lib/thumb/v8-m.main+fp/hard\libc_nano.a(libc_a-lock.o)
                0x200002cd                __lock___sfp_recursive_mutex
 *fill*         0x200002ce        0x2 
 .bss.__malloc_sbrk_start
                0x200002d0        0x4 C:/ST/STM32CubeIDE_2.0.0/STM32CubeIDE/plugins/com.st.stm32cube.ide.mcu.externaltools.gnu-tools-for-stm32.14.3.rel1.win32_1.0.100.202602081740/tools/bin/../lib/gcc/arm-none-eabi/14.3.1/../../../../arm-none-eabi/lib/thumb/v8-m.main+fp/hard\libc_nano.a(libc_a-mallocr.o)
                0x200002d0                __malloc_sbrk_start
 .bss.__malloc_free_list
                0x200002d4        0x4 C:/ST/STM32CubeIDE_2.0.0/STM32CubeIDE/plugins/com.st.stm32cube.ide.mcu.externaltools.gnu-tools-for-stm32.14.3.rel1.win32_1.0.100.202602081740/tools/bin/../lib/gcc/arm-none-eabi/14.3.1/../../../../arm-none-eabi/lib/thumb/v8-m.main+fp/hard\libc_nano.a(libc_a-mallocr.o)
                0x200002d4                __malloc_free_list
 *(COMMON)
                0x200002d8                        . = ALIGN (0x4)
                0x200002d8                        _ebss = .
                0x200002d8                        __bss_end__ = _ebss

._user_heap_stack
                0x200002d8      0x600 load address 0x0800440c
                0x200002d8                        . = ALIGN (0x8)
                [!provide]                        PROVIDE (end = .)
                0x200002d8                        PROVIDE (_end = .)
                0x200004d8                        . = (. + _Min_Heap_Size)
 *fill*         0x200002d8      0x200 
                0x200008d8                        . = (. + _Min_Stack_Size)
 *fill*         0x200004d8      0x400 
                0x200008d8                        . = ALIGN (0x8)

/DISCARD/
 libc.a(*)
 libm.a(*)
 libgcc.a(*)

.ARM.attributes
                0x00000000       0x36
 *(.ARM.attributes)
 .ARM.attributes
                0x00000000       0x26 C:/ST/STM32CubeIDE_2.0.0/STM32CubeIDE/plugins/com.st.stm32cube.ide.mcu.externaltools.gnu-tools-for-stm32.14.3.rel1.win32_1.0.100.202602081740/tools/bin/../lib/gcc/arm-none-eabi/14.3.1/thumb/v8-m.main+fp/hard/crti.o
 .ARM.attributes
                0x00000026       0x38 C:/ST/STM32CubeIDE_2.0.0/STM32CubeIDE/plugins/com.st.stm32cube.ide.mcu.externaltools.gnu-tools-for-stm32.14.3.rel1.win32_1.0.100.202602081740/tools/bin/../lib/gcc/arm-none-eabi/14.3.1/thumb/v8-m.main+fp/hard/crtbegin.o
 .ARM.attributes
                0x0000005e       0x3a ./Core/Src/main.o
 .ARM.attributes
                0x00000098       0x3a ./Core/Src/stm32wbaxx_hal_msp.o
 .ARM.attributes
                0x000000d2       0x3a ./Core/Src/stm32wbaxx_it.o
 .ARM.attributes
                0x0000010c       0x3a ./Core/Src/syscalls.o
 .ARM.attributes
                0x00000146       0x3a ./Core/Src/sysmem.o
 .ARM.attributes
                0x00000180       0x3a ./Core/Src/system_stm32wbaxx.o
 .ARM.attributes
                0x000001ba       0x24 ./Core/Startup/startup_stm32wba65rivx.o
 .ARM.attributes
                0x000001de       0x3a ./Drivers/BSP/STM32WBAxx_Nucleo/stm32wbaxx_nucleo.o
 .ARM.attributes
                0x00000218       0x3a ./Drivers/STM32WBAxx_HAL_Driver/Src/stm32wbaxx_hal.o
 .ARM.attributes
                0x00000252       0x3a ./Drivers/STM32WBAxx_HAL_Driver/Src/stm32wbaxx_hal_cortex.o
 .ARM.attributes
                0x0000028c       0x3a ./Drivers/STM32WBAxx_HAL_Driver/Src/stm32wbaxx_hal_exti.o
 .ARM.attributes
                0x000002c6       0x3a ./Drivers/STM32WBAxx_HAL_Driver/Src/stm32wbaxx_hal_gpio.o
 .ARM.attributes
                0x00000300       0x3a ./Drivers/STM32WBAxx_HAL_Driver/Src/stm32wbaxx_hal_pwr_ex.o
 .ARM.attributes
                0x0000033a       0x3a ./Drivers/STM32WBAxx_HAL_Driver/Src/stm32wbaxx_hal_rcc.o
 .ARM.attributes
                0x00000374       0x3a ./Drivers/STM32WBAxx_HAL_Driver/Src/stm32wbaxx_hal_uart.o
 .ARM.attributes
                0x000003ae       0x38 C:/ST/STM32CubeIDE_2.0.0/STM32CubeIDE/plugins/com.st.stm32cube.ide.mcu.externaltools.gnu-tools-for-stm32.14.3.rel1.win32_1.0.100.202602081740/tools/bin/../lib/gcc/arm-none-eabi/14.3.1/../../../../arm-none-eabi/lib/thumb/v8-m.main+fp/hard\libc_nano.a(libc_a-findfp.o)
 .ARM.attributes
                0x000003e6       0x38 C:/ST/STM32CubeIDE_2.0.0/STM32CubeIDE/plugins/com.st.stm32cube.ide.mcu.externaltools.gnu-tools-for-stm32.14.3.rel1.win32_1.0.100.202602081740/tools/bin/../lib/gcc/arm-none-eabi/14.3.1/../../../../arm-none-eabi/lib/thumb/v8-m.main+fp/hard\libc_nano.a(libc_a-fwalk.o)
 .ARM.attributes
                0x0000041e       0x38 C:/ST/STM32CubeIDE_2.0.0/STM32CubeIDE/plugins/com.st.stm32cube.ide.mcu.externaltools.gnu-tools-for-stm32.14.3.rel1.win32_1.0.100.202602081740/tools/bin/../lib/gcc/arm-none-eabi/14.3.1/../../../../arm-none-eabi/lib/thumb/v8-m.main+fp/hard\libc_nano.a(libc_a-printf.o)
 .ARM.attributes
                0x00000456       0x38 C:/ST/STM32CubeIDE_2.0.0/STM32CubeIDE/plugins/com.st.stm32cube.ide.mcu.externaltools.gnu-tools-for-stm32.14.3.rel1.win32_1.0.100.202602081740/tools/bin/../lib/gcc/arm-none-eabi/14.3.1/../../../../arm-none-eabi/lib/thumb/v8-m.main+fp/hard\libc_nano.a(libc_a-stdio.o)
 .ARM.attributes
                0x0000048e       0x38 C:/ST/STM32CubeIDE_2.0.0/STM32CubeIDE/plugins/com.st.stm32cube.ide.mcu.externaltools.gnu-tools-for-stm32.14.3.rel1.win32_1.0.100.202602081740/tools/bin/../lib/gcc/arm-none-eabi/14.3.1/../../../../arm-none-eabi/lib/thumb/v8-m.main+fp/hard\libc_nano.a(libc_a-memset.o)
 .ARM.attributes
                0x000004c6       0x38 C:/ST/STM32CubeIDE_2.0.0/STM32CubeIDE/plugins/com.st.stm32cube.ide.mcu.externaltools.gnu-tools-for-stm32.14.3.rel1.win32_1.0.100.202602081740/tools/bin/../lib/gcc/arm-none-eabi/14.3.1/../../../../arm-none-eabi/lib/thumb/v8-m.main+fp/hard\libc_nano.a(libc_a-closer.o)
 .ARM.attributes
                0x000004fe       0x38 C:/ST/STM32CubeIDE_2.0.0/STM32CubeIDE/plugins/com.st.stm32cube.ide.mcu.externaltools.gnu-tools-for-stm32.14.3.rel1.win32_1.0.100.202602081740/tools/bin/../lib/gcc/arm-none-eabi/14.3.1/../../../../arm-none-eabi/lib/thumb/v8-m.main+fp/hard\libc_nano.a(libc_a-reent.o)
 .ARM.attributes
                0x00000536       0x38 C:/ST/STM32CubeIDE_2.0.0/STM32CubeIDE/plugins/com.st.stm32cube.ide.mcu.externaltools.gnu-tools-for-stm32.14.3.rel1.win32_1.0.100.202602081740/tools/bin/../lib/gcc/arm-none-eabi/14.3.1/../../../../arm-none-eabi/lib/thumb/v8-m.main+fp/hard\libc_nano.a(libc_a-impure.o)
 .ARM.attributes
                0x0000056e       0x38 C:/ST/STM32CubeIDE_2.0.0/STM32CubeIDE/plugins/com.st.stm32cube.ide.mcu.externaltools.gnu-tools-for-stm32.14.3.rel1.win32_1.0.100.202602081740/tools/bin/../lib/gcc/arm-none-eabi/14.3.1/../../../../arm-none-eabi/lib/thumb/v8-m.main+fp/hard\libc_nano.a(libc_a-lseekr.o)
 .ARM.attributes
                0x000005a6       0x38 C:/ST/STM32CubeIDE_2.0.0/STM32CubeIDE/plugins/com.st.stm32cube.ide.mcu.externaltools.gnu-tools-for-stm32.14.3.rel1.win32_1.0.100.202602081740/tools/bin/../lib/gcc/arm-none-eabi/14.3.1/../../../../arm-none-eabi/lib/thumb/v8-m.main+fp/hard\libc_nano.a(libc_a-readr.o)
 .ARM.attributes
                0x000005de       0x38 C:/ST/STM32CubeIDE_2.0.0/STM32CubeIDE/plugins/com.st.stm32cube.ide.mcu.externaltools.gnu-tools-for-stm32.14.3.rel1.win32_1.0.100.202602081740/tools/bin/../lib/gcc/arm-none-eabi/14.3.1/../../../../arm-none-eabi/lib/thumb/v8-m.main+fp/hard\libc_nano.a(libc_a-writer.o)
 .ARM.attributes
                0x00000616       0x38 C:/ST/STM32CubeIDE_2.0.0/STM32CubeIDE/plugins/com.st.stm32cube.ide.mcu.externaltools.gnu-tools-for-stm32.14.3.rel1.win32_1.0.100.202602081740/tools/bin/../lib/gcc/arm-none-eabi/14.3.1/../../../../arm-none-eabi/lib/thumb/v8-m.main+fp/hard\libc_nano.a(libc_a-errno.o)
 .ARM.attributes
                0x0000064e       0x38 C:/ST/STM32CubeIDE_2.0.0/STM32CubeIDE/plugins/com.st.stm32cube.ide.mcu.externaltools.gnu-tools-for-stm32.14.3.rel1.win32_1.0.100.202602081740/tools/bin/../lib/gcc/arm-none-eabi/14.3.1/../../../../arm-none-eabi/lib/thumb/v8-m.main+fp/hard\libc_nano.a(libc_a-init.o)
 .ARM.attributes
                0x00000686       0x38 C:/ST/STM32CubeIDE_2.0.0/STM32CubeIDE/plugins/com.st.stm32cube.ide.mcu.externaltools.gnu-tools-for-stm32.14.3.rel1.win32_1.0.100.202602081740/tools/bin/../lib/gcc/arm-none-eabi/14.3.1/../../../../arm-none-eabi/lib/thumb/v8-m.main+fp/hard\libc_nano.a(libc_a-lock.o)
 .ARM.attributes
                0x000006be       0x38 C:/ST/STM32CubeIDE_2.0.0/STM32CubeIDE/plugins/com.st.stm32cube.ide.mcu.externaltools.gnu-tools-for-stm32.14.3.rel1.win32_1.0.100.202602081740/tools/bin/../lib/gcc/arm-none-eabi/14.3.1/../../../../arm-none-eabi/lib/thumb/v8-m.main+fp/hard\libc_nano.a(libc_a-freer.o)
 .ARM.attributes
                0x000006f6       0x38 C:/ST/STM32CubeIDE_2.0.0/STM32CubeIDE/plugins/com.st.stm32cube.ide.mcu.externaltools.gnu-tools-for-stm32.14.3.rel1.win32_1.0.100.202602081740/tools/bin/../lib/gcc/arm-none-eabi/14.3.1/../../../../arm-none-eabi/lib/thumb/v8-m.main+fp/hard\libc_nano.a(libc_a-mallocr.o)
 .ARM.attributes
                0x0000072e       0x38 C:/ST/STM32CubeIDE_2.0.0/STM32CubeIDE/plugins/com.st.stm32cube.ide.mcu.externaltools.gnu-tools-for-stm32.14.3.rel1.win32_1.0.100.202602081740/tools/bin/../lib/gcc/arm-none-eabi/14.3.1/../../../../arm-none-eabi/lib/thumb/v8-m.main+fp/hard\libc_nano.a(libc_a-mlock.o)
 .ARM.attributes
                0x00000766       0x38 C:/ST/STM32CubeIDE_2.0.0/STM32CubeIDE/plugins/com.st.stm32cube.ide.mcu.externaltools.gnu-tools-for-stm32.14.3.rel1.win32_1.0.100.202602081740/tools/bin/../lib/gcc/arm-none-eabi/14.3.1/../../../../arm-none-eabi/lib/thumb/v8-m.main+fp/hard\libc_nano.a(libc_a-nano-vfprintf.o)
 .ARM.attributes
                0x0000079e       0x38 C:/ST/STM32CubeIDE_2.0.0/STM32CubeIDE/plugins/com.st.stm32cube.ide.mcu.externaltools.gnu-tools-for-stm32.14.3.rel1.win32_1.0.100.202602081740/tools/bin/../lib/gcc/arm-none-eabi/14.3.1/../../../../arm-none-eabi/lib/thumb/v8-m.main+fp/hard\libc_nano.a(libc_a-nano-vfprintf_i.o)
 .ARM.attributes
                0x000007d6       0x38 C:/ST/STM32CubeIDE_2.0.0/STM32CubeIDE/plugins/com.st.stm32cube.ide.mcu.externaltools.gnu-tools-for-stm32.14.3.rel1.win32_1.0.100.202602081740/tools/bin/../lib/gcc/arm-none-eabi/14.3.1/../../../../arm-none-eabi/lib/thumb/v8-m.main+fp/hard\libc_nano.a(libc_a-fflush.o)
 .ARM.attributes
                0x0000080e       0x38 C:/ST/STM32CubeIDE_2.0.0/STM32CubeIDE/plugins/com.st.stm32cube.ide.mcu.externaltools.gnu-tools-for-stm32.14.3.rel1.win32_1.0.100.202602081740/tools/bin/../lib/gcc/arm-none-eabi/14.3.1/../../../../arm-none-eabi/lib/thumb/v8-m.main+fp/hard\libc_nano.a(libc_a-wbuf.o)
 .ARM.attributes
                0x00000846       0x38 C:/ST/STM32CubeIDE_2.0.0/STM32CubeIDE/plugins/com.st.stm32cube.ide.mcu.externaltools.gnu-tools-for-stm32.14.3.rel1.win32_1.0.100.202602081740/tools/bin/../lib/gcc/arm-none-eabi/14.3.1/../../../../arm-none-eabi/lib/thumb/v8-m.main+fp/hard\libc_nano.a(libc_a-wsetup.o)
 .ARM.attributes
                0x0000087e       0x38 C:/ST/STM32CubeIDE_2.0.0/STM32CubeIDE/plugins/com.st.stm32cube.ide.mcu.externaltools.gnu-tools-for-stm32.14.3.rel1.win32_1.0.100.202602081740/tools/bin/../lib/gcc/arm-none-eabi/14.3.1/../../../../arm-none-eabi/lib/thumb/v8-m.main+fp/hard\libc_nano.a(libc_a-sbrkr.o)
 .ARM.attributes
                0x000008b6       0x38 C:/ST/STM32CubeIDE_2.0.0/STM32CubeIDE/plugins/com.st.stm32cube.ide.mcu.externaltools.gnu-tools-for-stm32.14.3.rel1.win32_1.0.100.202602081740/tools/bin/../lib/gcc/arm-none-eabi/14.3.1/../../../../arm-none-eabi/lib/thumb/v8-m.main+fp/hard\libc_nano.a(libc_a-memchr-stub.o)
 .ARM.attributes
                0x000008ee       0x38 C:/ST/STM32CubeIDE_2.0.0/STM32CubeIDE/plugins/com.st.stm32cube.ide.mcu.externaltools.gnu-tools-for-stm32.14.3.rel1.win32_1.0.100.202602081740/tools/bin/../lib/gcc/arm-none-eabi/14.3.1/../../../../arm-none-eabi/lib/thumb/v8-m.main+fp/hard\libc_nano.a(libc_a-makebuf.o)
 .ARM.attributes
                0x00000926       0x38 C:/ST/STM32CubeIDE_2.0.0/STM32CubeIDE/plugins/com.st.stm32cube.ide.mcu.externaltools.gnu-tools-for-stm32.14.3.rel1.win32_1.0.100.202602081740/tools/bin/../lib/gcc/arm-none-eabi/14.3.1/../../../../arm-none-eabi/lib/thumb/v8-m.main+fp/hard\libc_nano.a(libc_a-fstatr.o)
 .ARM.attributes
                0x0000095e       0x38 C:/ST/STM32CubeIDE_2.0.0/STM32CubeIDE/plugins/com.st.stm32cube.ide.mcu.externaltools.gnu-tools-for-stm32.14.3.rel1.win32_1.0.100.202602081740/tools/bin/../lib/gcc/arm-none-eabi/14.3.1/../../../../arm-none-eabi/lib/thumb/v8-m.main+fp/hard\libc_nano.a(libc_a-isattyr.o)
 .ARM.attributes
                0x00000996       0x26 C:/ST/STM32CubeIDE_2.0.0/STM32CubeIDE/plugins/com.st.stm32cube.ide.mcu.externaltools.gnu-tools-for-stm32.14.3.rel1.win32_1.0.100.202602081740/tools/bin/../lib/gcc/arm-none-eabi/14.3.1/thumb/v8-m.main+fp/hard\libgcc.a(_aeabi_uldivmod.o)
 .ARM.attributes
                0x000009bc       0x38 C:/ST/STM32CubeIDE_2.0.0/STM32CubeIDE/plugins/com.st.stm32cube.ide.mcu.externaltools.gnu-tools-for-stm32.14.3.rel1.win32_1.0.100.202602081740/tools/bin/../lib/gcc/arm-none-eabi/14.3.1/thumb/v8-m.main+fp/hard\libgcc.a(_udivmoddi4.o)
 .ARM.attributes
                0x000009f4       0x26 C:/ST/STM32CubeIDE_2.0.0/STM32CubeIDE/plugins/com.st.stm32cube.ide.mcu.externaltools.gnu-tools-for-stm32.14.3.rel1.win32_1.0.100.202602081740/tools/bin/../lib/gcc/arm-none-eabi/14.3.1/thumb/v8-m.main+fp/hard\libgcc.a(_dvmd_tls.o)
 .ARM.attributes
                0x00000a1a       0x26 C:/ST/STM32CubeIDE_2.0.0/STM32CubeIDE/plugins/com.st.stm32cube.ide.mcu.externaltools.gnu-tools-for-stm32.14.3.rel1.win32_1.0.100.202602081740/tools/bin/../lib/gcc/arm-none-eabi/14.3.1/thumb/v8-m.main+fp/hard/crtn.o
OUTPUT(wba65ri_samples.elf elf32-littlearm)
LOAD linker stubs
LOAD C:/ST/STM32CubeIDE_2.0.0/STM32CubeIDE/plugins/com.st.stm32cube.ide.mcu.externaltools.gnu-tools-for-stm32.14.3.rel1.win32_1.0.100.202602081740/tools/bin/../lib/gcc/arm-none-eabi/14.3.1/../../../../arm-none-eabi/lib/thumb/v8-m.main+fp/hard\libc.a
LOAD C:/ST/STM32CubeIDE_2.0.0/STM32CubeIDE/plugins/com.st.stm32cube.ide.mcu.externaltools.gnu-tools-for-stm32.14.3.rel1.win32_1.0.100.202602081740/tools/bin/../lib/gcc/arm-none-eabi/14.3.1/../../../../arm-none-eabi/lib/thumb/v8-m.main+fp/hard\libm.a
LOAD C:/ST/STM32CubeIDE_2.0.0/STM32CubeIDE/plugins/com.st.stm32cube.ide.mcu.externaltools.gnu-tools-for-stm32.14.3.rel1.win32_1.0.100.202602081740/tools/bin/../lib/gcc/arm-none-eabi/14.3.1/thumb/v8-m.main+fp/hard\libgcc.a

.debug_info     0x00000000     0xda27
 .debug_info    0x00000000      0xc04 ./Core/Src/main.o
 .debug_info    0x00000c04      0x496 ./Core/Src/stm32wbaxx_hal_msp.o
 .debug_info    0x0000109a      0x193 ./Core/Src/stm32wbaxx_it.o
 .debug_info    0x0000122d      0x6a3 ./Core/Src/syscalls.o
 .debug_info    0x000018d0      0x168 ./Core/Src/sysmem.o
 .debug_info    0x00001a38      0x9e2 ./Core/Src/system_stm32wbaxx.o
 .debug_info    0x0000241a       0x30 ./Core/Startup/startup_stm32wba65rivx.o
 .debug_info    0x0000244a     0x1a89 ./Drivers/BSP/STM32WBAxx_Nucleo/stm32wbaxx_nucleo.o
 .debug_info    0x00003ed3     0x141c ./Drivers/STM32WBAxx_HAL_Driver/Src/stm32wbaxx_hal.o
 .debug_info    0x000052ef     0x15c2 ./Drivers/STM32WBAxx_HAL_Driver/Src/stm32wbaxx_hal_cortex.o
 .debug_info    0x000068b1      0x744 ./Drivers/STM32WBAxx_HAL_Driver/Src/stm32wbaxx_hal_exti.o
 .debug_info    0x00006ff5      0x620 ./Drivers/STM32WBAxx_HAL_Driver/Src/stm32wbaxx_hal_gpio.o
 .debug_info    0x00007615      0x841 ./Drivers/STM32WBAxx_HAL_Driver/Src/stm32wbaxx_hal_pwr_ex.o
 .debug_info    0x00007e56     0x11cf ./Drivers/STM32WBAxx_HAL_Driver/Src/stm32wbaxx_hal_rcc.o
 .debug_info    0x00009025     0x4a02 ./Drivers/STM32WBAxx_HAL_Driver/Src/stm32wbaxx_hal_uart.o

.debug_abbrev   0x00000000     0x1c97
 .debug_abbrev  0x00000000      0x275 ./Core/Src/main.o
 .debug_abbrev  0x00000275       0xde ./Core/Src/stm32wbaxx_hal_msp.o
 .debug_abbrev  0x00000353       0xbc ./Core/Src/stm32wbaxx_it.o
 .debug_abbrev  0x0000040f      0x1b6 ./Core/Src/syscalls.o
 .debug_abbrev  0x000005c5       0xbc ./Core/Src/sysmem.o
 .debug_abbrev  0x00000681      0x13e ./Core/Src/system_stm32wbaxx.o
 .debug_abbrev  0x000007bf       0x24 ./Core/Startup/startup_stm32wba65rivx.o
 .debug_abbrev  0x000007e3      0x30c ./Drivers/BSP/STM32WBAxx_Nucleo/stm32wbaxx_nucleo.o
 .debug_abbrev  0x00000aef      0x332 ./Drivers/STM32WBAxx_HAL_Driver/Src/stm32wbaxx_hal.o
 .debug_abbrev  0x00000e21      0x33e ./Drivers/STM32WBAxx_HAL_Driver/Src/stm32wbaxx_hal_cortex.o
 .debug_abbrev  0x0000115f      0x19a ./Drivers/STM32WBAxx_HAL_Driver/Src/stm32wbaxx_hal_exti.o
 .debug_abbrev  0x000012f9      0x1ca ./Drivers/STM32WBAxx_HAL_Driver/Src/stm32wbaxx_hal_gpio.o
 .debug_abbrev  0x000014c3      0x1d3 ./Drivers/STM32WBAxx_HAL_Driver/Src/stm32wbaxx_hal_pwr_ex.o
 .debug_abbrev  0x00001696      0x2da ./Drivers/STM32WBAxx_HAL_Driver/Src/stm32wbaxx_hal_rcc.o
 .debug_abbrev  0x00001970      0x327 ./Drivers/STM32WBAxx_HAL_Driver/Src/stm32wbaxx_hal_uart.o

.debug_aranges  0x00000000      0xb20
 .debug_aranges
                0x00000000       0x48 ./Core/Src/main.o
 .debug_aranges
                0x00000048       0x20 ./Core/Src/stm32wbaxx_hal_msp.o
 .debug_aranges
                0x00000068       0x78 ./Core/Src/stm32wbaxx_it.o
 .debug_aranges
                0x000000e0       0xa8 ./Core/Src/syscalls.o
 .debug_aranges
                0x00000188       0x20 ./Core/Src/sysmem.o
 .debug_aranges
                0x000001a8       0x28 ./Core/Src/system_stm32wbaxx.o
 .debug_aranges
                0x000001d0       0x28 ./Core/Startup/startup_stm32wba65rivx.o
 .debug_aranges
                0x000001f8       0xd8 ./Drivers/BSP/STM32WBAxx_Nucleo/stm32wbaxx_nucleo.o
 .debug_aranges
                0x000002d0      0x188 ./Drivers/STM32WBAxx_HAL_Driver/Src/stm32wbaxx_hal.o
 .debug_aranges
                0x00000458      0x140 ./Drivers/STM32WBAxx_HAL_Driver/Src/stm32wbaxx_hal_cortex.o
 .debug_aranges
                0x00000598       0x70 ./Drivers/STM32WBAxx_HAL_Driver/Src/stm32wbaxx_hal_exti.o
 .debug_aranges
                0x00000608       0x78 ./Drivers/STM32WBAxx_HAL_Driver/Src/stm32wbaxx_hal_gpio.o
 .debug_aranges
                0x00000680      0x190 ./Drivers/STM32WBAxx_HAL_Driver/Src/stm32wbaxx_hal_pwr_ex.o
 .debug_aranges
                0x00000810       0xc8 ./Drivers/STM32WBAxx_HAL_Driver/Src/stm32wbaxx_hal_rcc.o
 .debug_aranges
                0x000008d8      0x248 ./Drivers/STM32WBAxx_HAL_Driver/Src/stm32wbaxx_hal_uart.o

.debug_rnglists
                0x00000000      0x872
 .debug_rnglists
                0x00000000       0x34 ./Core/Src/main.o
 .debug_rnglists
                0x00000034       0x13 ./Core/Src/stm32wbaxx_hal_msp.o
 .debug_rnglists
                0x00000047       0x55 ./Core/Src/stm32wbaxx_it.o
 .debug_rnglists
                0x0000009c       0x79 ./Core/Src/syscalls.o
 .debug_rnglists
                0x00000115       0x13 ./Core/Src/sysmem.o
 .debug_rnglists
                0x00000128       0x1b ./Core/Src/system_stm32wbaxx.o
 .debug_rnglists
                0x00000143       0x19 ./Core/Startup/startup_stm32wba65rivx.o
 .debug_rnglists
                0x0000015c       0xa1 ./Drivers/BSP/STM32WBAxx_Nucleo/stm32wbaxx_nucleo.o
 .debug_rnglists
                0x000001fd      0x125 ./Drivers/STM32WBAxx_HAL_Driver/Src/stm32wbaxx_hal.o
 .debug_rnglists
                0x00000322       0xec ./Drivers/STM32WBAxx_HAL_Driver/Src/stm32wbaxx_hal_cortex.o
 .debug_rnglists
                0x0000040e       0x53 ./Drivers/STM32WBAxx_HAL_Driver/Src/stm32wbaxx_hal_exti.o
 .debug_rnglists
                0x00000461       0x57 ./Drivers/STM32WBAxx_HAL_Driver/Src/stm32wbaxx_hal_gpio.o
 .debug_rnglists
                0x000004b8      0x12c ./Drivers/STM32WBAxx_HAL_Driver/Src/stm32wbaxx_hal_pwr_ex.o
 .debug_rnglists
                0x000005e4       0x97 ./Drivers/STM32WBAxx_HAL_Driver/Src/stm32wbaxx_hal_rcc.o
 .debug_rnglists
                0x0000067b      0x1f7 ./Drivers/STM32WBAxx_HAL_Driver/Src/stm32wbaxx_hal_uart.o

.debug_macro    0x00000000    0x29445
 .debug_macro   0x00000000      0x2cd ./Core/Src/main.o
 .debug_macro   0x000002cd      0xae4 ./Core/Src/main.o
 .debug_macro   0x00000db1      0x13d ./Core/Src/main.o
 .debug_macro   0x00000eee       0x2e ./Core/Src/main.o
 .debug_macro   0x00000f1c       0x42 ./Core/Src/main.o
 .debug_macro   0x00000f5e       0x22 ./Core/Src/main.o
 .debug_macro   0x00000f80       0x8e ./Core/Src/main.o
 .debug_macro   0x0000100e       0x51 ./Core/Src/main.o
 .debug_macro   0x0000105f      0x103 ./Core/Src/main.o
 .debug_macro   0x00001162       0x6a ./Core/Src/main.o
 .debug_macro   0x000011cc      0x1df ./Core/Src/main.o
 .debug_macro   0x000013ab       0x1c ./Core/Src/main.o
 .debug_macro   0x000013c7       0x29 ./Core/Src/main.o
 .debug_macro   0x000013f0       0xfb ./Core/Src/main.o
 .debug_macro   0x000014eb     0x1685 ./Core/Src/main.o
 .debug_macro   0x00002b70       0x5e ./Core/Src/main.o
 .debug_macro   0x00002bce    0x1acf9 ./Core/Src/main.o
 .debug_macro   0x0001d8c7       0x6d ./Core/Src/main.o
 .debug_macro   0x0001d934     0x34e1 ./Core/Src/main.o
 .debug_macro   0x00020e15      0x190 ./Core/Src/main.o
 .debug_macro   0x00020fa5       0x61 ./Core/Src/main.o
 .debug_macro   0x00021006       0x2a ./Core/Src/main.o
 .debug_macro   0x00021030       0x43 ./Core/Src/main.o
 .debug_macro   0x00021073       0x34 ./Core/Src/main.o
 .debug_macro   0x000210a7      0x364 ./Core/Src/main.o
 .debug_macro   0x0002140b       0x16 ./Core/Src/main.o
 .debug_macro   0x00021421       0x4a ./Core/Src/main.o
 .debug_macro   0x0002146b       0x34 ./Core/Src/main.o
 .debug_macro   0x0002149f       0x10 ./Core/Src/main.o
 .debug_macro   0x000214af       0x58 ./Core/Src/main.o
 .debug_macro   0x00021507       0x8e ./Core/Src/main.o
 .debug_macro   0x00021595       0x1c ./Core/Src/main.o
 .debug_macro   0x000215b1      0x17e ./Core/Src/main.o
 .debug_macro   0x0002172f      0x19b ./Core/Src/main.o
 .debug_macro   0x000218ca       0x5d ./Core/Src/main.o
 .debug_macro   0x00021927      0x3d8 ./Core/Src/main.o
 .debug_macro   0x00021cff      0x2bf ./Core/Src/main.o
 .debug_macro   0x00021fbe       0xd6 ./Core/Src/main.o
 .debug_macro   0x00022094      0x63a ./Core/Src/main.o
 .debug_macro   0x000226ce     0x1129 ./Core/Src/main.o
 .debug_macro   0x000237f7      0x519 ./Core/Src/main.o
 .debug_macro   0x00023d10      0x1d4 ./Core/Src/main.o
 .debug_macro   0x00023ee4      0x192 ./Core/Src/main.o
 .debug_macro   0x00024076      0x401 ./Core/Src/main.o
 .debug_macro   0x00024477      0x135 ./Core/Src/main.o
 .debug_macro   0x000245ac      0x10e ./Core/Src/main.o
 .debug_macro   0x000246ba      0x1c8 ./Core/Src/main.o
 .debug_macro   0x00024882      0x18b ./Core/Src/main.o
 .debug_macro   0x00024a0d      0x48b ./Core/Src/main.o
 .debug_macro   0x00024e98      0x1cd ./Core/Src/main.o
 .debug_macro   0x00025065      0x677 ./Core/Src/main.o
 .debug_macro   0x000256dc      0x19a ./Core/Src/main.o
 .debug_macro   0x00025876      0x37b ./Core/Src/main.o
 .debug_macro   0x00025bf1       0x2e ./Core/Src/main.o
 .debug_macro   0x00025c1f       0x64 ./Core/Src/main.o
 .debug_macro   0x00025c83       0x1c ./Core/Src/main.o
 .debug_macro   0x00025c9f       0x3c ./Core/Src/main.o
 .debug_macro   0x00025cdb       0x10 ./Core/Src/main.o
 .debug_macro   0x00025ceb       0x1c ./Core/Src/main.o
 .debug_macro   0x00025d07       0x16 ./Core/Src/main.o
 .debug_macro   0x00025d1d      0x146 ./Core/Src/main.o
 .debug_macro   0x00025e63      0x145 ./Core/Src/main.o
 .debug_macro   0x00025fa8       0x88 ./Core/Src/main.o
 .debug_macro   0x00026030      0x2cd ./Core/Src/stm32wbaxx_hal_msp.o
 .debug_macro   0x000262fd      0x2d7 ./Core/Src/stm32wbaxx_it.o
 .debug_macro   0x000265d4      0x274 ./Core/Src/syscalls.o
 .debug_macro   0x00026848       0x5b ./Core/Src/syscalls.o
 .debug_macro   0x000268a3       0x94 ./Core/Src/syscalls.o
 .debug_macro   0x00026937       0x57 ./Core/Src/syscalls.o
 .debug_macro   0x0002698e       0x10 ./Core/Src/syscalls.o
 .debug_macro   0x0002699e       0x10 ./Core/Src/syscalls.o
 .debug_macro   0x000269ae       0x10 ./Core/Src/syscalls.o
 .debug_macro   0x000269be       0x10 ./Core/Src/syscalls.o
 .debug_macro   0x000269ce       0x1c ./Core/Src/syscalls.o
 .debug_macro   0x000269ea       0x52 ./Core/Src/syscalls.o
 .debug_macro   0x00026a3c       0x22 ./Core/Src/syscalls.o
 .debug_macro   0x00026a5e       0x10 ./Core/Src/syscalls.o
 .debug_macro   0x00026a6e       0x52 ./Core/Src/syscalls.o
 .debug_macro   0x00026ac0       0xcf ./Core/Src/syscalls.o
 .debug_macro   0x00026b8f       0x1c ./Core/Src/syscalls.o
 .debug_macro   0x00026bab       0x3d ./Core/Src/syscalls.o
 .debug_macro   0x00026be8       0x35 ./Core/Src/syscalls.o
 .debug_macro   0x00026c1d      0x12c ./Core/Src/syscalls.o
 .debug_macro   0x00026d49       0x16 ./Core/Src/syscalls.o
 .debug_macro   0x00026d5f       0x16 ./Core/Src/syscalls.o
 .debug_macro   0x00026d75       0x29 ./Core/Src/syscalls.o
 .debug_macro   0x00026d9e       0x10 ./Core/Src/syscalls.o
 .debug_macro   0x00026dae      0x242 ./Core/Src/syscalls.o
 .debug_macro   0x00026ff0       0x10 ./Core/Src/syscalls.o
 .debug_macro   0x00027000      0x18a ./Core/Src/syscalls.o
 .debug_macro   0x0002718a       0x16 ./Core/Src/syscalls.o
 .debug_macro   0x000271a0       0xce ./Core/Src/syscalls.o
 .debug_macro   0x0002726e      0x112 ./Core/Src/sysmem.o
 .debug_macro   0x00027380      0x23c ./Core/Src/sysmem.o
 .debug_macro   0x000275bc      0x26f ./Core/Src/system_stm32wbaxx.o
 .debug_macro   0x0002782b      0x143 ./Core/Src/system_stm32wbaxx.o
 .debug_macro   0x0002796e      0x634 ./Core/Src/system_stm32wbaxx.o
 .debug_macro   0x00027fa2      0x2d0 ./Drivers/BSP/STM32WBAxx_Nucleo/stm32wbaxx_nucleo.o
 .debug_macro   0x00028272       0x28 ./Drivers/BSP/STM32WBAxx_Nucleo/stm32wbaxx_nucleo.o
 .debug_macro   0x0002829a      0x26f ./Drivers/STM32WBAxx_HAL_Driver/Src/stm32wbaxx_hal.o
 .debug_macro   0x00028509      0x269 ./Drivers/STM32WBAxx_HAL_Driver/Src/stm32wbaxx_hal_cortex.o
 .debug_macro   0x00028772      0x281 ./Drivers/STM32WBAxx_HAL_Driver/Src/stm32wbaxx_hal_exti.o
 .debug_macro   0x000289f3      0x270 ./Drivers/STM32WBAxx_HAL_Driver/Src/stm32wbaxx_hal_gpio.o
 .debug_macro   0x00028c63      0x2af ./Drivers/STM32WBAxx_HAL_Driver/Src/stm32wbaxx_hal_pwr_ex.o
 .debug_macro   0x00028f12      0x29f ./Drivers/STM32WBAxx_HAL_Driver/Src/stm32wbaxx_hal_rcc.o
 .debug_macro   0x000291b1      0x294 ./Drivers/STM32WBAxx_HAL_Driver/Src/stm32wbaxx_hal_uart.o

.debug_line     0x00000000     0xd472
 .debug_line    0x00000000      0xa78 ./Core/Src/main.o
 .debug_line    0x00000a78      0x90f ./Core/Src/stm32wbaxx_hal_msp.o
 .debug_line    0x00001387      0xa08 ./Core/Src/stm32wbaxx_it.o
 .debug_line    0x00001d8f      0x8b1 ./Core/Src/syscalls.o
 .debug_line    0x00002640      0x58d ./Core/Src/sysmem.o
 .debug_line    0x00002bcd      0x945 ./Core/Src/system_stm32wbaxx.o
 .debug_line    0x00003512       0x7c ./Core/Startup/startup_stm32wba65rivx.o
 .debug_line    0x0000358e      0xc7f ./Drivers/BSP/STM32WBAxx_Nucleo/stm32wbaxx_nucleo.o
 .debug_line    0x0000420d      0xeb4 ./Drivers/STM32WBAxx_HAL_Driver/Src/stm32wbaxx_hal.o
 .debug_line    0x000050c1      0xed9 ./Drivers/STM32WBAxx_HAL_Driver/Src/stm32wbaxx_hal_cortex.o
 .debug_line    0x00005f9a      0xcc8 ./Drivers/STM32WBAxx_HAL_Driver/Src/stm32wbaxx_hal_exti.o
 .debug_line    0x00006c62      0xc7b ./Drivers/STM32WBAxx_HAL_Driver/Src/stm32wbaxx_hal_gpio.o
 .debug_line    0x000078dd      0xff7 ./Drivers/STM32WBAxx_HAL_Driver/Src/stm32wbaxx_hal_pwr_ex.o
 .debug_line    0x000088d4     0x1402 ./Drivers/STM32WBAxx_HAL_Driver/Src/stm32wbaxx_hal_rcc.o
 .debug_line    0x00009cd6     0x379c ./Drivers/STM32WBAxx_HAL_Driver/Src/stm32wbaxx_hal_uart.o

.debug_str      0x00000000   0x1027a4
 .debug_str     0x00000000   0x1027a4 ./Core/Src/main.o
                              0xfd531 (size before relaxing)
 .debug_str     0x001027a4    0xfcfc8 ./Core/Src/stm32wbaxx_hal_msp.o
 .debug_str     0x001027a4    0xfce50 ./Core/Src/stm32wbaxx_it.o
 .debug_str     0x001027a4     0x99a2 ./Core/Src/syscalls.o
 .debug_str     0x001027a4     0x774c ./Core/Src/sysmem.o
 .debug_str     0x001027a4    0xfc0a5 ./Core/Src/system_stm32wbaxx.o
 .debug_str     0x001027a4       0x92 ./Core/Startup/startup_stm32wba65rivx.o
 .debug_str     0x001027a4    0xfdf09 ./Drivers/BSP/STM32WBAxx_Nucleo/stm32wbaxx_nucleo.o
 .debug_str     0x001027a4    0xfcd2f ./Drivers/STM32WBAxx_HAL_Driver/Src/stm32wbaxx_hal.o
 .debug_str     0x001027a4    0xfca59 ./Drivers/STM32WBAxx_HAL_Driver/Src/stm32wbaxx_hal_cortex.o
 .debug_str     0x001027a4    0xfbfd6 ./Drivers/STM32WBAxx_HAL_Driver/Src/stm32wbaxx_hal_exti.o
 .debug_str     0x001027a4    0xfbf52 ./Drivers/STM32WBAxx_HAL_Driver/Src/stm32wbaxx_hal_gpio.o
 .debug_str     0x001027a4    0xfc611 ./Drivers/STM32WBAxx_HAL_Driver/Src/stm32wbaxx_hal_pwr_ex.o
 .debug_str     0x001027a4    0xfc7d6 ./Drivers/STM32WBAxx_HAL_Driver/Src/stm32wbaxx_hal_rcc.o
 .debug_str     0x001027a4    0xfd043 ./Drivers/STM32WBAxx_HAL_Driver/Src/stm32wbaxx_hal_uart.o

.comment        0x00000000       0x43
 .comment       0x00000000       0x43 ./Core/Src/main.o
                                 0x44 (size before relaxing)
 .comment       0x00000043       0x44 ./Core/Src/stm32wbaxx_hal_msp.o
 .comment       0x00000043       0x44 ./Core/Src/stm32wbaxx_it.o
 .comment       0x00000043       0x44 ./Core/Src/syscalls.o
 .comment       0x00000043       0x44 ./Core/Src/sysmem.o
 .comment       0x00000043       0x44 ./Core/Src/system_stm32wbaxx.o
 .comment       0x00000043       0x44 ./Drivers/BSP/STM32WBAxx_Nucleo/stm32wbaxx_nucleo.o
 .comment       0x00000043       0x44 ./Drivers/STM32WBAxx_HAL_Driver/Src/stm32wbaxx_hal.o
 .comment       0x00000043       0x44 ./Drivers/STM32WBAxx_HAL_Driver/Src/stm32wbaxx_hal_cortex.o
 .comment       0x00000043       0x44 ./Drivers/STM32WBAxx_HAL_Driver/Src/stm32wbaxx_hal_exti.o
 .comment       0x00000043       0x44 ./Drivers/STM32WBAxx_HAL_Driver/Src/stm32wbaxx_hal_gpio.o
 .comment       0x00000043       0x44 ./Drivers/STM32WBAxx_HAL_Driver/Src/stm32wbaxx_hal_pwr_ex.o
 .comment       0x00000043       0x44 ./Drivers/STM32WBAxx_HAL_Driver/Src/stm32wbaxx_hal_rcc.o
 .comment       0x00000043       0x44 ./Drivers/STM32WBAxx_HAL_Driver/Src/stm32wbaxx_hal_uart.o

.debug_frame    0x00000000     0x31e8
 .debug_frame   0x00000000       0xd4 ./Core/Src/main.o
 .debug_frame   0x000000d4       0x34 ./Core/Src/stm32wbaxx_hal_msp.o
 .debug_frame   0x00000108      0x14c ./Core/Src/stm32wbaxx_it.o
 .debug_frame   0x00000254      0x288 ./Core/Src/syscalls.o
 .debug_frame   0x000004dc       0x34 ./Core/Src/sysmem.o
 .debug_frame   0x00000510       0x58 ./Core/Src/system_stm32wbaxx.o
 .debug_frame   0x00000568      0x340 ./Drivers/BSP/STM32WBAxx_Nucleo/stm32wbaxx_nucleo.o
 .debug_frame   0x000008a8      0x5c0 ./Drivers/STM32WBAxx_HAL_Driver/Src/stm32wbaxx_hal.o
 .debug_frame   0x00000e68      0x508 ./Drivers/STM32WBAxx_HAL_Driver/Src/stm32wbaxx_hal_cortex.o
 .debug_frame   0x00001370      0x19c ./Drivers/STM32WBAxx_HAL_Driver/Src/stm32wbaxx_hal_exti.o
 .debug_frame   0x0000150c      0x1c0 ./Drivers/STM32WBAxx_HAL_Driver/Src/stm32wbaxx_hal_gpio.o
 .debug_frame   0x000016cc      0x5bc ./Drivers/STM32WBAxx_HAL_Driver/Src/stm32wbaxx_hal_pwr_ex.o
 .debug_frame   0x00001c88      0x2f8 ./Drivers/STM32WBAxx_HAL_Driver/Src/stm32wbaxx_hal_rcc.o
 .debug_frame   0x00001f80      0xa18 ./Drivers/STM32WBAxx_HAL_Driver/Src/stm32wbaxx_hal_uart.o
 .debug_frame   0x00002998      0x144 C:/ST/STM32CubeIDE_2.0.0/STM32CubeIDE/plugins/com.st.stm32cube.ide.mcu.externaltools.gnu-tools-for-stm32.14.3.rel1.win32_1.0.100.202602081740/tools/bin/../lib/gcc/arm-none-eabi/14.3.1/../../../../arm-none-eabi/lib/thumb/v8-m.main+fp/hard\libc_nano.a(libc_a-findfp.o)
 .debug_frame   0x00002adc       0x34 C:/ST/STM32CubeIDE_2.0.0/STM32CubeIDE/plugins/com.st.stm32cube.ide.mcu.externaltools.gnu-tools-for-stm32.14.3.rel1.win32_1.0.100.202602081740/tools/bin/../lib/gcc/arm-none-eabi/14.3.1/../../../../arm-none-eabi/lib/thumb/v8-m.main+fp/hard\libc_nano.a(libc_a-fwalk.o)
 .debug_frame   0x00002b10       0x64 C:/ST/STM32CubeIDE_2.0.0/STM32CubeIDE/plugins/com.st.stm32cube.ide.mcu.externaltools.gnu-tools-for-stm32.14.3.rel1.win32_1.0.100.202602081740/tools/bin/../lib/gcc/arm-none-eabi/14.3.1/../../../../arm-none-eabi/lib/thumb/v8-m.main+fp/hard\libc_nano.a(libc_a-printf.o)
 .debug_frame   0x00002b74       0x88 C:/ST/STM32CubeIDE_2.0.0/STM32CubeIDE/plugins/com.st.stm32cube.ide.mcu.externaltools.gnu-tools-for-stm32.14.3.rel1.win32_1.0.100.202602081740/tools/bin/../lib/gcc/arm-none-eabi/14.3.1/../../../../arm-none-eabi/lib/thumb/v8-m.main+fp/hard\libc_nano.a(libc_a-stdio.o)
 .debug_frame   0x00002bfc       0x20 C:/ST/STM32CubeIDE_2.0.0/STM32CubeIDE/plugins/com.st.stm32cube.ide.mcu.externaltools.gnu-tools-for-stm32.14.3.rel1.win32_1.0.100.202602081740/tools/bin/../lib/gcc/arm-none-eabi/14.3.1/../../../../arm-none-eabi/lib/thumb/v8-m.main+fp/hard\libc_nano.a(libc_a-memset.o)
 .debug_frame   0x00002c1c       0x2c C:/ST/STM32CubeIDE_2.0.0/STM32CubeIDE/plugins/com.st.stm32cube.ide.mcu.externaltools.gnu-tools-for-stm32.14.3.rel1.win32_1.0.100.202602081740/tools/bin/../lib/gcc/arm-none-eabi/14.3.1/../../../../arm-none-eabi/lib/thumb/v8-m.main+fp/hard\libc_nano.a(libc_a-closer.o)
 .debug_frame   0x00002c48       0x38 C:/ST/STM32CubeIDE_2.0.0/STM32CubeIDE/plugins/com.st.stm32cube.ide.mcu.externaltools.gnu-tools-for-stm32.14.3.rel1.win32_1.0.100.202602081740/tools/bin/../lib/gcc/arm-none-eabi/14.3.1/../../../../arm-none-eabi/lib/thumb/v8-m.main+fp/hard\libc_nano.a(libc_a-reent.o)
 .debug_frame   0x00002c80       0x2c C:/ST/STM32CubeIDE_2.0.0/STM32CubeIDE/plugins/com.st.stm32cube.ide.mcu.externaltools.gnu-tools-for-stm32.14.3.rel1.win32_1.0.100.202602081740/tools/bin/../lib/gcc/arm-none-eabi/14.3.1/../../../../arm-none-eabi/lib/thumb/v8-m.main+fp/hard\libc_nano.a(libc_a-lseekr.o)
 .debug_frame   0x00002cac       0x2c C:/ST/STM32CubeIDE_2.0.0/STM32CubeIDE/plugins/com.st.stm32cube.ide.mcu.externaltools.gnu-tools-for-stm32.14.3.rel1.win32_1.0.100.202602081740/tools/bin/../lib/gcc/arm-none-eabi/14.3.1/../../../../arm-none-eabi/lib/thumb/v8-m.main+fp/hard\libc_nano.a(libc_a-readr.o)
 .debug_frame   0x00002cd8       0x2c C:/ST/STM32CubeIDE_2.0.0/STM32CubeIDE/plugins/com.st.stm32cube.ide.mcu.externaltools.gnu-tools-for-stm32.14.3.rel1.win32_1.0.100.202602081740/tools/bin/../lib/gcc/arm-none-eabi/14.3.1/../../../../arm-none-eabi/lib/thumb/v8-m.main+fp/hard\libc_nano.a(libc_a-writer.o)
 .debug_frame   0x00002d04       0x20 C:/ST/STM32CubeIDE_2.0.0/STM32CubeIDE/plugins/com.st.stm32cube.ide.mcu.externaltools.gnu-tools-for-stm32.14.3.rel1.win32_1.0.100.202602081740/tools/bin/../lib/gcc/arm-none-eabi/14.3.1/../../../../arm-none-eabi/lib/thumb/v8-m.main+fp/hard\libc_nano.a(libc_a-errno.o)
 .debug_frame   0x00002d24       0x2c C:/ST/STM32CubeIDE_2.0.0/STM32CubeIDE/plugins/com.st.stm32cube.ide.mcu.externaltools.gnu-tools-for-stm32.14.3.rel1.win32_1.0.100.202602081740/tools/bin/../lib/gcc/arm-none-eabi/14.3.1/../../../../arm-none-eabi/lib/thumb/v8-m.main+fp/hard\libc_nano.a(libc_a-init.o)
 .debug_frame   0x00002d50       0xb0 C:/ST/STM32CubeIDE_2.0.0/STM32CubeIDE/plugins/com.st.stm32cube.ide.mcu.externaltools.gnu-tools-for-stm32.14.3.rel1.win32_1.0.100.202602081740/tools/bin/../lib/gcc/arm-none-eabi/14.3.1/../../../../arm-none-eabi/lib/thumb/v8-m.main+fp/hard\libc_nano.a(libc_a-lock.o)
 .debug_frame   0x00002e00       0x38 C:/ST/STM32CubeIDE_2.0.0/STM32CubeIDE/plugins/com.st.stm32cube.ide.mcu.externaltools.gnu-tools-for-stm32.14.3.rel1.win32_1.0.100.202602081740/tools/bin/../lib/gcc/arm-none-eabi/14.3.1/../../../../arm-none-eabi/lib/thumb/v8-m.main+fp/hard\libc_nano.a(libc_a-freer.o)
 .debug_frame   0x00002e38       0x50 C:/ST/STM32CubeIDE_2.0.0/STM32CubeIDE/plugins/com.st.stm32cube.ide.mcu.externaltools.gnu-tools-for-stm32.14.3.rel1.win32_1.0.100.202602081740/tools/bin/../lib/gcc/arm-none-eabi/14.3.1/../../../../arm-none-eabi/lib/thumb/v8-m.main+fp/hard\libc_nano.a(libc_a-mallocr.o)
 .debug_frame   0x00002e88       0x30 C:/ST/STM32CubeIDE_2.0.0/STM32CubeIDE/plugins/com.st.stm32cube.ide.mcu.externaltools.gnu-tools-for-stm32.14.3.rel1.win32_1.0.100.202602081740/tools/bin/../lib/gcc/arm-none-eabi/14.3.1/../../../../arm-none-eabi/lib/thumb/v8-m.main+fp/hard\libc_nano.a(libc_a-mlock.o)
 .debug_frame   0x00002eb8       0xa0 C:/ST/STM32CubeIDE_2.0.0/STM32CubeIDE/plugins/com.st.stm32cube.ide.mcu.externaltools.gnu-tools-for-stm32.14.3.rel1.win32_1.0.100.202602081740/tools/bin/../lib/gcc/arm-none-eabi/14.3.1/../../../../arm-none-eabi/lib/thumb/v8-m.main+fp/hard\libc_nano.a(libc_a-nano-vfprintf.o)
 .debug_frame   0x00002f58       0x60 C:/ST/STM32CubeIDE_2.0.0/STM32CubeIDE/plugins/com.st.stm32cube.ide.mcu.externaltools.gnu-tools-for-stm32.14.3.rel1.win32_1.0.100.202602081740/tools/bin/../lib/gcc/arm-none-eabi/14.3.1/../../../../arm-none-eabi/lib/thumb/v8-m.main+fp/hard\libc_nano.a(libc_a-nano-vfprintf_i.o)
 .debug_frame   0x00002fb8       0x5c C:/ST/STM32CubeIDE_2.0.0/STM32CubeIDE/plugins/com.st.stm32cube.ide.mcu.externaltools.gnu-tools-for-stm32.14.3.rel1.win32_1.0.100.202602081740/tools/bin/../lib/gcc/arm-none-eabi/14.3.1/../../../../arm-none-eabi/lib/thumb/v8-m.main+fp/hard\libc_nano.a(libc_a-fflush.o)
 .debug_frame   0x00003014       0x40 C:/ST/STM32CubeIDE_2.0.0/STM32CubeIDE/plugins/com.st.stm32cube.ide.mcu.externaltools.gnu-tools-for-stm32.14.3.rel1.win32_1.0.100.202602081740/tools/bin/../lib/gcc/arm-none-eabi/14.3.1/../../../../arm-none-eabi/lib/thumb/v8-m.main+fp/hard\libc_nano.a(libc_a-wbuf.o)
 .debug_frame   0x00003054       0x2c C:/ST/STM32CubeIDE_2.0.0/STM32CubeIDE/plugins/com.st.stm32cube.ide.mcu.externaltools.gnu-tools-for-stm32.14.3.rel1.win32_1.0.100.202602081740/tools/bin/../lib/gcc/arm-none-eabi/14.3.1/../../../../arm-none-eabi/lib/thumb/v8-m.main+fp/hard\libc_nano.a(libc_a-wsetup.o)
 .debug_frame   0x00003080       0x2c C:/ST/STM32CubeIDE_2.0.0/STM32CubeIDE/plugins/com.st.stm32cube.ide.mcu.externaltools.gnu-tools-for-stm32.14.3.rel1.win32_1.0.100.202602081740/tools/bin/../lib/gcc/arm-none-eabi/14.3.1/../../../../arm-none-eabi/lib/thumb/v8-m.main+fp/hard\libc_nano.a(libc_a-sbrkr.o)
 .debug_frame   0x000030ac       0x28 C:/ST/STM32CubeIDE_2.0.0/STM32CubeIDE/plugins/com.st.stm32cube.ide.mcu.externaltools.gnu-tools-for-stm32.14.3.rel1.win32_1.0.100.202602081740/tools/bin/../lib/gcc/arm-none-eabi/14.3.1/../../../../arm-none-eabi/lib/thumb/v8-m.main+fp/hard\libc_nano.a(libc_a-memchr-stub.o)
 .debug_frame   0x000030d4       0x58 C:/ST/STM32CubeIDE_2.0.0/STM32CubeIDE/plugins/com.st.stm32cube.ide.mcu.externaltools.gnu-tools-for-stm32.14.3.rel1.win32_1.0.100.202602081740/tools/bin/../lib/gcc/arm-none-eabi/14.3.1/../../../../arm-none-eabi/lib/thumb/v8-m.main+fp/hard\libc_nano.a(libc_a-makebuf.o)
 .debug_frame   0x0000312c       0x2c C:/ST/STM32CubeIDE_2.0.0/STM32CubeIDE/plugins/com.st.stm32cube.ide.mcu.externaltools.gnu-tools-for-stm32.14.3.rel1.win32_1.0.100.202602081740/tools/bin/../lib/gcc/arm-none-eabi/14.3.1/../../../../arm-none-eabi/lib/thumb/v8-m.main+fp/hard\libc_nano.a(libc_a-fstatr.o)
 .debug_frame   0x00003158       0x2c C:/ST/STM32CubeIDE_2.0.0/STM32CubeIDE/plugins/com.st.stm32cube.ide.mcu.externaltools.gnu-tools-for-stm32.14.3.rel1.win32_1.0.100.202602081740/tools/bin/../lib/gcc/arm-none-eabi/14.3.1/../../../../arm-none-eabi/lib/thumb/v8-m.main+fp/hard\libc_nano.a(libc_a-isattyr.o)
 .debug_frame   0x00003184       0x2c C:/ST/STM32CubeIDE_2.0.0/STM32CubeIDE/plugins/com.st.stm32cube.ide.mcu.externaltools.gnu-tools-for-stm32.14.3.rel1.win32_1.0.100.202602081740/tools/bin/../lib/gcc/arm-none-eabi/14.3.1/thumb/v8-m.main+fp/hard\libgcc.a(_aeabi_uldivmod.o)
 .debug_frame   0x000031b0       0x38 C:/ST/STM32CubeIDE_2.0.0/STM32CubeIDE/plugins/com.st.stm32cube.ide.mcu.externaltools.gnu-tools-for-stm32.14.3.rel1.win32_1.0.100.202602081740/tools/bin/../lib/gcc/arm-none-eabi/14.3.1/thumb/v8-m.main+fp/hard\libgcc.a(_udivmoddi4.o)

.debug_line_str
                0x00000000       0x76
 .debug_line_str
                0x00000000       0x76 ./Core/Startup/startup_stm32wba65rivx.o