Archive member included to satisfy reference by file (symbol)

C:/ST/STM32CubeIDE_2.0.0/STM32CubeIDE/plugins/com.st.stm32cube.ide.mcu.externaltools.gnu-tools-for-stm32.14.3.rel1.win32_1.0.100.202602081740/tools/bin/../lib/gcc/arm-none-eabi/14.3.1/../../../../arm-none-eabi/lib/thumb/v8-m.main+fp/hard\libc_nano.a(libc_a-exit.o)
                              C:/ST/STM32CubeIDE_2.0.0/STM32CubeIDE/plugins/com.st.stm32cube.ide.mcu.externaltools.gnu-tools-for-stm32.14.3.rel1.win32_1.0.100.202602081740/tools/bin/../lib/gcc/arm-none-eabi/14.3.1/../../../../arm-none-eabi/lib/thumb/v8-m.main+fp/hard/crt0.o (exit)
C:/ST/STM32CubeIDE_2.0.0/STM32CubeIDE/plugins/com.st.stm32cube.ide.mcu.externaltools.gnu-tools-for-stm32.14.3.rel1.win32_1.0.100.202602081740/tools/bin/../lib/gcc/arm-none-eabi/14.3.1/../../../../arm-none-eabi/lib/thumb/v8-m.main+fp/hard\libc_nano.a(libc_a-findfp.o)
                              C:/ST/STM32CubeIDE_2.0.0/STM32CubeIDE/plugins/com.st.stm32cube.ide.mcu.externaltools.gnu-tools-for-stm32.14.3.rel1.win32_1.0.100.202602081740/tools/bin/../lib/gcc/arm-none-eabi/14.3.1/../../../../arm-none-eabi/lib/thumb/v8-m.main+fp/hard\libc_nano.a(libc_a-exit.o) (__stdio_exit_handler)
C:/ST/STM32CubeIDE_2.0.0/STM32CubeIDE/plugins/com.st.stm32cube.ide.mcu.externaltools.gnu-tools-for-stm32.14.3.rel1.win32_1.0.100.202602081740/tools/bin/../lib/gcc/arm-none-eabi/14.3.1/../../../../arm-none-eabi/lib/thumb/v8-m.main+fp/hard\libc_nano.a(libc_a-fwalk.o)
                              C:/ST/STM32CubeIDE_2.0.0/STM32CubeIDE/plugins/com.st.stm32cube.ide.mcu.externaltools.gnu-tools-for-stm32.14.3.rel1.win32_1.0.100.202602081740/tools/bin/../lib/gcc/arm-none-eabi/14.3.1/../../../../arm-none-eabi/lib/thumb/v8-m.main+fp/hard\libc_nano.a(libc_a-findfp.o) (_fwalk_sglue)
C:/ST/STM32CubeIDE_2.0.0/STM32CubeIDE/plugins/com.st.stm32cube.ide.mcu.externaltools.gnu-tools-for-stm32.14.3.rel1.win32_1.0.100.202602081740/tools/bin/../lib/gcc/arm-none-eabi/14.3.1/../../../../arm-none-eabi/lib/thumb/v8-m.main+fp/hard\libc_nano.a(libc_a-stdio.o)
                              C:/ST/STM32CubeIDE_2.0.0/STM32CubeIDE/plugins/com.st.stm32cube.ide.mcu.externaltools.gnu-tools-for-stm32.14.3.rel1.win32_1.0.100.202602081740/tools/bin/../lib/gcc/arm-none-eabi/14.3.1/../../../../arm-none-eabi/lib/thumb/v8-m.main+fp/hard\libc_nano.a(libc_a-findfp.o) (__sread)
C:/ST/STM32CubeIDE_2.0.0/STM32CubeIDE/plugins/com.st.stm32cube.ide.mcu.externaltools.gnu-tools-for-stm32.14.3.rel1.win32_1.0.100.202602081740/tools/bin/../lib/gcc/arm-none-eabi/14.3.1/../../../../arm-none-eabi/lib/thumb/v8-m.main+fp/hard\libc_nano.a(libc_a-memset.o)
                              C:/ST/STM32CubeIDE_2.0.0/STM32CubeIDE/plugins/com.st.stm32cube.ide.mcu.externaltools.gnu-tools-for-stm32.14.3.rel1.win32_1.0.100.202602081740/tools/bin/../lib/gcc/arm-none-eabi/14.3.1/../../../../arm-none-eabi/lib/thumb/v8-m.main+fp/hard/crt0.o (memset)
C:/ST/STM32CubeIDE_2.0.0/STM32CubeIDE/plugins/com.st.stm32cube.ide.mcu.externaltools.gnu-tools-for-stm32.14.3.rel1.win32_1.0.100.202602081740/tools/bin/../lib/gcc/arm-none-eabi/14.3.1/../../../../arm-none-eabi/lib/thumb/v8-m.main+fp/hard\libc_nano.a(libc_a-closer.o)
                              C:/ST/STM32CubeIDE_2.0.0/STM32CubeIDE/plugins/com.st.stm32cube.ide.mcu.externaltools.gnu-tools-for-stm32.14.3.rel1.win32_1.0.100.202602081740/tools/bin/../lib/gcc/arm-none-eabi/14.3.1/../../../../arm-none-eabi/lib/thumb/v8-m.main+fp/hard\libc_nano.a(libc_a-stdio.o) (_close_r)
C:/ST/STM32CubeIDE_2.0.0/STM32CubeIDE/plugins/com.st.stm32cube.ide.mcu.externaltools.gnu-tools-for-stm32.14.3.rel1.win32_1.0.100.202602081740/tools/bin/../lib/gcc/arm-none-eabi/14.3.1/../../../../arm-none-eabi/lib/thumb/v8-m.main+fp/hard\libc_nano.a(libc_a-reent.o)
                              C:/ST/STM32CubeIDE_2.0.0/STM32CubeIDE/plugins/com.st.stm32cube.ide.mcu.externaltools.gnu-tools-for-stm32.14.3.rel1.win32_1.0.100.202602081740/tools/bin/../lib/gcc/arm-none-eabi/14.3.1/../../../../arm-none-eabi/lib/thumb/v8-m.main+fp/hard\libc_nano.a(libc_a-closer.o) (errno)
C:/ST/STM32CubeIDE_2.0.0/STM32CubeIDE/plugins/com.st.stm32cube.ide.mcu.externaltools.gnu-tools-for-stm32.14.3.rel1.win32_1.0.100.202602081740/tools/bin/../lib/gcc/arm-none-eabi/14.3.1/../../../../arm-none-eabi/lib/thumb/v8-m.main+fp/hard\libc_nano.a(libc_a-impure.o)
                              C:/ST/STM32CubeIDE_2.0.0/STM32CubeIDE/plugins/com.st.stm32cube.ide.mcu.externaltools.gnu-tools-for-stm32.14.3.rel1.win32_1.0.100.202602081740/tools/bin/../lib/gcc/arm-none-eabi/14.3.1/../../../../arm-none-eabi/lib/thumb/v8-m.main+fp/hard\libc_nano.a(libc_a-reent.o) (_impure_ptr)
C:/ST/STM32CubeIDE_2.0.0/STM32CubeIDE/plugins/com.st.stm32cube.ide.mcu.externaltools.gnu-tools-for-stm32.14.3.rel1.win32_1.0.100.202602081740/tools/bin/../lib/gcc/arm-none-eabi/14.3.1/../../../../arm-none-eabi/lib/thumb/v8-m.main+fp/hard\libc_nano.a(libc_a-lseekr.o)
[...]
Memory Configuration

Name             Origin             Length             Attributes
RAM              0x20000000         0x00070000         xrw
RAM2             0x20070000         0x00010000         xrw
FLASH            0x08000000         0x00200000         xr
*default*        0x00000000         0xffffffff

Linker script and memory map

LOAD C:/ST/STM32CubeIDE_2.0.0/STM32CubeIDE/plugins/com.st.stm32cube.ide.mcu.externaltools.gnu-tools-for-stm32.14.3.rel1.win32_1.0.100.202602081740/tools/bin/../lib/gcc/arm-none-eabi/14.3.1/thumb/v8-m.main+fp/hard/crti.o
LOAD C:/ST/STM32CubeIDE_2.0.0/STM32CubeIDE/plugins/com.st.stm32cube.ide.mcu.externaltools.gnu-tools-for-stm32.14.3.rel1.win32_1.0.100.202602081740/tools/bin/../lib/gcc/arm-none-eabi/14.3.1/thumb/v8-m.main+fp/hard/crtbegin.o
LOAD C:/ST/STM32CubeIDE_2.0.0/STM32CubeIDE/plugins/com.st.stm32cube.ide.mcu.externaltools.gnu-tools-for-stm32.14.3.rel1.win32_1.0.100.202602081740/tools/bin/../lib/gcc/arm-none-eabi/14.3.1/../../../../arm-none-eabi/lib/thumb/v8-m.main+fp/hard/crt0.o
LOAD ./Core/Src/app_freertos.o
LOAD ./Core/Src/main.o
LOAD ./Core/Src/stm32wbaxx_hal_msp.o
LOAD ./Core/Src/stm32wbaxx_hal_timebase_tim.o
LOAD ./Core/Src/stm32wbaxx_it.o
LOAD ./Core/Src/syscalls.o
LOAD ./Core/Src/sysmem.o
LOAD ./Core/Src/system_stm32wbaxx.o
LOAD ./Core/Startup/startup_stm32wba65rivx.o
LOAD ./Drivers/BSP/STM32WBAxx_Nucleo/stm32wbaxx_nucleo.o
LOAD ./Drivers/STM32WBAxx_HAL_Driver/Src/stm32wbaxx_hal.o
LOAD ./Drivers/STM32WBAxx_HAL_Driver/Src/stm32wbaxx_hal_cortex.o
LOAD ./Drivers/STM32WBAxx_HAL_Driver/Src/stm32wbaxx_hal_dma.o
LOAD ./Drivers/STM32WBAxx_HAL_Driver/Src/stm32wbaxx_hal_dma_ex.o
LOAD ./Drivers/STM32WBAxx_HAL_Driver/Src/stm32wbaxx_hal_exti.o
LOAD ./Drivers/STM32WBAxx_HAL_Driver/Src/stm32wbaxx_hal_flash.o
LOAD ./Drivers/STM32WBAxx_HAL_Driver/Src/stm32wbaxx_hal_flash_ex.o
LOAD ./Drivers/STM32WBAxx_HAL_Driver/Src/stm32wbaxx_hal_gpio.o
LOAD ./Drivers/STM32WBAxx_HAL_Driver/Src/stm32wbaxx_hal_icache.o
LOAD ./Drivers/STM32WBAxx_HAL_Driver/Src/stm32wbaxx_hal_pwr.o
LOAD ./Drivers/STM32WBAxx_HAL_Driver/Src/stm32wbaxx_hal_pwr_ex.o
LOAD ./Drivers/STM32WBAxx_HAL_Driver/Src/stm32wbaxx_hal_rcc.o
LOAD ./Drivers/STM32WBAxx_HAL_Driver/Src/stm32wbaxx_hal_rcc_ex.o
LOAD ./Drivers/STM32WBAxx_HAL_Driver/Src/stm32wbaxx_hal_tim.o
LOAD ./Drivers/STM32WBAxx_HAL_Driver/Src/stm32wbaxx_hal_tim_ex.o
LOAD ./Drivers/STM32WBAxx_HAL_Driver/Src/stm32wbaxx_hal_uart.o
LOAD ./Drivers/STM32WBAxx_HAL_Driver/Src/stm32wbaxx_hal_uart_ex.o
LOAD ./Drivers/STM32WBAxx_HAL_Driver/Src/stm32wbaxx_hal_usart.o
LOAD ./Drivers/STM32WBAxx_HAL_Driver/Src/stm32wbaxx_hal_usart_ex.o
LOAD ./Middlewares/Third_Party/FreeRTOS/Source/CMSIS_RTOS_V2/cmsis_os2.o
LOAD ./Middlewares/Third_Party/FreeRTOS/Source/croutine.o
LOAD ./Middlewares/Third_Party/FreeRTOS/Source/event_groups.o
LOAD ./Middlewares/Third_Party/FreeRTOS/Source/list.o
LOAD ./Middlewares/Third_Party/FreeRTOS/Source/queue.o
LOAD ./Middlewares/Third_Party/FreeRTOS/Source/stream_buffer.o
LOAD ./Middlewares/Third_Party/FreeRTOS/Source/tasks.o
LOAD ./Middlewares/Third_Party/FreeRTOS/Source/timers.o
LOAD ./Middlewares/Third_Party/FreeRTOS/Source/portable/GCC/ARM_CM33_NTZ/non_secure/port.o
LOAD ./Middlewares/Third_Party/FreeRTOS/Source/portable/GCC/ARM_CM33_NTZ/non_secure/portasm.o
LOAD ./Middlewares/Third_Party/FreeRTOS/Source/portable/MemMang/heap_1.o
START GROUP
LOAD C:/ST/STM32CubeIDE_2.0.0/STM32CubeIDE/plugins/com.st.stm32cube.ide.mcu.externaltools.gnu-tools-for-stm32.14.3.rel1.win32_1.0.100.202602081740/tools/bin/../lib/gcc/arm-none-eabi/14.3.1/../../../../arm-none-eabi/lib/thumb/v8-m.main+fp/hard\libc_nano.a
LOAD C:/ST/STM32CubeIDE_2.0.0/STM32CubeIDE/plugins/com.st.stm32cube.ide.mcu.externaltools.gnu-tools-for-stm32.14.3.rel1.win32_1.0.100.202602081740/tools/bin/../lib/gcc/arm-none-eabi/14.3.1/../../../../arm-none-eabi/lib/thumb/v8-m.main+fp/hard\libm.a
END GROUP
START GROUP
LOAD C:/ST/STM32CubeIDE_2.0.0/STM32CubeIDE/plugins/com.st.stm32cube.ide.mcu.externaltools.gnu-tools-for-stm32.14.3.rel1.win32_1.0.100.202602081740/tools/bin/../lib/gcc/arm-none-eabi/14.3.1/thumb/v8-m.main+fp/hard\libgcc.a
LOAD C:/ST/STM32CubeIDE_2.0.0/STM32CubeIDE/plugins/com.st.stm32cube.ide.mcu.externaltools.gnu-tools-for-stm32.14.3.rel1.win32_1.0.100.202602081740/tools/bin/../lib/gcc/arm-none-eabi/14.3.1/../../../../arm-none-eabi/lib/thumb/v8-m.main+fp/hard\libc_nano.a
END GROUP
START GROUP
LOAD C:/ST/STM32CubeIDE_2.0.0/STM32CubeIDE/plugins/com.st.stm32cube.ide.mcu.externaltools.gnu-tools-for-stm32.14.3.rel1.win32_1.0.100.202602081740/tools/bin/../lib/gcc/arm-none-eabi/14.3.1/thumb/v8-m.main+fp/hard\libgcc.a
LOAD C:/ST/STM32CubeIDE_2.0.0/STM32CubeIDE/plugins/com.st.stm32cube.ide.mcu.externaltools.gnu-tools-for-stm32.14.3.rel1.win32_1.0.100.202602081740/tools/bin/../lib/gcc/arm-none-eabi/14.3.1/../../../../arm-none-eabi/lib/thumb/v8-m.main+fp/hard\libc_nano.a
LOAD C:/ST/STM32CubeIDE_2.0.0/STM32CubeIDE/plugins/com.st.stm32cube.ide.mcu.externaltools.gnu-tools-for-stm32.14.3.rel1.win32_1.0.100.202602081740/tools/bin/../lib/gcc/arm-none-eabi/14.3.1/../../../../arm-none-eabi/lib/thumb/v8-m.main+fp/hard\libnosys.a
END GROUP
START GROUP
LOAD C:/ST/STM32CubeIDE_2.0.0/STM32CubeIDE/plugins/com.st.stm32cube.ide.mcu.externaltools.gnu-tools-for-stm32.14.3.rel1.win32_1.0.100.202602081740/tools/bin/../lib/gcc/arm-none-eabi/14.3.1/thumb/v8-m.main+fp/hard\libgcc.a
LOAD C:/ST/STM32CubeIDE_2.0.0/STM32CubeIDE/plugins/com.st.stm32cube.ide.mcu.externaltools.gnu-tools-for-stm32.14.3.rel1.win32_1.0.100.202602081740/tools/bin/../lib/gcc/arm-none-eabi/14.3.1/../../../../arm-none-eabi/lib/thumb/v8-m.main+fp/hard\libc_nano.a
LOAD C:/ST/STM32CubeIDE_2.0.0/STM32CubeIDE/plugins/com.st.stm32cube.ide.mcu.externaltools.gnu-tools-for-stm32.14.3.rel1.win32_1.0.100.202602081740/tools/bin/../lib/gcc/arm-none-eabi/14.3.1/../../../../arm-none-eabi/lib/thumb/v8-m.main+fp/hard\libnosys.a
END GROUP
LOAD C:/ST/STM32CubeIDE_2.0.0/STM32CubeIDE/plugins/com.st.stm32cube.ide.mcu.externaltools.gnu-tools-for-stm32.14.3.rel1.win32_1.0.100.202602081740/tools/bin/../lib/gcc/arm-none-eabi/14.3.1/thumb/v8-m.main+fp/hard/crtend.o
LOAD C:/ST/STM32CubeIDE_2.0.0/STM32CubeIDE/plugins/com.st.stm32cube.ide.mcu.externaltools.gnu-tools-for-stm32.14.3.rel1.win32_1.0.100.202602081740/tools/bin/../lib/gcc/arm-none-eabi/14.3.1/thumb/v8-m.main+fp/hard/crtn.o
                0x20070000                        _estack = (ORIGIN (RAM) + LENGTH (RAM))
                0x2006fc00                        _sstack = (_estack - _Min_Stack_Size)
                0x00000200                        _Min_Heap_Size = 0x200
                0x00000400                        _Min_Stack_Size = 0x400

.isr_vector     0x08000000      0x188
                0x08000000                        . = ALIGN (0x4)
 *(.isr_vector)
 .isr_vector    0x08000000      0x188 ./Core/Startup/startup_stm32wba65rivx.o
                0x08000000                g_pfnVectors
                0x08000188                        . = ALIGN (0x4)

.text           0x08000188     0x64e0
                0x08000188                        . = ALIGN (0x4)
 *(.text)
 .text          0x08000188       0x40 C:/ST/STM32CubeIDE_2.0.0/STM32CubeIDE/plugins/com.st.stm32cube.ide.mcu.externaltools.gnu-tools-for-stm32.14.3.rel1.win32_1.0.100.202602081740/tools/bin/../lib/gcc/arm-none-eabi/14.3.1/thumb/v8-m.main+fp/hard/crtbegin.o
 .text          0x080001c8       0x30 C:/ST/STM32CubeIDE_2.0.0/STM32CubeIDE/plugins/com.st.stm32cube.ide.mcu.externaltools.gnu-tools-for-stm32.14.3.rel1.win32_1.0.100.202602081740/tools/bin/../lib/gcc/arm-none-eabi/14.3.1/thumb/v8-m.main+fp/hard\libgcc.a(_aeabi_uldivmod.o)
                0x080001c8                __aeabi_uldivmod
 .text          0x080001f8      0x34c C:/ST/STM32CubeIDE_2.0.0/STM32CubeIDE/plugins/com.st.stm32cube.ide.mcu.externaltools.gnu-tools-for-stm32.14.3.rel1.win32_1.0.100.202602081740/tools/bin/../lib/gcc/arm-none-eabi/14.3.1/thumb/v8-m.main+fp/hard\libgcc.a(_udivmoddi4.o)
                0x080001f8                __udivmoddi4
 .text          0x08000544        0x4 C:/ST/STM32CubeIDE_2.0.0/STM32CubeIDE/plugins/com.st.stm32cube.ide.mcu.externaltools.gnu-tools-for-stm32.14.3.rel1.win32_1.0.100.202602081740/tools/bin/../lib/gcc/arm-none-eabi/14.3.1/thumb/v8-m.main+fp/hard\libgcc.a(_dvmd_tls.o)
                0x08000544                __aeabi_idiv0
                0x08000544                __aeabi_ldiv0
 *(.text*)
 .text.MX_FREERTOS_Init
                0x08000548       0x84 ./Core/Src/app_freertos.o
                0x08000548                MX_FREERTOS_Init
 .text.StartDefaultTask
                0x080005cc       0x10 ./Core/Src/app_freertos.o
                0x080005cc                StartDefaultTask
 .text.StartTask02
                0x080005dc       0x60 ./Core/Src/app_freertos.o
                0x080005dc                StartTask02
 .text.StartTask03
                0x0800063c       0x10 ./Core/Src/app_freertos.o
                0x0800063c                StartTask03
 .text.StartTask04
                0x0800064c       0x10 ./Core/Src/app_freertos.o
                0x0800064c                StartTask04
 .text.main     0x0800065c       0x88 ./Core/Src/main.o
                0x0800065c                main
 .text.SystemClock_Config
                0x080006e4       0xb8 ./Core/Src/main.o
                0x080006e4                SystemClock_Config
 .text.MX_ICACHE_Init
                0x0800079c       0x26 ./Core/Src/main.o
 *fill*         0x080007c2        0x2 
 .text.getHuart3
                0x080007c4       0x14 ./Core/Src/main.o
                0x080007c4                getHuart3
 .text.MX_USART3_UART_Init
                0x080007d8       0x98 ./Core/Src/main.o
 .text.MX_GPIO_Init
                0x08000870      0x108 ./Core/Src/main.o
 .text.HAL_TIM_PeriodElapsedCallback
                0x08000978       0x24 ./Core/Src/main.o
                0x08000978                HAL_TIM_PeriodElapsedCallback
 .text.Error_Handler
                0x0800099c        0xc ./Core/Src/main.o
                0x0800099c                Error_Handler
 .text.HAL_MspInit
                0x080009a8       0x3c ./Core/Src/stm32wbaxx_hal_msp.o
                0x080009a8                HAL_MspInit
 .text.HAL_UART_MspInit
                0x080009e4      0x10c ./Core/Src/stm32wbaxx_hal_msp.o
                0x080009e4                HAL_UART_MspInit
 .text.HAL_InitTick
                0x08000af0       0xec ./Core/Src/stm32wbaxx_hal_timebase_tim.o
                0x08000af0                HAL_InitTick
 .text.NMI_Handler
                0x08000bdc        0x8 ./Core/Src/stm32wbaxx_it.o
                0x08000bdc                NMI_Handler
 .text.HardFault_Handler
                0x08000be4        0x8 ./Core/Src/stm32wbaxx_it.o
                0x08000be4                HardFault_Handler
 .text.MemManage_Handler
                0x08000bec        0x8 ./Core/Src/stm32wbaxx_it.o
                0x08000bec                MemManage_Handler
 .text.BusFault_Handler
                0x08000bf4        0x8 ./Core/Src/stm32wbaxx_it.o
                0x08000bf4                BusFault_Handler
 .text.UsageFault_Handler
                0x08000bfc        0x8 ./Core/Src/stm32wbaxx_it.o
                0x08000bfc                UsageFault_Handler
 .text.DebugMon_Handler
                0x08000c04        0xe ./Core/Src/stm32wbaxx_it.o
                0x08000c04                DebugMon_Handler
 .text.EXTI4_IRQHandler
                0x08000c12        0xe ./Core/Src/stm32wbaxx_it.o
                0x08000c12                EXTI4_IRQHandler
 .text.EXTI5_IRQHandler
                0x08000c20        0xe ./Core/Src/stm32wbaxx_it.o
                0x08000c20                EXTI5_IRQHandler
 .text.EXTI13_IRQHandler
                0x08000c2e        0xe ./Core/Src/stm32wbaxx_it.o
                0x08000c2e                EXTI13_IRQHandler
 .text.TIM1_UP_IRQHandler
                0x08000c3c       0x14 ./Core/Src/stm32wbaxx_it.o
                0x08000c3c                TIM1_UP_IRQHandler
 .text.SystemInit
                0x08000c50       0x80 ./Core/Src/system_stm32wbaxx.o
                0x08000c50                SystemInit
 .text.SystemCoreClockUpdate
                0x08000cd0      0x15c ./Core/Src/system_stm32wbaxx.o
                0x08000cd0                SystemCoreClockUpdate
 .text.Reset_Handler
                0x08000e2c       0x5c ./Core/Startup/startup_stm32wba65rivx.o
                0x08000e2c                Reset_Handler
 .text.Default_Handler
                0x08000e88        0x2 ./Core/Startup/startup_stm32wba65rivx.o
                0x08000e88                EXTI2_IRQHandler
                0x08000e88                FLASH_S_IRQHandler
                0x08000e88                TIM1_CC_IRQHandler
                0x08000e88                TSC_IRQHandler
                0x08000e88                TAMP_IRQHandler
                0x08000e88                EXTI12_IRQHandler
                0x08000e88                PVD_IRQHandler
                0x08000e88                EXTI3_IRQHandler
                0x08000e88                GPDMA1_Channel5_IRQHandler
                0x08000e88                RADIO_IRQHandler
                0x08000e88                EXTI8_IRQHandler
                0x08000e88                LPTIM2_IRQHandler
                0x08000e88                RCC_AUDIOSYNC_IRQHandler
                0x08000e88                I2C3_ER_IRQHandler
                0x08000e88                EXTI0_IRQHandler
                0x08000e88                I2C2_EV_IRQHandler
                0x08000e88                FPU_IRQHandler
                0x08000e88                GPDMA1_Channel3_IRQHandler
                0x08000e88                GPDMA1_Channel7_IRQHandler
                0x08000e88                RAMCFG_IRQHandler
                0x08000e88                SPI1_IRQHandler
                0x08000e88                GPDMA1_Channel2_IRQHandler
                0x08000e88                RCC_S_IRQHandler
                0x08000e88                PKA_IRQHandler
                0x08000e88                EXTI15_IRQHandler
                0x08000e88                TIM17_IRQHandler
                0x08000e88                USART3_IRQHandler
                0x08000e88                WKUP_IRQHandler
                0x08000e88                RTC_IRQHandler
                0x08000e88                EXTI9_IRQHandler
                0x08000e88                USB_OTG_HS_IRQHandler
                0x08000e88                TIM4_IRQHandler
                0x08000e88                I2C1_EV_IRQHandler
                0x08000e88                GPDMA1_Channel1_IRQHandler
                0x08000e88                TIM16_IRQHandler
                0x08000e88                EXTI19_RADIO_IO_IRQHandler
                0x08000e88                SecureFault_Handler
                0x08000e88                TIM3_IRQHandler
                0x08000e88                RCC_IRQHandler
                0x08000e88                TIM1_TRG_COM_IRQHandler
                0x08000e88                Default_Handler
                0x08000e88                SAES_IRQHandler
                0x08000e88                GPDMA1_Channel0_IRQHandler
                0x08000e88                I2C3_EV_IRQHandler
                0x08000e88                WKUP_S_IRQHandler
                0x08000e88                SPI2_IRQHandler
                0x08000e88                EXTI14_IRQHandler
                0x08000e88                EXTI11_IRQHandler
                0x08000e88                RTC_S_IRQHandler
                0x08000e88                RNG_IRQHandler
                0x08000e88                HSEM_S_IRQHandler
                0x08000e88                COMP_IRQHandler
                0x08000e88                HSEM_IRQHandler
                0x08000e88                ADC4_IRQHandler
                0x08000e88                WWDG_IRQHandler
                0x08000e88                I2C4_EV_IRQHandler
                0x08000e88                IWDG_IRQHandler
                0x08000e88                LPUART1_IRQHandler
                0x08000e88                TIM2_IRQHandler
                0x08000e88                GPDMA1_Channel4_IRQHandler
                0x08000e88                EXTI7_IRQHandler
                0x08000e88                TIM1_BRK_IRQHandler
                0x08000e88                EXTI1_IRQHandler
                0x08000e88                AES_IRQHandler
                0x08000e88                GTZC_IRQHandler
                0x08000e88                USART2_IRQHandler
                0x08000e88                GPDMA1_Channel6_IRQHandler
                0x08000e88                EXTI20_RADIO_IO_IRQHandler
                0x08000e88                I2C2_ER_IRQHandler
                0x08000e88                FLASH_IRQHandler
                0x08000e88                USART1_IRQHandler
                0x08000e88                EXTI10_IRQHandler
                0x08000e88                SPI3_IRQHandler
                0x08000e88                I2C1_ER_IRQHandler
                0x08000e88                EXTI6_IRQHandler
                0x08000e88                LPTIM1_IRQHandler
                0x08000e88                I2C4_ER_IRQHandler
                0x08000e88                ICACHE_IRQHandler
                0x08000e88                SAI1_IRQHandler
                0x08000e88                HASH_IRQHandler
 *fill*         0x08000e8a        0x2 
 .text.BSP_LED_Init
                0x08000e8c       0xcc ./Drivers/BSP/STM32WBAxx_Nucleo/stm32wbaxx_nucleo.o
                0x08000e8c                BSP_LED_Init
 .text.BSP_PB_Init
                0x08000f58      0x1a4 ./Drivers/BSP/STM32WBAxx_Nucleo/stm32wbaxx_nucleo.o
                0x08000f58                BSP_PB_Init
 .text.BSP_PB_Callback
                0x080010fc       0x16 ./Drivers/BSP/STM32WBAxx_Nucleo/stm32wbaxx_nucleo.o
                0x080010fc                BSP_PB_Callback
 *fill*         0x08001112        0x2 
 .text.BSP_PB_IRQHandler
                0x08001114       0x2c ./Drivers/BSP/STM32WBAxx_Nucleo/stm32wbaxx_nucleo.o
                0x08001114                BSP_PB_IRQHandler
 .text.BSP_COM_Init
                0x08001140       0x80 ./Drivers/BSP/STM32WBAxx_Nucleo/stm32wbaxx_nucleo.o
                0x08001140                BSP_COM_Init
 .text.MX_USART1_Init
                0x080011c0       0x62 ./Drivers/BSP/STM32WBAxx_Nucleo/stm32wbaxx_nucleo.o
                0x080011c0                MX_USART1_Init
 .text.B1_EXTI_Callback
                0x08001222        0xe ./Drivers/BSP/STM32WBAxx_Nucleo/stm32wbaxx_nucleo.o
 .text.B2_EXTI_Callback
                0x08001230        0xe ./Drivers/BSP/STM32WBAxx_Nucleo/stm32wbaxx_nucleo.o
 .text.B3_EXTI_Callback
                0x0800123e        0xe ./Drivers/BSP/STM32WBAxx_Nucleo/stm32wbaxx_nucleo.o
 .text.UART_MspInit
                0x0800124c       0xb0 ./Drivers/BSP/STM32WBAxx_Nucleo/stm32wbaxx_nucleo.o
 .text.HAL_Init
                0x080012fc       0x40 ./Drivers/STM32WBAxx_HAL_Driver/Src/stm32wbaxx_hal.o
                0x080012fc                HAL_Init
 .text.HAL_IncTick
                0x0800133c       0x28 ./Drivers/STM32WBAxx_HAL_Driver/Src/stm32wbaxx_hal.o
                0x0800133c                HAL_IncTick
 .text.HAL_GetTick
                0x08001364       0x18 ./Drivers/STM32WBAxx_HAL_Driver/Src/stm32wbaxx_hal.o
                0x08001364                HAL_GetTick
 .text.__NVIC_SetPriorityGrouping
                0x0800137c       0x48 ./Drivers/STM32WBAxx_HAL_Driver/Src/stm32wbaxx_hal_cortex.o
 .text.__NVIC_GetPriorityGrouping
                0x080013c4       0x1c ./Drivers/STM32WBAxx_HAL_Driver/Src/stm32wbaxx_hal_cortex.o
 .text.__NVIC_EnableIRQ
                0x080013e0       0x3c ./Drivers/STM32WBAxx_HAL_Driver/Src/stm32wbaxx_hal_cortex.o
 .text.__NVIC_SetPriority
                0x0800141c       0x54 ./Drivers/STM32WBAxx_HAL_Driver/Src/stm32wbaxx_hal_cortex.o
 .text.NVIC_EncodePriority
                0x08001470       0x66 ./Drivers/STM32WBAxx_HAL_Driver/Src/stm32wbaxx_hal_cortex.o
 .text.HAL_NVIC_SetPriorityGrouping
                0x080014d6       0x16 ./Drivers/STM32WBAxx_HAL_Driver/Src/stm32wbaxx_hal_cortex.o
                0x080014d6                HAL_NVIC_SetPriorityGrouping
 .text.HAL_NVIC_SetPriority
                0x080014ec       0x3a ./Drivers/STM32WBAxx_HAL_Driver/Src/stm32wbaxx_hal_cortex.o
                0x080014ec                HAL_NVIC_SetPriority
 .text.HAL_NVIC_EnableIRQ
                0x08001526       0x1c ./Drivers/STM32WBAxx_HAL_Driver/Src/stm32wbaxx_hal_cortex.o
                0x08001526                HAL_NVIC_EnableIRQ
 *fill*         0x08001542        0x2 
 .text.HAL_SYSTICK_CLKSourceConfig
                0x08001544       0xdc ./Drivers/STM32WBAxx_HAL_Driver/Src/stm32wbaxx_hal_cortex.o
                0x08001544                HAL_SYSTICK_CLKSourceConfig
 .text.HAL_EXTI_RegisterCallback
                0x08001620       0x58 ./Drivers/STM32WBAxx_HAL_Driver/Src/stm32wbaxx_hal_exti.o
                0x08001620                HAL_EXTI_RegisterCallback
 .text.HAL_EXTI_GetHandle
                0x08001678       0x28 ./Drivers/STM32WBAxx_HAL_Driver/Src/stm32wbaxx_hal_exti.o
                0x08001678                HAL_EXTI_GetHandle
 .text.HAL_EXTI_IRQHandler
                0x080016a0       0x90 ./Drivers/STM32WBAxx_HAL_Driver/Src/stm32wbaxx_hal_exti.o
                0x080016a0                HAL_EXTI_IRQHandler
 .text.HAL_GPIO_Init
                0x08001730      0x2ac ./Drivers/STM32WBAxx_HAL_Driver/Src/stm32wbaxx_hal_gpio.o
                0x08001730                HAL_GPIO_Init
 .text.HAL_GPIO_WritePin
                0x080019dc       0x30 ./Drivers/STM32WBAxx_HAL_Driver/Src/stm32wbaxx_hal_gpio.o
                0x080019dc                HAL_GPIO_WritePin
 .text.HAL_ICACHE_ConfigAssociativityMode
                0x08001a0c       0x40 ./Drivers/STM32WBAxx_HAL_Driver/Src/stm32wbaxx_hal_icache.o
                0x08001a0c                HAL_ICACHE_ConfigAssociativityMode
 .text.HAL_ICACHE_Enable
                0x08001a4c       0x20 ./Drivers/STM32WBAxx_HAL_Driver/Src/stm32wbaxx_hal_icache.o
                0x08001a4c                HAL_ICACHE_Enable
 .text.HAL_PWREx_ControlVoltageScaling
                0x08001a6c       0xbc ./Drivers/STM32WBAxx_HAL_Driver/Src/stm32wbaxx_hal_pwr_ex.o
                0x08001a6c                HAL_PWREx_ControlVoltageScaling
 .text.HAL_PWREx_ConfigSupply
                0x08001b28       0x98 ./Drivers/STM32WBAxx_HAL_Driver/Src/stm32wbaxx_hal_pwr_ex.o
                0x08001b28                HAL_PWREx_ConfigSupply
 .text.HAL_RCC_OscConfig
                0x08001bc0      0x820 ./Drivers/STM32WBAxx_HAL_Driver/Src/stm32wbaxx_hal_rcc.o
                0x08001bc0                HAL_RCC_OscConfig
 .text.HAL_RCC_ClockConfig
                0x080023e0      0x25c ./Drivers/STM32WBAxx_HAL_Driver/Src/stm32wbaxx_hal_rcc.o
                0x080023e0                HAL_RCC_ClockConfig
 .text.HAL_RCC_GetSysClockFreq
                0x0800263c       0x54 ./Drivers/STM32WBAxx_HAL_Driver/Src/stm32wbaxx_hal_rcc.o
                0x0800263c                HAL_RCC_GetSysClockFreq
 .text.HAL_RCC_GetHCLKFreq
                0x08002690       0x34 ./Drivers/STM32WBAxx_HAL_Driver/Src/stm32wbaxx_hal_rcc.o
                0x08002690                HAL_RCC_GetHCLKFreq
 .text.HAL_RCC_GetPCLK1Freq
                0x080026c4       0x28 ./Drivers/STM32WBAxx_HAL_Driver/Src/stm32wbaxx_hal_rcc.o
                0x080026c4                HAL_RCC_GetPCLK1Freq
 .text.HAL_RCC_GetPCLK2Freq
                0x080026ec       0x28 ./Drivers/STM32WBAxx_HAL_Driver/Src/stm32wbaxx_hal_rcc.o
                0x080026ec                HAL_RCC_GetPCLK2Freq
 .text.HAL_RCC_GetPCLK7Freq
                0x08002714       0x28 ./Drivers/STM32WBAxx_HAL_Driver/Src/stm32wbaxx_hal_rcc.o
                0x08002714                HAL_RCC_GetPCLK7Freq
 .text.HAL_RCC_GetPLL1RFreq
                0x0800273c       0x38 ./Drivers/STM32WBAxx_HAL_Driver/Src/stm32wbaxx_hal_rcc.o
                0x0800273c                HAL_RCC_GetPLL1RFreq
 .text.HAL_RCC_GetClockConfig
                0x08002774       0x8c ./Drivers/STM32WBAxx_HAL_Driver/Src/stm32wbaxx_hal_rcc.o
                0x08002774                HAL_RCC_GetClockConfig
 .text.RCC_PLL1_GetVCOOutputFreq
                0x08002800       0xf0 ./Drivers/STM32WBAxx_HAL_Driver/Src/stm32wbaxx_hal_rcc.o
 .text.HAL_RCCEx_PeriphCLKConfig
                0x080028f0      0x4e0 ./Drivers/STM32WBAxx_HAL_Driver/Src/stm32wbaxx_hal_rcc_ex.o
                0x080028f0                HAL_RCCEx_PeriphCLKConfig
 .text.HAL_TIM_Base_Init
                0x08002dd0       0xae ./Drivers/STM32WBAxx_HAL_Driver/Src/stm32wbaxx_hal_tim.o
                0x08002dd0                HAL_TIM_Base_Init
 .text.HAL_TIM_Base_MspInit
                0x08002e7e       0x14 ./Drivers/STM32WBAxx_HAL_Driver/Src/stm32wbaxx_hal_tim.o
                0x08002e7e                HAL_TIM_Base_MspInit
 *fill*         0x08002e92        0x2 
 .text.HAL_TIM_Base_Start_IT
                0x08002e94       0xb8 ./Drivers/STM32WBAxx_HAL_Driver/Src/stm32wbaxx_hal_tim.o
                0x08002e94                HAL_TIM_Base_Start_IT
 .text.HAL_TIM_IRQHandler
                0x08002f4c      0x29e ./Drivers/STM32WBAxx_HAL_Driver/Src/stm32wbaxx_hal_tim.o
                0x08002f4c                HAL_TIM_IRQHandler
 .text.HAL_TIM_OC_DelayElapsedCallback
                0x080031ea       0x14 ./Drivers/STM32WBAxx_HAL_Driver/Src/stm32wbaxx_hal_tim.o
                0x080031ea                HAL_TIM_OC_DelayElapsedCallback
 .text.HAL_TIM_IC_CaptureCallback
                0x080031fe       0x14 ./Drivers/STM32WBAxx_HAL_Driver/Src/stm32wbaxx_hal_tim.o
                0x080031fe                HAL_TIM_IC_CaptureCallback
 .text.HAL_TIM_PWM_PulseFinishedCallback
                0x08003212       0x14 ./Drivers/STM32WBAxx_HAL_Driver/Src/stm32wbaxx_hal_tim.o
                0x08003212                HAL_TIM_PWM_PulseFinishedCallback
 .text.HAL_TIM_TriggerCallback
                0x08003226       0x14 ./Drivers/STM32WBAxx_HAL_Driver/Src/stm32wbaxx_hal_tim.o
                0x08003226                HAL_TIM_TriggerCallback
 *fill*         0x0800323a        0x2 
 .text.TIM_Base_SetConfig
                0x0800323c       0xfc ./Drivers/STM32WBAxx_HAL_Driver/Src/stm32wbaxx_hal_tim.o
                0x0800323c                TIM_Base_SetConfig
 .text.HAL_TIMEx_CommutCallback
                0x08003338       0x14 ./Drivers/STM32WBAxx_HAL_Driver/Src/stm32wbaxx_hal_tim_ex.o
                0x08003338                HAL_TIMEx_CommutCallback
 .text.HAL_TIMEx_BreakCallback
                0x0800334c       0x14 ./Drivers/STM32WBAxx_HAL_Driver/Src/stm32wbaxx_hal_tim_ex.o
                0x0800334c                HAL_TIMEx_BreakCallback
 .text.HAL_TIMEx_Break2Callback
                0x08003360       0x14 ./Drivers/STM32WBAxx_HAL_Driver/Src/stm32wbaxx_hal_tim_ex.o
                0x08003360                HAL_TIMEx_Break2Callback
 .text.HAL_TIMEx_EncoderIndexCallback
                0x08003374       0x14 ./Drivers/STM32WBAxx_HAL_Driver/Src/stm32wbaxx_hal_tim_ex.o
                0x08003374                HAL_TIMEx_EncoderIndexCallback
 .text.HAL_TIMEx_DirectionChangeCallback
                0x08003388       0x14 ./Drivers/STM32WBAxx_HAL_Driver/Src/stm32wbaxx_hal_tim_ex.o
                0x08003388                HAL_TIMEx_DirectionChangeCallback
 .text.HAL_TIMEx_IndexErrorCallback
                0x0800339c       0x14 ./Drivers/STM32WBAxx_HAL_Driver/Src/stm32wbaxx_hal_tim_ex.o
                0x0800339c                HAL_TIMEx_IndexErrorCallback
 .text.HAL_TIMEx_TransitionErrorCallback
                0x080033b0       0x14 ./Drivers/STM32WBAxx_HAL_Driver/Src/stm32wbaxx_hal_tim_ex.o
                0x080033b0                HAL_TIMEx_TransitionErrorCallback
 .text.HAL_UART_Init
                0x080033c4       0xa0 ./Drivers/STM32WBAxx_HAL_Driver/Src/stm32wbaxx_hal_uart.o
                0x080033c4                HAL_UART_Init
 .text.HAL_UART_Transmit
                0x08003464      0x132 ./Drivers/STM32WBAxx_HAL_Driver/Src/stm32wbaxx_hal_uart.o
                0x08003464                HAL_UART_Transmit
 *fill*         0x08003596        0x2 
 .text.UART_SetConfig
                0x08003598      0x594 ./Drivers/STM32WBAxx_HAL_Driver/Src/stm32wbaxx_hal_uart.o
                0x08003598                UART_SetConfig
 .text.UART_AdvFeatureConfig
                0x08003b2c      0x144 ./Drivers/STM32WBAxx_HAL_Driver/Src/stm32wbaxx_hal_uart.o
                0x08003b2c                UART_AdvFeatureConfig
 .text.UART_CheckIdleState
                0x08003c70      0x154 ./Drivers/STM32WBAxx_HAL_Driver/Src/stm32wbaxx_hal_uart.o
                0x08003c70                UART_CheckIdleState
 .text.UART_WaitOnFlagUntilTimeout
                0x08003dc4       0xda ./Drivers/STM32WBAxx_HAL_Driver/Src/stm32wbaxx_hal_uart.o
                0x08003dc4                UART_WaitOnFlagUntilTimeout
 .text.UART_EndRxTransfer
                0x08003e9e       0xcc ./Drivers/STM32WBAxx_HAL_Driver/Src/stm32wbaxx_hal_uart.o
 .text.HAL_UARTEx_DisableFifoMode
                0x08003f6a       0x72 ./Drivers/STM32WBAxx_HAL_Driver/Src/stm32wbaxx_hal_uart_ex.o
                0x08003f6a                HAL_UARTEx_DisableFifoMode
 .text.HAL_UARTEx_SetTxFifoThreshold
                0x08003fdc       0x7c ./Drivers/STM32WBAxx_HAL_Driver/Src/stm32wbaxx_hal_uart_ex.o
                0x08003fdc                HAL_UARTEx_SetTxFifoThreshold
 .text.HAL_UARTEx_SetRxFifoThreshold
                0x08004058       0x7c ./Drivers/STM32WBAxx_HAL_Driver/Src/stm32wbaxx_hal_uart_ex.o
                0x08004058                HAL_UARTEx_SetRxFifoThreshold
 .text.UARTEx_SetNbDataToProcess
                0x080040d4       0x9c ./Drivers/STM32WBAxx_HAL_Driver/Src/stm32wbaxx_hal_uart_ex.o
 .text.SysTick_Handler
                0x08004170       0x20 ./Middlewares/Third_Party/FreeRTOS/Source/CMSIS_RTOS_V2/cmsis_os2.o
                0x08004170                SysTick_Handler
 .text.IRQ_Context
                0x08004190       0x4e ./Middlewares/Third_Party/FreeRTOS/Source/CMSIS_RTOS_V2/cmsis_os2.o
 *fill*         0x080041de        0x2 
 .text.osKernelInitialize
                0x080041e0       0x4c ./Middlewares/Third_Party/FreeRTOS/Source/CMSIS_RTOS_V2/cmsis_os2.o
                0x080041e0                osKernelInitialize
 .text.osKernelStart
                0x0800422c       0x50 ./Middlewares/Third_Party/FreeRTOS/Source/CMSIS_RTOS_V2/cmsis_os2.o
                0x0800422c                osKernelStart
 .text.osThreadNew
                0x0800427c      0x124 ./Middlewares/Third_Party/FreeRTOS/Source/CMSIS_RTOS_V2/cmsis_os2.o
                0x0800427c                osThreadNew
 .text.osDelay  0x080043a0       0x34 ./Middlewares/Third_Party/FreeRTOS/Source/CMSIS_RTOS_V2/cmsis_os2.o
                0x080043a0                osDelay
 .text.vListInitialise
                0x080043d4       0x40 ./Middlewares/Third_Party/FreeRTOS/Source/list.o
                0x080043d4                vListInitialise
 .text.vListInitialiseItem
                0x08004414       0x1a ./Middlewares/Third_Party/FreeRTOS/Source/list.o
                0x08004414                vListInitialiseItem
 .text.vListInsert
                0x0800442e       0x72 ./Middlewares/Third_Party/FreeRTOS/Source/list.o
                0x0800442e                vListInsert
 .text.uxListRemove
                0x080044a0       0x54 ./Middlewares/Third_Party/FreeRTOS/Source/list.o
                0x080044a0                uxListRemove
 .text.xQueueGenericReset
                0x080044f4       0xf2 ./Middlewares/Third_Party/FreeRTOS/Source/queue.o
                0x080044f4                xQueueGenericReset
 .text.xQueueGenericCreateStatic
                0x080045e6       0x92 ./Middlewares/Third_Party/FreeRTOS/Source/queue.o
                0x080045e6                xQueueGenericCreateStatic
 .text.prvInitialiseNewQueue
                0x08004678       0x46 ./Middlewares/Third_Party/FreeRTOS/Source/queue.o
 .text.xQueueReceive
                0x080046be      0x178 ./Middlewares/Third_Party/FreeRTOS/Source/queue.o
                0x080046be                xQueueReceive
 .text.prvCopyDataFromQueue
                0x08004836       0x4c ./Middlewares/Third_Party/FreeRTOS/Source/queue.o
 .text.prvUnlockQueue
                0x08004882       0xa4 ./Middlewares/Third_Party/FreeRTOS/Source/queue.o
 .text.prvIsQueueEmpty
                0x08004926       0x2c ./Middlewares/Third_Party/FreeRTOS/Source/queue.o
 *fill*         0x08004952        0x2 
 .text.vQueueAddToRegistry
                0x08004954       0x8c ./Middlewares/Third_Party/FreeRTOS/Source/queue.o
                0x08004954                vQueueAddToRegistry
 .text.vQueueWaitForMessageRestricted
                0x080049e0       0x68 ./Middlewares/Third_Party/FreeRTOS/Source/queue.o
                0x080049e0                vQueueWaitForMessageRestricted
 .text.prvCreateStaticTask
                0x08004a48       0x92 ./Middlewares/Third_Party/FreeRTOS/Source/tasks.o
 .text.xTaskCreateStatic
                0x08004ada       0x48 ./Middlewares/Third_Party/FreeRTOS/Source/tasks.o
                0x08004ada                xTaskCreateStatic
 .text.prvCreateTask
                0x08004b22       0x80 ./Middlewares/Third_Party/FreeRTOS/Source/tasks.o
 .text.xTaskCreate
                0x08004ba2       0x46 ./Middlewares/Third_Party/FreeRTOS/Source/tasks.o
                0x08004ba2                xTaskCreate
 .text.prvInitialiseNewTask
                0x08004be8      0x104 ./Middlewares/Third_Party/FreeRTOS/Source/tasks.o
 .text.prvAddNewTaskToReadyList
                0x08004cec      0x124 ./Middlewares/Third_Party/FreeRTOS/Source/tasks.o
 .text.vTaskDelay
                0x08004e10       0x4c ./Middlewares/Third_Party/FreeRTOS/Source/tasks.o
                0x08004e10                vTaskDelay
 .text.prvCreateIdleTasks
                0x08004e5c       0xec ./Middlewares/Third_Party/FreeRTOS/Source/tasks.o
 .text.vTaskStartScheduler
                0x08004f48       0x68 ./Middlewares/Third_Party/FreeRTOS/Source/tasks.o
                0x08004f48                vTaskStartScheduler
 .text.vTaskSuspendAll
                0x08004fb0       0x1c ./Middlewares/Third_Party/FreeRTOS/Source/tasks.o
                0x08004fb0                vTaskSuspendAll
 .text.xTaskResumeAll
                0x08004fcc      0x1f4 ./Middlewares/Third_Party/FreeRTOS/Source/tasks.o
                0x08004fcc                xTaskResumeAll
 .text.xTaskGetTickCount
                0x080051c0       0x20 ./Middlewares/Third_Party/FreeRTOS/Source/tasks.o
                0x080051c0                xTaskGetTickCount
 .text.xTaskIncrementTick
                0x080051e0      0x224 ./Middlewares/Third_Party/FreeRTOS/Source/tasks.o
                0x080051e0                xTaskIncrementTick
 .text.vTaskSwitchContext
                0x08005404       0xac ./Middlewares/Third_Party/FreeRTOS/Source/tasks.o
                0x08005404                vTaskSwitchContext
 .text.vTaskPlaceOnEventList
                0x080054b0       0x3c ./Middlewares/Third_Party/FreeRTOS/Source/tasks.o
                0x080054b0                vTaskPlaceOnEventList
 .text.vTaskPlaceOnEventListRestricted
                0x080054ec       0x7c ./Middlewares/Third_Party/FreeRTOS/Source/tasks.o
                0x080054ec                vTaskPlaceOnEventListRestricted
 .text.xTaskRemoveFromEventList
                0x08005568      0x1a0 ./Middlewares/Third_Party/FreeRTOS/Source/tasks.o
                0x08005568                xTaskRemoveFromEventList
 .text.vTaskInternalSetTimeOutState
                0x08005708       0x2c ./Middlewares/Third_Party/FreeRTOS/Source/tasks.o
                0x08005708                vTaskInternalSetTimeOutState
 .text.xTaskCheckForTimeOut
                0x08005734       0xd0 ./Middlewares/Third_Party/FreeRTOS/Source/tasks.o
                0x08005734                xTaskCheckForTimeOut
 .text.vTaskMissedYield
                0x08005804       0x18 ./Middlewares/Third_Party/FreeRTOS/Source/tasks.o
                0x08005804                vTaskMissedYield
 .text.prvIdleTask
                0x0800581c       0x20 ./Middlewares/Third_Party/FreeRTOS/Source/tasks.o
 .text.prvInitialiseTaskLists
                0x0800583c       0x80 ./Middlewares/Third_Party/FreeRTOS/Source/tasks.o
 .text.prvCheckTasksWaitingTermination
                0x080058bc       0x5c ./Middlewares/Third_Party/FreeRTOS/Source/tasks.o
 .text.prvDeleteTCB
                0x08005918       0x50 ./Middlewares/Third_Party/FreeRTOS/Source/tasks.o
 .text.prvResetNextTaskUnblockTime
                0x08005968       0x38 ./Middlewares/Third_Party/FreeRTOS/Source/tasks.o
 .text.xTaskGetSchedulerState
                0x080059a0       0x3c ./Middlewares/Third_Party/FreeRTOS/Source/tasks.o
                0x080059a0                xTaskGetSchedulerState
 .text.prvAddCurrentTaskToDelayedList
                0x080059dc       0xec ./Middlewares/Third_Party/FreeRTOS/Source/tasks.o
 .text.vApplicationGetIdleTaskMemory
                0x08005ac8       0x34 ./Middlewares/Third_Party/FreeRTOS/Source/tasks.o
                0x08005ac8                vApplicationGetIdleTaskMemory
 .text.vApplicationGetTimerTaskMemory
                0x08005afc       0x34 ./Middlewares/Third_Party/FreeRTOS/Source/tasks.o
                0x08005afc                vApplicationGetTimerTaskMemory
 .text.xTimerCreateTimerTask
                0x08005b30       0x80 ./Middlewares/Third_Party/FreeRTOS/Source/timers.o
                0x08005b30                xTimerCreateTimerTask
 .text.prvReloadTimer
                0x08005bb0       0x42 ./Middlewares/Third_Party/FreeRTOS/Source/timers.o
 *fill*         0x08005bf2        0x2 
 .text.prvProcessExpiredTimer
                0x08005bf4       0x60 ./Middlewares/Third_Party/FreeRTOS/Source/timers.o
 .text.prvTimerTask
                0x08005c54       0x26 ./Middlewares/Third_Party/FreeRTOS/Source/timers.o
 *fill*         0x08005c7a        0x2 
 .text.prvProcessTimerOrBlockTask
                0x08005c7c       0x8c ./Middlewares/Third_Party/FreeRTOS/Source/timers.o
 .text.prvGetNextExpireTime
                0x08005d08       0x48 ./Middlewares/Third_Party/FreeRTOS/Source/timers.o
 .text.prvSampleTimeNow
                0x08005d50       0x40 ./Middlewares/Third_Party/FreeRTOS/Source/timers.o
 .text.prvInsertTimerInActiveList
                0x08005d90       0x84 ./Middlewares/Third_Party/FreeRTOS/Source/timers.o
 .text.prvProcessReceivedCommands
                0x08005e14      0x1b0 ./Middlewares/Third_Party/FreeRTOS/Source/timers.o
 .text.prvSwitchTimerLists
                0x08005fc4       0x4c ./Middlewares/Third_Party/FreeRTOS/Source/timers.o
 .text.prvCheckForValidListAndQueue
                0x08006010       0x80 ./Middlewares/Third_Party/FreeRTOS/Source/timers.o
 .text.vPortSetupTimerInterrupt
                0x08006090       0x48 ./Middlewares/Third_Party/FreeRTOS/Source/portable/GCC/ARM_CM33_NTZ/non_secure/port.o
                0x08006090                vPortSetupTimerInterrupt
 .text.prvTaskExitError
                0x080060d8       0x38 ./Middlewares/Third_Party/FreeRTOS/Source/portable/GCC/ARM_CM33_NTZ/non_secure/port.o
 .text.vPortYield
                0x08006110       0x24 ./Middlewares/Third_Party/FreeRTOS/Source/portable/GCC/ARM_CM33_NTZ/non_secure/port.o
                0x08006110                vPortYield
 .text.vPortEnterCritical
                0x08006134       0x24 ./Middlewares/Third_Party/FreeRTOS/Source/portable/GCC/ARM_CM33_NTZ/non_secure/port.o
                0x08006134                vPortEnterCritical
 .text.vPortExitCritical
                0x08006158       0x34 ./Middlewares/Third_Party/FreeRTOS/Source/portable/GCC/ARM_CM33_NTZ/non_secure/port.o
                0x08006158                vPortExitCritical
 .text.xPortSysTickHandler
                0x0800618c       0x30 ./Middlewares/Third_Party/FreeRTOS/Source/portable/GCC/ARM_CM33_NTZ/non_secure/port.o
                0x0800618c                xPortSysTickHandler
 .text.vPortSVCHandler_C
                0x080061bc       0x32 ./Middlewares/Third_Party/FreeRTOS/Source/portable/GCC/ARM_CM33_NTZ/non_secure/port.o
                0x080061bc                vPortSVCHandler_C
 *fill*         0x080061ee        0x2 
 .text.pxPortInitialiseStack
                0x080061f0      0x114 ./Middlewares/Third_Party/FreeRTOS/Source/portable/GCC/ARM_CM33_NTZ/non_secure/port.o
                0x080061f0                pxPortInitialiseStack
 .text.xPortStartScheduler
                0x08006304      0x12c ./Middlewares/Third_Party/FreeRTOS/Source/portable/GCC/ARM_CM33_NTZ/non_secure/port.o
                0x08006304                xPortStartScheduler
 .text.vRestoreContextOfFirstTask
                0x08006430       0x34 ./Middlewares/Third_Party/FreeRTOS/Source/portable/GCC/ARM_CM33_NTZ/non_secure/portasm.o
                0x08006430                vRestoreContextOfFirstTask
 .text.vStartFirstTask
                0x08006464       0x20 ./Middlewares/Third_Party/FreeRTOS/Source/portable/GCC/ARM_CM33_NTZ/non_secure/portasm.o
                0x08006464                vStartFirstTask
 .text.ulSetInterruptMask
                0x08006484       0x1a ./Middlewares/Third_Party/FreeRTOS/Source/portable/GCC/ARM_CM33_NTZ/non_secure/portasm.o
                0x08006484                ulSetInterruptMask
 .text.vClearInterruptMask
                0x0800649e       0x10 ./Middlewares/Third_Party/FreeRTOS/Source/portable/GCC/ARM_CM33_NTZ/non_secure/portasm.o
                0x0800649e                vClearInterruptMask
 *fill*         0x080064ae        0x2 
 .text.PendSV_Handler
                0x080064b0       0x4c ./Middlewares/Third_Party/FreeRTOS/Source/portable/GCC/ARM_CM33_NTZ/non_secure/portasm.o
                0x080064b0                PendSV_Handler
 .text.SVC_Handler
                0x080064fc       0x18 ./Middlewares/Third_Party/FreeRTOS/Source/portable/GCC/ARM_CM33_NTZ/non_secure/portasm.o
                0x080064fc                SVC_Handler
 .text.pvPortMalloc
                0x08006514       0xa8 ./Middlewares/Third_Party/FreeRTOS/Source/portable/MemMang/heap_1.o
                0x08006514                pvPortMalloc
 .text.vPortFree
                0x080065bc       0x1e ./Middlewares/Third_Party/FreeRTOS/Source/portable/MemMang/heap_1.o
                0x080065bc                vPortFree
 .text.memset   0x080065da       0x10 C:/ST/STM32CubeIDE_2.0.0/STM32CubeIDE/plugins/com.st.stm32cube.ide.mcu.externaltools.gnu-tools-for-stm32.14.3.rel1.win32_1.0.100.202602081740/tools/bin/../lib/gcc/arm-none-eabi/14.3.1/../../../../arm-none-eabi/lib/thumb/v8-m.main+fp/hard\libc_nano.a(libc_a-memset.o)
                0x080065da                memset
 *fill*         0x080065ea        0x2 
 .text.__libc_init_array
                0x080065ec       0x48 C:/ST/STM32CubeIDE_2.0.0/STM32CubeIDE/plugins/com.st.stm32cube.ide.mcu.externaltools.gnu-tools-for-stm32.14.3.rel1.win32_1.0.100.202602081740/tools/bin/../lib/gcc/arm-none-eabi/14.3.1/../../../../arm-none-eabi/lib/thumb/v8-m.main+fp/hard\libc_nano.a(libc_a-init.o)
                0x080065ec                __libc_init_array
 .text.memcpy   0x08006634       0x1a C:/ST/STM32CubeIDE_2.0.0/STM32CubeIDE/plugins/com.st.stm32cube.ide.mcu.externaltools.gnu-tools-for-stm32.14.3.rel1.win32_1.0.100.202602081740/tools/bin/../lib/gcc/arm-none-eabi/14.3.1/../../../../arm-none-eabi/lib/thumb/v8-m.main+fp/hard\libc_nano.a(libc_a-memcpy-stub.o)
                0x08006634                memcpy
 *(.glue_7)
 .glue_7        0x0800664e        0x0 linker stubs
 *(.glue_7t)
 .glue_7t       0x0800664e        0x0 linker stubs
 *(.eh_frame)
 *fill*         0x0800664e        0x2 
 .eh_frame      0x08006650        0x0 C:/ST/STM32CubeIDE_2.0.0/STM32CubeIDE/plugins/com.st.stm32cube.ide.mcu.externaltools.gnu-tools-for-stm32.14.3.rel1.win32_1.0.100.202602081740/tools/bin/../lib/gcc/arm-none-eabi/14.3.1/thumb/v8-m.main+fp/hard/crtbegin.o
 *(.init)
 .init          0x08006650        0x4 C:/ST/STM32CubeIDE_2.0.0/STM32CubeIDE/plugins/com.st.stm32cube.ide.mcu.externaltools.gnu-tools-for-stm32.14.3.rel1.win32_1.0.100.202602081740/tools/bin/../lib/gcc/arm-none-eabi/14.3.1/thumb/v8-m.main+fp/hard/crti.o
                0x08006650                _init
 .init          0x08006654        0x8 C:/ST/STM32CubeIDE_2.0.0/STM32CubeIDE/plugins/com.st.stm32cube.ide.mcu.externaltools.gnu-tools-for-stm32.14.3.rel1.win32_1.0.100.202602081740/tools/bin/../lib/gcc/arm-none-eabi/14.3.1/thumb/v8-m.main+fp/hard/crtn.o
 *(.fini)
 .fini          0x0800665c        0x4 C:/ST/STM32CubeIDE_2.0.0/STM32CubeIDE/plugins/com.st.stm32cube.ide.mcu.externaltools.gnu-tools-for-stm32.14.3.rel1.win32_1.0.100.202602081740/tools/bin/../lib/gcc/arm-none-eabi/14.3.1/thumb/v8-m.main+fp/hard/crti.o
                0x0800665c                _fini
 .fini          0x08006660        0x8 C:/ST/STM32CubeIDE_2.0.0/STM32CubeIDE/plugins/com.st.stm32cube.ide.mcu.externaltools.gnu-tools-for-stm32.14.3.rel1.win32_1.0.100.202602081740/tools/bin/../lib/gcc/arm-none-eabi/14.3.1/thumb/v8-m.main+fp/hard/crtn.o
                0x08006668                        . = ALIGN (0x4)
                0x08006668                        _etext = .

.vfp11_veneer   0x08006668        0x0
 .vfp11_veneer  0x08006668        0x0 linker stubs

.v4_bx          0x08006668        0x0
 .v4_bx         0x08006668        0x0 linker stubs

.iplt           0x08006668        0x0
 .iplt          0x08006668        0x0 C:/ST/STM32CubeIDE_2.0.0/STM32CubeIDE/plugins/com.st.stm32cube.ide.mcu.externaltools.gnu-tools-for-stm32.14.3.rel1.win32_1.0.100.202602081740/tools/bin/../lib/gcc/arm-none-eabi/14.3.1/thumb/v8-m.main+fp/hard/crtbegin.o

.rodata         0x08006668      0x158
                0x08006668                        . = ALIGN (0x4)
 *(.rodata)
 .rodata        0x08006668       0x33 ./Core/Src/app_freertos.o
 *fill*         0x0800669b        0x1 
 .rodata        0x0800669c       0x40 ./Drivers/BSP/STM32WBAxx_Nucleo/stm32wbaxx_nucleo.o
 .rodata        0x080066dc        0x5 ./Middlewares/Third_Party/FreeRTOS/Source/tasks.o
 *fill*         0x080066e1        0x3 
 .rodata        0x080066e4        0xd ./Middlewares/Third_Party/FreeRTOS/Source/timers.o
 *(.rodata*)
 *fill*         0x080066f1        0x3 
 .rodata.defaultTask_attributes
                0x080066f4       0x24 ./Core/Src/app_freertos.o
                0x080066f4                defaultTask_attributes
 .rodata.UartTask01_attributes
                0x08006718       0x24 ./Core/Src/app_freertos.o
                0x08006718                UartTask01_attributes
 .rodata.UartTask02_attributes
                0x0800673c       0x24 ./Core/Src/app_freertos.o
                0x0800673c                UartTask02_attributes
 .rodata.UartTask03_attributes
                0x08006760       0x24 ./Core/Src/app_freertos.o
                0x08006760                UartTask03_attributes
 .rodata.AHBPrescTable
                0x08006784        0x8 ./Core/Src/system_stm32wbaxx.o
                0x08006784                AHBPrescTable
 .rodata.APBPrescTable
                0x0800678c        0x8 ./Core/Src/system_stm32wbaxx.o
                0x0800678c                APBPrescTable
 .rodata.UARTPrescTable
                0x08006794       0x18 ./Drivers/STM32WBAxx_HAL_Driver/Src/stm32wbaxx_hal_uart.o
                0x08006794                UARTPrescTable
 .rodata.numerator.1
                0x080067ac        0x8 ./Drivers/STM32WBAxx_HAL_Driver/Src/stm32wbaxx_hal_uart_ex.o
 .rodata.denominator.0
                0x080067b4        0x8 ./Drivers/STM32WBAxx_HAL_Driver/Src/stm32wbaxx_hal_uart_ex.o
 .rodata.uxTopUsedPriority
                0x080067bc        0x4 ./Middlewares/Third_Party/FreeRTOS/Source/tasks.o
                0x080067c0                        . = ALIGN (0x4)

.ARM.extab      0x080067c0        0x0
                0x080067c0                        . = ALIGN (0x4)
 *(.ARM.extab* .gnu.linkonce.armextab.*)
                0x080067c0                        . = ALIGN (0x4)

.ARM            0x080067c0        0x8
                0x080067c0                        . = ALIGN (0x4)
                0x080067c0                        __exidx_start = .
 *(.ARM.exidx*)
 .ARM.exidx     0x080067c0        0x8 C:/ST/STM32CubeIDE_2.0.0/STM32CubeIDE/plugins/com.st.stm32cube.ide.mcu.externaltools.gnu-tools-for-stm32.14.3.rel1.win32_1.0.100.202602081740/tools/bin/../lib/gcc/arm-none-eabi/14.3.1/thumb/v8-m.main+fp/hard\libgcc.a(_udivmoddi4.o)
                0x080067c8                        __exidx_end = .
                0x080067c8                        . = ALIGN (0x4)

.preinit_array  0x080067c8        0x0
                0x080067c8                        . = ALIGN (0x4)
                0x080067c8                        PROVIDE (__preinit_array_start = .)
 *(.preinit_array*)
                0x080067c8                        PROVIDE (__preinit_array_end = .)
                0x080067c8                        . = ALIGN (0x4)

.init_array     0x080067c8        0x4
                0x080067c8                        . = ALIGN (0x4)
                0x080067c8                        PROVIDE (__init_array_start = .)
 *(SORT_BY_NAME(.init_array.*))
 *(.init_array*)
 .init_array    0x080067c8        0x4 C:/ST/STM32CubeIDE_2.0.0/STM32CubeIDE/plugins/com.st.stm32cube.ide.mcu.externaltools.gnu-tools-for-stm32.14.3.rel1.win32_1.0.100.202602081740/tools/bin/../lib/gcc/arm-none-eabi/14.3.1/thumb/v8-m.main+fp/hard/crtbegin.o
                0x080067cc                        PROVIDE (__init_array_end = .)
                0x080067cc                        . = ALIGN (0x4)

.fini_array     0x080067cc        0x4
                0x080067cc                        . = ALIGN (0x4)
                [!provide]                        PROVIDE (__fini_array_start = .)
 *(SORT_BY_NAME(.fini_array.*))
 *(.fini_array*)
 .fini_array    0x080067cc        0x4 C:/ST/STM32CubeIDE_2.0.0/STM32CubeIDE/plugins/com.st.stm32cube.ide.mcu.externaltools.gnu-tools-for-stm32.14.3.rel1.win32_1.0.100.202602081740/tools/bin/../lib/gcc/arm-none-eabi/14.3.1/thumb/v8-m.main+fp/hard/crtbegin.o
                [!provide]                        PROVIDE (__fini_array_end = .)
                0x080067d0                        . = ALIGN (0x4)
                0x080067d0                        _sidata = LOADADDR (.data)

.rel.dyn        0x080067d0        0x0
 .rel.iplt      0x080067d0        0x0 C:/ST/STM32CubeIDE_2.0.0/STM32CubeIDE/plugins/com.st.stm32cube.ide.mcu.externaltools.gnu-tools-for-stm32.14.3.rel1.win32_1.0.100.202602081740/tools/bin/../lib/gcc/arm-none-eabi/14.3.1/thumb/v8-m.main+fp/hard/crtbegin.o

.data           0x20000000       0x40 load address 0x080067d0
                0x20000000                        . = ALIGN (0x4)
                0x20000000                        _sdata = .
 *(.data)
 *(.data*)
 .data.SystemCoreClock
                0x20000000        0x4 ./Core/Src/system_stm32wbaxx.o
                0x20000000                SystemCoreClock
 .data.LED_PIN  0x20000004        0x6 ./Drivers/BSP/STM32WBAxx_Nucleo/stm32wbaxx_nucleo.o
 *fill*         0x2000000a        0x2 
 .data.LED_PORT
                0x2000000c        0xc ./Drivers/BSP/STM32WBAxx_Nucleo/stm32wbaxx_nucleo.o
 .data.BUTTON_PIN
                0x20000018        0x6 ./Drivers/BSP/STM32WBAxx_Nucleo/stm32wbaxx_nucleo.o
 *fill*         0x2000001e        0x2 
 .data.BUTTON_PORT
                0x20000020        0xc ./Drivers/BSP/STM32WBAxx_Nucleo/stm32wbaxx_nucleo.o
 .data.BUTTON_IRQn
                0x2000002c        0x3 ./Drivers/BSP/STM32WBAxx_Nucleo/stm32wbaxx_nucleo.o
 *fill*         0x2000002f        0x1 
 .data.COM_UART
                0x20000030        0x4 ./Drivers/BSP/STM32WBAxx_Nucleo/stm32wbaxx_nucleo.o
 .data.uwTickPrio
                0x20000034        0x4 ./Drivers/STM32WBAxx_HAL_Driver/Src/stm32wbaxx_hal.o
                0x20000034                uwTickPrio
 .data.uwTickFreq
                0x20000038        0x1 ./Drivers/STM32WBAxx_HAL_Driver/Src/stm32wbaxx_hal.o
                0x20000038                uwTickFreq
 *fill*         0x20000039        0x3 
 .data.ulCriticalNesting
                0x2000003c        0x4 ./Middlewares/Third_Party/FreeRTOS/Source/portable/GCC/ARM_CM33_NTZ/non_secure/port.o
 *(.RamFunc)
 *(.RamFunc*)
                0x20000040                        . = ALIGN (0x4)
                0x20000040                        _edata = .

.igot.plt       0x20000040        0x0 load address 0x08006810
 .igot.plt      0x20000040        0x0 C:/ST/STM32CubeIDE_2.0.0/STM32CubeIDE/plugins/com.st.stm32cube.ide.mcu.externaltools.gnu-tools-for-stm32.14.3.rel1.win32_1.0.100.202602081740/tools/bin/../lib/gcc/arm-none-eabi/14.3.1/thumb/v8-m.main+fp/hard/crtbegin.o
                0x20000040                        . = ALIGN (0x4)

.bss            0x20000040     0x2d10 load address 0x08006810
                0x20000040                        _sbss = .
                0x20000040                        __bss_start__ = _sbss
 *(.bss)
 .bss           0x20000040       0x1c C:/ST/STM32CubeIDE_2.0.0/STM32CubeIDE/plugins/com.st.stm32cube.ide.mcu.externaltools.gnu-tools-for-stm32.14.3.rel1.win32_1.0.100.202602081740/tools/bin/../lib/gcc/arm-none-eabi/14.3.1/thumb/v8-m.main+fp/hard/crtbegin.o
 *(.bss*)
 .bss.defaultTaskHandle
                0x2000005c        0x4 ./Core/Src/app_freertos.o
                0x2000005c                defaultTaskHandle
 .bss.UartTask01Handle
                0x20000060        0x4 ./Core/Src/app_freertos.o
                0x20000060                UartTask01Handle
 .bss.UartTask02Handle
                0x20000064        0x4 ./Core/Src/app_freertos.o
                0x20000064                UartTask02Handle
 .bss.UartTask03Handle
                0x20000068        0x4 ./Core/Src/app_freertos.o
                0x20000068                UartTask03Handle
 .bss.BspCOMInit
                0x2000006c       0x10 ./Core/Src/main.o
                0x2000006c                BspCOMInit
 .bss.huart3    0x2000007c       0x94 ./Core/Src/main.o
                0x2000007c                huart3
 .bss.htim1     0x20000110       0x4c ./Core/Src/stm32wbaxx_hal_timebase_tim.o
                0x20000110                htim1
 .bss.hcom_uart
                0x2000015c       0x94 ./Drivers/BSP/STM32WBAxx_Nucleo/stm32wbaxx_nucleo.o
                0x2000015c                hcom_uart
 .bss.hpb_exti  0x200001f0       0x24 ./Drivers/BSP/STM32WBAxx_Nucleo/stm32wbaxx_nucleo.o
 .bss.uwTick    0x20000214        0x4 ./Drivers/STM32WBAxx_HAL_Driver/Src/stm32wbaxx_hal.o
                0x20000214                uwTick
 .bss.KernelState
                0x20000218        0x4 ./Middlewares/Third_Party/FreeRTOS/Source/CMSIS_RTOS_V2/cmsis_os2.o
 .bss.xQueueRegistry
                0x2000021c       0x40 ./Middlewares/Third_Party/FreeRTOS/Source/queue.o
                0x2000021c                xQueueRegistry
 .bss.pxCurrentTCB
                0x2000025c        0x4 ./Middlewares/Third_Party/FreeRTOS/Source/tasks.o
                0x2000025c                pxCurrentTCB
 .bss.pxReadyTasksLists
                0x20000260      0x460 ./Middlewares/Third_Party/FreeRTOS/Source/tasks.o
 .bss.xDelayedTaskList1
                0x200006c0       0x14 ./Middlewares/Third_Party/FreeRTOS/Source/tasks.o
 .bss.xDelayedTaskList2
                0x200006d4       0x14 ./Middlewares/Third_Party/FreeRTOS/Source/tasks.o
 .bss.pxDelayedTaskList
                0x200006e8        0x4 ./Middlewares/Third_Party/FreeRTOS/Source/tasks.o
 .bss.pxOverflowDelayedTaskList
                0x200006ec        0x4 ./Middlewares/Third_Party/FreeRTOS/Source/tasks.o
 .bss.xPendingReadyList
                0x200006f0       0x14 ./Middlewares/Third_Party/FreeRTOS/Source/tasks.o
 .bss.xTasksWaitingTermination
                0x20000704       0x14 ./Middlewares/Third_Party/FreeRTOS/Source/tasks.o
 .bss.uxDeletedTasksWaitingCleanUp
                0x20000718        0x4 ./Middlewares/Third_Party/FreeRTOS/Source/tasks.o
 .bss.xSuspendedTaskList
                0x2000071c       0x14 ./Middlewares/Third_Party/FreeRTOS/Source/tasks.o
 .bss.uxCurrentNumberOfTasks
                0x20000730        0x4 ./Middlewares/Third_Party/FreeRTOS/Source/tasks.o
 .bss.xTickCount
                0x20000734        0x4 ./Middlewares/Third_Party/FreeRTOS/Source/tasks.o
 .bss.uxTopReadyPriority
                0x20000738        0x4 ./Middlewares/Third_Party/FreeRTOS/Source/tasks.o
 .bss.xSchedulerRunning
                0x2000073c        0x4 ./Middlewares/Third_Party/FreeRTOS/Source/tasks.o
 .bss.xPendedTicks
                0x20000740        0x4 ./Middlewares/Third_Party/FreeRTOS/Source/tasks.o
 .bss.xYieldPendings
                0x20000744        0x4 ./Middlewares/Third_Party/FreeRTOS/Source/tasks.o
 .bss.xNumOfOverflows
                0x20000748        0x4 ./Middlewares/Third_Party/FreeRTOS/Source/tasks.o
 .bss.uxTaskNumber
                0x2000074c        0x4 ./Middlewares/Third_Party/FreeRTOS/Source/tasks.o
 .bss.xNextTaskUnblockTime
                0x20000750        0x4 ./Middlewares/Third_Party/FreeRTOS/Source/tasks.o
 .bss.xIdleTaskHandles
                0x20000754        0x4 ./Middlewares/Third_Party/FreeRTOS/Source/tasks.o
 .bss.uxSchedulerSuspended
                0x20000758        0x4 ./Middlewares/Third_Party/FreeRTOS/Source/tasks.o
 .bss.xIdleTaskTCB.3
                0x2000075c       0x5c ./Middlewares/Third_Party/FreeRTOS/Source/tasks.o
 .bss.uxIdleTaskStack.2
                0x200007b8      0x200 ./Middlewares/Third_Party/FreeRTOS/Source/tasks.o
 .bss.xTimerTaskTCB.1
                0x200009b8       0x5c ./Middlewares/Third_Party/FreeRTOS/Source/tasks.o
 .bss.uxTimerTaskStack.0
                0x20000a14      0x200 ./Middlewares/Third_Party/FreeRTOS/Source/tasks.o
 .bss.xActiveTimerList1
                0x20000c14       0x14 ./Middlewares/Third_Party/FreeRTOS/Source/timers.o
 .bss.xActiveTimerList2
                0x20000c28       0x14 ./Middlewares/Third_Party/FreeRTOS/Source/timers.o
 .bss.pxCurrentTimerList
                0x20000c3c        0x4 ./Middlewares/Third_Party/FreeRTOS/Source/timers.o
 .bss.pxOverflowTimerList
                0x20000c40        0x4 ./Middlewares/Third_Party/FreeRTOS/Source/timers.o
 .bss.xTimerQueue
                0x20000c44        0x4 ./Middlewares/Third_Party/FreeRTOS/Source/timers.o
 .bss.xTimerTaskHandle
                0x20000c48        0x4 ./Middlewares/Third_Party/FreeRTOS/Source/timers.o
 .bss.xLastTime.2
                0x20000c4c        0x4 ./Middlewares/Third_Party/FreeRTOS/Source/timers.o
 .bss.ucStaticTimerQueueStorage.1
                0x20000c50       0xa0 ./Middlewares/Third_Party/FreeRTOS/Source/timers.o
 .bss.xStaticTimerQueue.0
                0x20000cf0       0x50 ./Middlewares/Third_Party/FreeRTOS/Source/timers.o
 .bss.ucMaxSysCallPriority
                0x20000d40        0x1 ./Middlewares/Third_Party/FreeRTOS/Source/portable/GCC/ARM_CM33_NTZ/non_secure/port.o
 *fill*         0x20000d41        0x3 
 .bss.ulMaxPRIGROUPValue
                0x20000d44        0x4 ./Middlewares/Third_Party/FreeRTOS/Source/portable/GCC/ARM_CM33_NTZ/non_secure/port.o
 .bss.ucHeap    0x20000d48     0x2000 ./Middlewares/Third_Party/FreeRTOS/Source/portable/MemMang/heap_1.o
 .bss.xNextFreeByte
                0x20002d48        0x4 ./Middlewares/Third_Party/FreeRTOS/Source/portable/MemMang/heap_1.o
 .bss.pucAlignedHeap.0
                0x20002d4c        0x4 ./Middlewares/Third_Party/FreeRTOS/Source/portable/MemMang/heap_1.o
 *(COMMON)
                0x20002d50                        . = ALIGN (0x4)
                0x20002d50                        _ebss = .
                0x20002d50                        __bss_end__ = _ebss

._user_heap_stack
                0x20002d50      0x600 load address 0x08006810
                0x20002d50                        . = ALIGN (0x8)
                [!provide]                        PROVIDE (end = .)
                0x20002d50                        PROVIDE (_end = .)
                0x20002f50                        . = (. + _Min_Heap_Size)
 *fill*         0x20002d50      0x200 
                0x20003350                        . = (. + _Min_Stack_Size)
 *fill*         0x20002f50      0x400 
                0x20003350                        . = ALIGN (0x8)

/DISCARD/
 libc.a(*)
 libm.a(*)
 libgcc.a(*)

.ARM.attributes
                0x00000000       0x36
 *(.ARM.attributes)
 .ARM.attributes
                0x00000000       0x26 C:/ST/STM32CubeIDE_2.0.0/STM32CubeIDE/plugins/com.st.stm32cube.ide.mcu.externaltools.gnu-tools-for-stm32.14.3.rel1.win32_1.0.100.202602081740/tools/bin/../lib/gcc/arm-none-eabi/14.3.1/thumb/v8-m.main+fp/hard/crti.o
 .ARM.attributes
                0x00000026       0x38 C:/ST/STM32CubeIDE_2.0.0/STM32CubeIDE/plugins/com.st.stm32cube.ide.mcu.externaltools.gnu-tools-for-stm32.14.3.rel1.win32_1.0.100.202602081740/tools/bin/../lib/gcc/arm-none-eabi/14.3.1/thumb/v8-m.main+fp/hard/crtbegin.o
 .ARM.attributes
                0x0000005e       0x3a ./Core/Src/app_freertos.o
 .ARM.attributes
                0x00000098       0x3a ./Core/Src/main.o
 .ARM.attributes
                0x000000d2       0x3a ./Core/Src/stm32wbaxx_hal_msp.o
 .ARM.attributes
                0x0000010c       0x3a ./Core/Src/stm32wbaxx_hal_timebase_tim.o
 .ARM.attributes
                0x00000146       0x3a ./Core/Src/stm32wbaxx_it.o
 .ARM.attributes
                0x00000180       0x3a ./Core/Src/system_stm32wbaxx.o
 .ARM.attributes
                0x000001ba       0x24 ./Core/Startup/startup_stm32wba65rivx.o
 .ARM.attributes
                0x000001de       0x3a ./Drivers/BSP/STM32WBAxx_Nucleo/stm32wbaxx_nucleo.o
 .ARM.attributes
                0x00000218       0x3a ./Drivers/STM32WBAxx_HAL_Driver/Src/stm32wbaxx_hal.o
 .ARM.attributes
                0x00000252       0x3a ./Drivers/STM32WBAxx_HAL_Driver/Src/stm32wbaxx_hal_cortex.o
 .ARM.attributes
                0x0000028c       0x3a ./Drivers/STM32WBAxx_HAL_Driver/Src/stm32wbaxx_hal_exti.o
 .ARM.attributes
                0x000002c6       0x3a ./Drivers/STM32WBAxx_HAL_Driver/Src/stm32wbaxx_hal_gpio.o
 .ARM.attributes
                0x00000300       0x3a ./Drivers/STM32WBAxx_HAL_Driver/Src/stm32wbaxx_hal_icache.o
 .ARM.attributes
                0x0000033a       0x3a ./Drivers/STM32WBAxx_HAL_Driver/Src/stm32wbaxx_hal_pwr_ex.o
 .ARM.attributes
                0x00000374       0x3a ./Drivers/STM32WBAxx_HAL_Driver/Src/stm32wbaxx_hal_rcc.o
 .ARM.attributes
                0x000003ae       0x3a ./Drivers/STM32WBAxx_HAL_Driver/Src/stm32wbaxx_hal_rcc_ex.o
 .ARM.attributes
                0x000003e8       0x3a ./Drivers/STM32WBAxx_HAL_Driver/Src/stm32wbaxx_hal_tim.o
 .ARM.attributes
                0x00000422       0x3a ./Drivers/STM32WBAxx_HAL_Driver/Src/stm32wbaxx_hal_tim_ex.o
 .ARM.attributes
                0x0000045c       0x3a ./Drivers/STM32WBAxx_HAL_Driver/Src/stm32wbaxx_hal_uart.o
 .ARM.attributes
                0x00000496       0x3a ./Drivers/STM32WBAxx_HAL_Driver/Src/stm32wbaxx_hal_uart_ex.o
 .ARM.attributes
                0x000004d0       0x3a ./Middlewares/Third_Party/FreeRTOS/Source/CMSIS_RTOS_V2/cmsis_os2.o
 .ARM.attributes
                0x0000050a       0x3a ./Middlewares/Third_Party/FreeRTOS/Source/list.o
 .ARM.attributes
                0x00000544       0x3a ./Middlewares/Third_Party/FreeRTOS/Source/queue.o
 .ARM.attributes
                0x0000057e       0x3a ./Middlewares/Third_Party/FreeRTOS/Source/tasks.o
 .ARM.attributes
                0x000005b8       0x3a ./Middlewares/Third_Party/FreeRTOS/Source/timers.o
 .ARM.attributes
                0x000005f2       0x3a ./Middlewares/Third_Party/FreeRTOS/Source/portable/GCC/ARM_CM33_NTZ/non_secure/port.o
 .ARM.attributes
                0x0000062c       0x3a ./Middlewares/Third_Party/FreeRTOS/Source/portable/GCC/ARM_CM33_NTZ/non_secure/portasm.o
 .ARM.attributes
                0x00000666       0x3a ./Middlewares/Third_Party/FreeRTOS/Source/portable/MemMang/heap_1.o
 .ARM.attributes
                0x000006a0       0x38 C:/ST/STM32CubeIDE_2.0.0/STM32CubeIDE/plugins/com.st.stm32cube.ide.mcu.externaltools.gnu-tools-for-stm32.14.3.rel1.win32_1.0.100.202602081740/tools/bin/../lib/gcc/arm-none-eabi/14.3.1/../../../../arm-none-eabi/lib/thumb/v8-m.main+fp/hard\libc_nano.a(libc_a-memset.o)
 .ARM.attributes
                0x000006d8       0x38 C:/ST/STM32CubeIDE_2.0.0/STM32CubeIDE/plugins/com.st.stm32cube.ide.mcu.externaltools.gnu-tools-for-stm32.14.3.rel1.win32_1.0.100.202602081740/tools/bin/../lib/gcc/arm-none-eabi/14.3.1/../../../../arm-none-eabi/lib/thumb/v8-m.main+fp/hard\libc_nano.a(libc_a-init.o)
 .ARM.attributes
                0x00000710       0x38 C:/ST/STM32CubeIDE_2.0.0/STM32CubeIDE/plugins/com.st.stm32cube.ide.mcu.externaltools.gnu-tools-for-stm32.14.3.rel1.win32_1.0.100.202602081740/tools/bin/../lib/gcc/arm-none-eabi/14.3.1/../../../../arm-none-eabi/lib/thumb/v8-m.main+fp/hard\libc_nano.a(libc_a-memcpy-stub.o)
 .ARM.attributes
                0x00000748       0x26 C:/ST/STM32CubeIDE_2.0.0/STM32CubeIDE/plugins/com.st.stm32cube.ide.mcu.externaltools.gnu-tools-for-stm32.14.3.rel1.win32_1.0.100.202602081740/tools/bin/../lib/gcc/arm-none-eabi/14.3.1/thumb/v8-m.main+fp/hard\libgcc.a(_aeabi_uldivmod.o)
 .ARM.attributes
                0x0000076e       0x38 C:/ST/STM32CubeIDE_2.0.0/STM32CubeIDE/plugins/com.st.stm32cube.ide.mcu.externaltools.gnu-tools-for-stm32.14.3.rel1.win32_1.0.100.202602081740/tools/bin/../lib/gcc/arm-none-eabi/14.3.1/thumb/v8-m.main+fp/hard\libgcc.a(_udivmoddi4.o)
 .ARM.attributes
                0x000007a6       0x26 C:/ST/STM32CubeIDE_2.0.0/STM32CubeIDE/plugins/com.st.stm32cube.ide.mcu.externaltools.gnu-tools-for-stm32.14.3.rel1.win32_1.0.100.202602081740/tools/bin/../lib/gcc/arm-none-eabi/14.3.1/thumb/v8-m.main+fp/hard\libgcc.a(_dvmd_tls.o)
 .ARM.attributes
                0x000007cc       0x26 C:/ST/STM32CubeIDE_2.0.0/STM32CubeIDE/plugins/com.st.stm32cube.ide.mcu.externaltools.gnu-tools-for-stm32.14.3.rel1.win32_1.0.100.202602081740/tools/bin/../lib/gcc/arm-none-eabi/14.3.1/thumb/v8-m.main+fp/hard/crtn.o
OUTPUT(wba65ri_rtos_usart.elf elf32-littlearm)
LOAD linker stubs
LOAD C:/ST/STM32CubeIDE_2.0.0/STM32CubeIDE/plugins/com.st.stm32cube.ide.mcu.externaltools.gnu-tools-for-stm32.14.3.rel1.win32_1.0.100.202602081740/tools/bin/../lib/gcc/arm-none-eabi/14.3.1/../../../../arm-none-eabi/lib/thumb/v8-m.main+fp/hard\libc.a
LOAD C:/ST/STM32CubeIDE_2.0.0/STM32CubeIDE/plugins/com.st.stm32cube.ide.mcu.externaltools.gnu-tools-for-stm32.14.3.rel1.win32_1.0.100.202602081740/tools/bin/../lib/gcc/arm-none-eabi/14.3.1/../../../../arm-none-eabi/lib/thumb/v8-m.main+fp/hard\libm.a
LOAD C:/ST/STM32CubeIDE_2.0.0/STM32CubeIDE/plugins/com.st.stm32cube.ide.mcu.externaltools.gnu-tools-for-stm32.14.3.rel1.win32_1.0.100.202602081740/tools/bin/../lib/gcc/arm-none-eabi/14.3.1/thumb/v8-m.main+fp/hard\libgcc.a

.debug_info     0x00000000    0x20aa2
 .debug_info    0x00000000      0xd1f ./Core/Src/app_freertos.o
 .debug_info    0x00000d1f     0x18b3 ./Core/Src/main.o
 .debug_info    0x000025d2     0x12e0 ./Core/Src/stm32wbaxx_hal_msp.o
 .debug_info    0x000038b2     0x10fb ./Core/Src/stm32wbaxx_hal_timebase_tim.o
 .debug_info    0x000049ad      0x991 ./Core/Src/stm32wbaxx_it.o
 .debug_info    0x0000533e      0x9e2 ./Core/Src/system_stm32wbaxx.o
 .debug_info    0x00005d20       0x30 ./Core/Startup/startup_stm32wba65rivx.o
 .debug_info    0x00005d50     0x1a89 ./Drivers/BSP/STM32WBAxx_Nucleo/stm32wbaxx_nucleo.o
 .debug_info    0x000077d9     0x141c ./Drivers/STM32WBAxx_HAL_Driver/Src/stm32wbaxx_hal.o
 .debug_info    0x00008bf5     0x15c2 ./Drivers/STM32WBAxx_HAL_Driver/Src/stm32wbaxx_hal_cortex.o
 .debug_info    0x0000a1b7      0x744 ./Drivers/STM32WBAxx_HAL_Driver/Src/stm32wbaxx_hal_exti.o
 .debug_info    0x0000a8fb      0x620 ./Drivers/STM32WBAxx_HAL_Driver/Src/stm32wbaxx_hal_gpio.o
 .debug_info    0x0000af1b      0x4d6 ./Drivers/STM32WBAxx_HAL_Driver/Src/stm32wbaxx_hal_icache.o
 .debug_info    0x0000b3f1      0x841 ./Drivers/STM32WBAxx_HAL_Driver/Src/stm32wbaxx_hal_pwr_ex.o
 .debug_info    0x0000bc32     0x11cf ./Drivers/STM32WBAxx_HAL_Driver/Src/stm32wbaxx_hal_rcc.o
 .debug_info    0x0000ce01      0xc07 ./Drivers/STM32WBAxx_HAL_Driver/Src/stm32wbaxx_hal_rcc_ex.o
 .debug_info    0x0000da08     0x2e37 ./Drivers/STM32WBAxx_HAL_Driver/Src/stm32wbaxx_hal_tim.o
 .debug_info    0x0001083f     0x1e8d ./Drivers/STM32WBAxx_HAL_Driver/Src/stm32wbaxx_hal_tim_ex.o
 .debug_info    0x000126cc     0x4a02 ./Drivers/STM32WBAxx_HAL_Driver/Src/stm32wbaxx_hal_uart.o
 .debug_info    0x000170ce     0x11d8 ./Drivers/STM32WBAxx_HAL_Driver/Src/stm32wbaxx_hal_uart_ex.o
 .debug_info    0x000182a6     0x2e5a ./Middlewares/Third_Party/FreeRTOS/Source/CMSIS_RTOS_V2/cmsis_os2.o
 .debug_info    0x0001b100      0x2aa ./Middlewares/Third_Party/FreeRTOS/Source/list.o
 .debug_info    0x0001b3aa     0x16ac ./Middlewares/Third_Party/FreeRTOS/Source/queue.o
 .debug_info    0x0001ca56     0x256e ./Middlewares/Third_Party/FreeRTOS/Source/tasks.o
 .debug_info    0x0001efc4     0x13c9 ./Middlewares/Third_Party/FreeRTOS/Source/timers.o
 .debug_info    0x0002038d      0x3e8 ./Middlewares/Third_Party/FreeRTOS/Source/portable/GCC/ARM_CM33_NTZ/non_secure/port.o
 .debug_info    0x00020775      0x151 ./Middlewares/Third_Party/FreeRTOS/Source/portable/GCC/ARM_CM33_NTZ/non_secure/portasm.o
 .debug_info    0x000208c6      0x1dc ./Middlewares/Third_Party/FreeRTOS/Source/portable/MemMang/heap_1.o

.debug_abbrev   0x00000000     0x40a2
 .debug_abbrev  0x00000000      0x1f9 ./Core/Src/app_freertos.o
 .debug_abbrev  0x000001f9      0x35c ./Core/Src/main.o
 .debug_abbrev  0x00000555      0x1fb ./Core/Src/stm32wbaxx_hal_msp.o
 .debug_abbrev  0x00000750      0x22a ./Core/Src/stm32wbaxx_hal_timebase_tim.o
 .debug_abbrev  0x0000097a      0x1ba ./Core/Src/stm32wbaxx_it.o
 .debug_abbrev  0x00000b34      0x13e ./Core/Src/system_stm32wbaxx.o
 .debug_abbrev  0x00000c72       0x24 ./Core/Startup/startup_stm32wba65rivx.o
 .debug_abbrev  0x00000c96      0x30c ./Drivers/BSP/STM32WBAxx_Nucleo/stm32wbaxx_nucleo.o
 .debug_abbrev  0x00000fa2      0x332 ./Drivers/STM32WBAxx_HAL_Driver/Src/stm32wbaxx_hal.o
 .debug_abbrev  0x000012d4      0x33e ./Drivers/STM32WBAxx_HAL_Driver/Src/stm32wbaxx_hal_cortex.o
 .debug_abbrev  0x00001612      0x19a ./Drivers/STM32WBAxx_HAL_Driver/Src/stm32wbaxx_hal_exti.o
 .debug_abbrev  0x000017ac      0x1ca ./Drivers/STM32WBAxx_HAL_Driver/Src/stm32wbaxx_hal_gpio.o
 .debug_abbrev  0x00001976      0x228 ./Drivers/STM32WBAxx_HAL_Driver/Src/stm32wbaxx_hal_icache.o
 .debug_abbrev  0x00001b9e      0x1d3 ./Drivers/STM32WBAxx_HAL_Driver/Src/stm32wbaxx_hal_pwr_ex.o
 .debug_abbrev  0x00001d71      0x2da ./Drivers/STM32WBAxx_HAL_Driver/Src/stm32wbaxx_hal_rcc.o
 .debug_abbrev  0x0000204b      0x21d ./Drivers/STM32WBAxx_HAL_Driver/Src/stm32wbaxx_hal_rcc_ex.o
 .debug_abbrev  0x00002268      0x2bd ./Drivers/STM32WBAxx_HAL_Driver/Src/stm32wbaxx_hal_tim.o
 .debug_abbrev  0x00002525      0x2c7 ./Drivers/STM32WBAxx_HAL_Driver/Src/stm32wbaxx_hal_tim_ex.o
 .debug_abbrev  0x000027ec      0x327 ./Drivers/STM32WBAxx_HAL_Driver/Src/stm32wbaxx_hal_uart.o
 .debug_abbrev  0x00002b13      0x2d4 ./Drivers/STM32WBAxx_HAL_Driver/Src/stm32wbaxx_hal_uart_ex.o
 .debug_abbrev  0x00002de7      0x47e ./Middlewares/Third_Party/FreeRTOS/Source/CMSIS_RTOS_V2/cmsis_os2.o
 .debug_abbrev  0x00003265       0xee ./Middlewares/Third_Party/FreeRTOS/Source/list.o
 .debug_abbrev  0x00003353      0x324 ./Middlewares/Third_Party/FreeRTOS/Source/queue.o
 .debug_abbrev  0x00003677      0x329 ./Middlewares/Third_Party/FreeRTOS/Source/tasks.o
 .debug_abbrev  0x000039a0      0x33f ./Middlewares/Third_Party/FreeRTOS/Source/timers.o
 .debug_abbrev  0x00003cdf      0x1c8 ./Middlewares/Third_Party/FreeRTOS/Source/portable/GCC/ARM_CM33_NTZ/non_secure/port.o
 .debug_abbrev  0x00003ea7       0xb8 ./Middlewares/Third_Party/FreeRTOS/Source/portable/GCC/ARM_CM33_NTZ/non_secure/portasm.o
 .debug_abbrev  0x00003f5f      0x143 ./Middlewares/Third_Party/FreeRTOS/Source/portable/MemMang/heap_1.o

.debug_aranges  0x00000000     0x1c10
 .debug_aranges
                0x00000000       0x40 ./Core/Src/app_freertos.o
 .debug_aranges
                0x00000040       0x58 ./Core/Src/main.o
 .debug_aranges
                0x00000098       0x30 ./Core/Src/stm32wbaxx_hal_msp.o
 .debug_aranges
                0x000000c8       0x30 ./Core/Src/stm32wbaxx_hal_timebase_tim.o
 .debug_aranges
                0x000000f8       0x68 ./Core/Src/stm32wbaxx_it.o
 .debug_aranges
                0x00000160       0x28 ./Core/Src/system_stm32wbaxx.o
 .debug_aranges
                0x00000188       0x28 ./Core/Startup/startup_stm32wba65rivx.o
 .debug_aranges
                0x000001b0       0xd8 ./Drivers/BSP/STM32WBAxx_Nucleo/stm32wbaxx_nucleo.o
 .debug_aranges
                0x00000288      0x188 ./Drivers/STM32WBAxx_HAL_Driver/Src/stm32wbaxx_hal.o
 .debug_aranges
                0x00000410      0x140 ./Drivers/STM32WBAxx_HAL_Driver/Src/stm32wbaxx_hal_cortex.o
 .debug_aranges
                0x00000550       0x70 ./Drivers/STM32WBAxx_HAL_Driver/Src/stm32wbaxx_hal_exti.o
 .debug_aranges
                0x000005c0       0x78 ./Drivers/STM32WBAxx_HAL_Driver/Src/stm32wbaxx_hal_gpio.o
 .debug_aranges
                0x00000638       0xa8 ./Drivers/STM32WBAxx_HAL_Driver/Src/stm32wbaxx_hal_icache.o
 .debug_aranges
                0x000006e0      0x190 ./Drivers/STM32WBAxx_HAL_Driver/Src/stm32wbaxx_hal_pwr_ex.o
 .debug_aranges
                0x00000870       0xc8 ./Drivers/STM32WBAxx_HAL_Driver/Src/stm32wbaxx_hal_rcc.o
 .debug_aranges
                0x00000938       0xd8 ./Drivers/STM32WBAxx_HAL_Driver/Src/stm32wbaxx_hal_rcc_ex.o
 .debug_aranges
                0x00000a10      0x3e8 ./Drivers/STM32WBAxx_HAL_Driver/Src/stm32wbaxx_hal_tim.o
 .debug_aranges
                0x00000df8      0x240 ./Drivers/STM32WBAxx_HAL_Driver/Src/stm32wbaxx_hal_tim_ex.o
 .debug_aranges
                0x00001038      0x248 ./Drivers/STM32WBAxx_HAL_Driver/Src/stm32wbaxx_hal_uart.o
 .debug_aranges
                0x00001280       0xb8 ./Drivers/STM32WBAxx_HAL_Driver/Src/stm32wbaxx_hal_uart_ex.o
 .debug_aranges
                0x00001338      0x298 ./Middlewares/Third_Party/FreeRTOS/Source/CMSIS_RTOS_V2/cmsis_os2.o
 .debug_aranges
                0x000015d0       0x40 ./Middlewares/Third_Party/FreeRTOS/Source/list.o
 .debug_aranges
                0x00001610      0x170 ./Middlewares/Third_Party/FreeRTOS/Source/queue.o
 .debug_aranges
                0x00001780      0x260 ./Middlewares/Third_Party/FreeRTOS/Source/tasks.o
 .debug_aranges
                0x000019e0      0x118 ./Middlewares/Third_Party/FreeRTOS/Source/timers.o
 .debug_aranges
                0x00001af8       0x78 ./Middlewares/Third_Party/FreeRTOS/Source/portable/GCC/ARM_CM33_NTZ/non_secure/port.o
 .debug_aranges
                0x00001b70       0x60 ./Middlewares/Third_Party/FreeRTOS/Source/portable/GCC/ARM_CM33_NTZ/non_secure/portasm.o
 .debug_aranges
                0x00001bd0       0x40 ./Middlewares/Third_Party/FreeRTOS/Source/portable/MemMang/heap_1.o

.debug_rnglists
                0x00000000     0x15b8
 .debug_rnglists
                0x00000000       0x2c ./Core/Src/app_freertos.o
 .debug_rnglists
                0x0000002c       0x41 ./Core/Src/main.o
 .debug_rnglists
                0x0000006d       0x20 ./Core/Src/stm32wbaxx_hal_msp.o
 .debug_rnglists
                0x0000008d       0x20 ./Core/Src/stm32wbaxx_hal_timebase_tim.o
 .debug_rnglists
                0x000000ad       0x49 ./Core/Src/stm32wbaxx_it.o
 .debug_rnglists
                0x000000f6       0x1b ./Core/Src/system_stm32wbaxx.o
 .debug_rnglists
                0x00000111       0x19 ./Core/Startup/startup_stm32wba65rivx.o
 .debug_rnglists
                0x0000012a       0xa1 ./Drivers/BSP/STM32WBAxx_Nucleo/stm32wbaxx_nucleo.o
 .debug_rnglists
                0x000001cb      0x125 ./Drivers/STM32WBAxx_HAL_Driver/Src/stm32wbaxx_hal.o
 .debug_rnglists
                0x000002f0       0xec ./Drivers/STM32WBAxx_HAL_Driver/Src/stm32wbaxx_hal_cortex.o
 .debug_rnglists
                0x000003dc       0x53 ./Drivers/STM32WBAxx_HAL_Driver/Src/stm32wbaxx_hal_exti.o
 .debug_rnglists
                0x0000042f       0x57 ./Drivers/STM32WBAxx_HAL_Driver/Src/stm32wbaxx_hal_gpio.o
 .debug_rnglists
                0x00000486       0x7a ./Drivers/STM32WBAxx_HAL_Driver/Src/stm32wbaxx_hal_icache.o
 .debug_rnglists
                0x00000500      0x12c ./Drivers/STM32WBAxx_HAL_Driver/Src/stm32wbaxx_hal_pwr_ex.o
 .debug_rnglists
                0x0000062c       0x97 ./Drivers/STM32WBAxx_HAL_Driver/Src/stm32wbaxx_hal_rcc.o
 .debug_rnglists
                0x000006c3       0xa0 ./Drivers/STM32WBAxx_HAL_Driver/Src/stm32wbaxx_hal_rcc_ex.o
 .debug_rnglists
                0x00000763      0x332 ./Drivers/STM32WBAxx_HAL_Driver/Src/stm32wbaxx_hal_tim.o
 .debug_rnglists
                0x00000a95      0x1cb ./Drivers/STM32WBAxx_HAL_Driver/Src/stm32wbaxx_hal_tim_ex.o
 .debug_rnglists
                0x00000c60      0x1f7 ./Drivers/STM32WBAxx_HAL_Driver/Src/stm32wbaxx_hal_uart.o
 .debug_rnglists
                0x00000e57       0x8c ./Drivers/STM32WBAxx_HAL_Driver/Src/stm32wbaxx_hal_uart_ex.o
 .debug_rnglists
                0x00000ee3      0x200 ./Middlewares/Third_Party/FreeRTOS/Source/CMSIS_RTOS_V2/cmsis_os2.o
 .debug_rnglists
                0x000010e3       0x2b ./Middlewares/Third_Party/FreeRTOS/Source/list.o
 .debug_rnglists
                0x0000110e      0x11d ./Middlewares/Third_Party/FreeRTOS/Source/queue.o
 .debug_rnglists
                0x0000122b      0x1f4 ./Middlewares/Third_Party/FreeRTOS/Source/tasks.o
 .debug_rnglists
                0x0000141f       0xd3 ./Middlewares/Third_Party/FreeRTOS/Source/timers.o
 .debug_rnglists
                0x000014f2       0x57 ./Middlewares/Third_Party/FreeRTOS/Source/portable/GCC/ARM_CM33_NTZ/non_secure/port.o
 .debug_rnglists
                0x00001549       0x43 ./Middlewares/Third_Party/FreeRTOS/Source/portable/GCC/ARM_CM33_NTZ/non_secure/portasm.o
 .debug_rnglists
                0x0000158c       0x2c ./Middlewares/Third_Party/FreeRTOS/Source/portable/MemMang/heap_1.o

.debug_macro    0x00000000    0x2da7c
 .debug_macro   0x00000000      0x38d ./Core/Src/app_freertos.o
 .debug_macro   0x0000038d      0xae4 ./Core/Src/app_freertos.o
 .debug_macro   0x00000e71      0x190 ./Core/Src/app_freertos.o
 .debug_macro   0x00001001       0x22 ./Core/Src/app_freertos.o
 .debug_macro   0x00001023       0x8e ./Core/Src/app_freertos.o
 .debug_macro   0x000010b1       0x51 ./Core/Src/app_freertos.o
 .debug_macro   0x00001102      0x103 ./Core/Src/app_freertos.o
 .debug_macro   0x00001205       0x6a ./Core/Src/app_freertos.o
 .debug_macro   0x0000126f      0x1df ./Core/Src/app_freertos.o
 .debug_macro   0x0000144e       0x16 ./Core/Src/app_freertos.o
 .debug_macro   0x00001464      0x1cc ./Core/Src/app_freertos.o
 .debug_macro   0x00001630       0x28 ./Core/Src/app_freertos.o
 .debug_macro   0x00001658      0x182 ./Core/Src/app_freertos.o
 .debug_macro   0x000017da       0x22 ./Core/Src/app_freertos.o
 .debug_macro   0x000017fc      0x1c1 ./Core/Src/app_freertos.o
 .debug_macro   0x000019bd       0x16 ./Core/Src/app_freertos.o
 .debug_macro   0x000019d3       0x1c ./Core/Src/app_freertos.o
 .debug_macro   0x000019ef       0x1f ./Core/Src/app_freertos.o
 .debug_macro   0x00001a0e       0x12 ./Core/Src/app_freertos.o
 .debug_macro   0x00001a20     0x1055 ./Core/Src/app_freertos.o
 .debug_macro   0x00002a75       0xc3 ./Core/Src/app_freertos.o
 .debug_macro   0x00002b38      0x14f ./Core/Src/app_freertos.o
 .debug_macro   0x00002c87      0x149 ./Core/Src/app_freertos.o
 .debug_macro   0x00002dd0       0x2e ./Core/Src/app_freertos.o
 .debug_macro   0x00002dfe       0x42 ./Core/Src/app_freertos.o
 .debug_macro   0x00002e40       0x1c ./Core/Src/app_freertos.o
 .debug_macro   0x00002e5c       0x29 ./Core/Src/app_freertos.o
 .debug_macro   0x00002e85       0xfb ./Core/Src/app_freertos.o
 .debug_macro   0x00002f80     0x1685 ./Core/Src/app_freertos.o
 .debug_macro   0x00004605       0x5e ./Core/Src/app_freertos.o
 .debug_macro   0x00004663    0x1acf9 ./Core/Src/app_freertos.o
 .debug_macro   0x0001f35c       0x6d ./Core/Src/app_freertos.o
 .debug_macro   0x0001f3c9     0x34e1 ./Core/Src/app_freertos.o
 .debug_macro   0x000228aa       0x61 ./Core/Src/app_freertos.o
 .debug_macro   0x0002290b       0x2a ./Core/Src/app_freertos.o
 .debug_macro   0x00022935       0x43 ./Core/Src/app_freertos.o
 .debug_macro   0x00022978       0x34 ./Core/Src/app_freertos.o
 .debug_macro   0x000229ac      0x364 ./Core/Src/app_freertos.o
 .debug_macro   0x00022d10       0x16 ./Core/Src/app_freertos.o
 .debug_macro   0x00022d26       0x4a ./Core/Src/app_freertos.o
 .debug_macro   0x00022d70       0x34 ./Core/Src/app_freertos.o
 .debug_macro   0x00022da4       0x10 ./Core/Src/app_freertos.o
 .debug_macro   0x00022db4       0x58 ./Core/Src/app_freertos.o
 .debug_macro   0x00022e0c       0x8e ./Core/Src/app_freertos.o
 .debug_macro   0x00022e9a       0x1c ./Core/Src/app_freertos.o
 .debug_macro   0x00022eb6      0x17e ./Core/Src/app_freertos.o
 .debug_macro   0x00023034      0x19b ./Core/Src/app_freertos.o
 .debug_macro   0x000231cf       0x5d ./Core/Src/app_freertos.o
 .debug_macro   0x0002322c      0x3d8 ./Core/Src/app_freertos.o
 .debug_macro   0x00023604      0x2bf ./Core/Src/app_freertos.o
 .debug_macro   0x000238c3       0xd6 ./Core/Src/app_freertos.o
 .debug_macro   0x00023999      0x63a ./Core/Src/app_freertos.o
 .debug_macro   0x00023fd3     0x1129 ./Core/Src/app_freertos.o
 .debug_macro   0x000250fc      0x519 ./Core/Src/app_freertos.o
 .debug_macro   0x00025615      0x1d4 ./Core/Src/app_freertos.o
 .debug_macro   0x000257e9      0x192 ./Core/Src/app_freertos.o
 .debug_macro   0x0002597b      0x401 ./Core/Src/app_freertos.o
 .debug_macro   0x00025d7c      0x135 ./Core/Src/app_freertos.o
 .debug_macro   0x00025eb1      0x10e ./Core/Src/app_freertos.o
 .debug_macro   0x00025fbf      0x1c8 ./Core/Src/app_freertos.o
 .debug_macro   0x00026187      0x18b ./Core/Src/app_freertos.o
 .debug_macro   0x00026312       0xc9 ./Core/Src/app_freertos.o
 .debug_macro   0x000263db      0x48b ./Core/Src/app_freertos.o
 .debug_macro   0x00026866      0x1cd ./Core/Src/app_freertos.o
 .debug_macro   0x00026a33      0xba9 ./Core/Src/app_freertos.o
 .debug_macro   0x000275dc      0x39a ./Core/Src/app_freertos.o
 .debug_macro   0x00027976      0x677 ./Core/Src/app_freertos.o
 .debug_macro   0x00027fed      0x19a ./Core/Src/app_freertos.o
 .debug_macro   0x00028187      0x37b ./Core/Src/app_freertos.o
 .debug_macro   0x00028502       0x2e ./Core/Src/app_freertos.o
 .debug_macro   0x00028530       0x64 ./Core/Src/app_freertos.o
 .debug_macro   0x00028594       0x1c ./Core/Src/app_freertos.o
 .debug_macro   0x000285b0       0x3c ./Core/Src/app_freertos.o
 .debug_macro   0x000285ec       0x10 ./Core/Src/app_freertos.o
 .debug_macro   0x000285fc       0x1c ./Core/Src/app_freertos.o
 .debug_macro   0x00028618       0x16 ./Core/Src/app_freertos.o
 .debug_macro   0x0002862e      0x146 ./Core/Src/app_freertos.o
 .debug_macro   0x00028774      0x145 ./Core/Src/app_freertos.o
 .debug_macro   0x000288b9       0x88 ./Core/Src/app_freertos.o
 .debug_macro   0x00028941       0x74 ./Core/Src/app_freertos.o
 .debug_macro   0x000289b5      0x2fe ./Core/Src/main.o
 .debug_macro   0x00028cb3      0x2eb ./Core/Src/stm32wbaxx_hal_msp.o
 .debug_macro   0x00028f9e      0x293 ./Core/Src/stm32wbaxx_hal_timebase_tim.o
 .debug_macro   0x00029231      0x2f5 ./Core/Src/stm32wbaxx_it.o
 .debug_macro   0x00029526      0x28d ./Core/Src/system_stm32wbaxx.o
 .debug_macro   0x000297b3      0x14f ./Core/Src/system_stm32wbaxx.o
 .debug_macro   0x00029902      0x634 ./Core/Src/system_stm32wbaxx.o
 .debug_macro   0x00029f36      0x2ee ./Drivers/BSP/STM32WBAxx_Nucleo/stm32wbaxx_nucleo.o
 .debug_macro   0x0002a224       0x28 ./Drivers/BSP/STM32WBAxx_Nucleo/stm32wbaxx_nucleo.o
 .debug_macro   0x0002a24c      0x28d ./Drivers/STM32WBAxx_HAL_Driver/Src/stm32wbaxx_hal.o
 .debug_macro   0x0002a4d9      0x287 ./Drivers/STM32WBAxx_HAL_Driver/Src/stm32wbaxx_hal_cortex.o
 .debug_macro   0x0002a760      0x29f ./Drivers/STM32WBAxx_HAL_Driver/Src/stm32wbaxx_hal_exti.o
 .debug_macro   0x0002a9ff      0x28e ./Drivers/STM32WBAxx_HAL_Driver/Src/stm32wbaxx_hal_gpio.o
 .debug_macro   0x0002ac8d      0x2b9 ./Drivers/STM32WBAxx_HAL_Driver/Src/stm32wbaxx_hal_icache.o
 .debug_macro   0x0002af46      0x2cd ./Drivers/STM32WBAxx_HAL_Driver/Src/stm32wbaxx_hal_pwr_ex.o
 .debug_macro   0x0002b213      0x2bd ./Drivers/STM32WBAxx_HAL_Driver/Src/stm32wbaxx_hal_rcc.o
 .debug_macro   0x0002b4d0      0x287 ./Drivers/STM32WBAxx_HAL_Driver/Src/stm32wbaxx_hal_rcc_ex.o
 .debug_macro   0x0002b757      0x28f ./Drivers/STM32WBAxx_HAL_Driver/Src/stm32wbaxx_hal_tim.o
 .debug_macro   0x0002b9e6      0x28d ./Drivers/STM32WBAxx_HAL_Driver/Src/stm32wbaxx_hal_tim_ex.o
 .debug_macro   0x0002bc73      0x2b2 ./Drivers/STM32WBAxx_HAL_Driver/Src/stm32wbaxx_hal_uart.o
 .debug_macro   0x0002bf25      0x293 ./Drivers/STM32WBAxx_HAL_Driver/Src/stm32wbaxx_hal_uart_ex.o
 .debug_macro   0x0002c1b8      0x3f9 ./Middlewares/Third_Party/FreeRTOS/Source/CMSIS_RTOS_V2/cmsis_os2.o
 .debug_macro   0x0002c5b1       0x10 ./Middlewares/Third_Party/FreeRTOS/Source/CMSIS_RTOS_V2/cmsis_os2.o
 .debug_macro   0x0002c5c1       0x20 ./Middlewares/Third_Party/FreeRTOS/Source/CMSIS_RTOS_V2/cmsis_os2.o
 .debug_macro   0x0002c5e1       0x98 ./Middlewares/Third_Party/FreeRTOS/Source/CMSIS_RTOS_V2/cmsis_os2.o
 .debug_macro   0x0002c679       0x23 ./Middlewares/Third_Party/FreeRTOS/Source/CMSIS_RTOS_V2/cmsis_os2.o
 .debug_macro   0x0002c69c       0x94 ./Middlewares/Third_Party/FreeRTOS/Source/CMSIS_RTOS_V2/cmsis_os2.o
 .debug_macro   0x0002c730       0xa8 ./Middlewares/Third_Party/FreeRTOS/Source/CMSIS_RTOS_V2/cmsis_os2.o
 .debug_macro   0x0002c7d8       0x22 ./Middlewares/Third_Party/FreeRTOS/Source/CMSIS_RTOS_V2/cmsis_os2.o
 .debug_macro   0x0002c7fa      0x1b0 ./Middlewares/Third_Party/FreeRTOS/Source/list.o
 .debug_macro   0x0002c9aa      0x247 ./Middlewares/Third_Party/FreeRTOS/Source/queue.o
 .debug_macro   0x0002cbf1       0x16 ./Middlewares/Third_Party/FreeRTOS/Source/queue.o
 .debug_macro   0x0002cc07       0x8e ./Middlewares/Third_Party/FreeRTOS/Source/queue.o
 .debug_macro   0x0002cc95      0x2db ./Middlewares/Third_Party/FreeRTOS/Source/tasks.o
 .debug_macro   0x0002cf70       0x17 ./Middlewares/Third_Party/FreeRTOS/Source/tasks.o
 .debug_macro   0x0002cf87      0x1ff ./Middlewares/Third_Party/FreeRTOS/Source/timers.o
 .debug_macro   0x0002d186       0x9e ./Middlewares/Third_Party/FreeRTOS/Source/timers.o
 .debug_macro   0x0002d224      0x3db ./Middlewares/Third_Party/FreeRTOS/Source/portable/GCC/ARM_CM33_NTZ/non_secure/port.o
 .debug_macro   0x0002d5ff      0x1b4 ./Middlewares/Third_Party/FreeRTOS/Source/portable/GCC/ARM_CM33_NTZ/non_secure/port.o
 .debug_macro   0x0002d7b3       0xf8 ./Middlewares/Third_Party/FreeRTOS/Source/portable/GCC/ARM_CM33_NTZ/non_secure/portasm.o
 .debug_macro   0x0002d8ab      0x1d1 ./Middlewares/Third_Party/FreeRTOS/Source/portable/MemMang/heap_1.o

.debug_line     0x00000000    0x1f4ab
 .debug_line    0x00000000      0xb7c ./Core/Src/app_freertos.o
 .debug_line    0x00000b7c      0xb64 ./Core/Src/main.o
 .debug_line    0x000016e0      0x9d3 ./Core/Src/stm32wbaxx_hal_msp.o
 .debug_line    0x000020b3      0x942 ./Core/Src/stm32wbaxx_hal_timebase_tim.o
 .debug_line    0x000029f5      0xa30 ./Core/Src/stm32wbaxx_it.o
 .debug_line    0x00003425      0x993 ./Core/Src/system_stm32wbaxx.o
 .debug_line    0x00003db8       0x7c ./Core/Startup/startup_stm32wba65rivx.o
 .debug_line    0x00003e34      0xccd ./Drivers/BSP/STM32WBAxx_Nucleo/stm32wbaxx_nucleo.o
 .debug_line    0x00004b01      0xf02 ./Drivers/STM32WBAxx_HAL_Driver/Src/stm32wbaxx_hal.o
 .debug_line    0x00005a03      0xf27 ./Drivers/STM32WBAxx_HAL_Driver/Src/stm32wbaxx_hal_cortex.o
 .debug_line    0x0000692a      0xd16 ./Drivers/STM32WBAxx_HAL_Driver/Src/stm32wbaxx_hal_exti.o
 .debug_line    0x00007640      0xcc9 ./Drivers/STM32WBAxx_HAL_Driver/Src/stm32wbaxx_hal_gpio.o
 .debug_line    0x00008309      0xbbf ./Drivers/STM32WBAxx_HAL_Driver/Src/stm32wbaxx_hal_icache.o
 .debug_line    0x00008ec8     0x1045 ./Drivers/STM32WBAxx_HAL_Driver/Src/stm32wbaxx_hal_pwr_ex.o
 .debug_line    0x00009f0d     0x1450 ./Drivers/STM32WBAxx_HAL_Driver/Src/stm32wbaxx_hal_rcc.o
 .debug_line    0x0000b35d     0x13ad ./Drivers/STM32WBAxx_HAL_Driver/Src/stm32wbaxx_hal_rcc_ex.o
 .debug_line    0x0000c70a     0x40d7 ./Drivers/STM32WBAxx_HAL_Driver/Src/stm32wbaxx_hal_tim.o
 .debug_line    0x000107e1     0x20a0 ./Drivers/STM32WBAxx_HAL_Driver/Src/stm32wbaxx_hal_tim_ex.o
 .debug_line    0x00012881     0x37ea ./Drivers/STM32WBAxx_HAL_Driver/Src/stm32wbaxx_hal_uart.o
 .debug_line    0x0001606b      0xef6 ./Drivers/STM32WBAxx_HAL_Driver/Src/stm32wbaxx_hal_uart_ex.o
 .debug_line    0x00016f61     0x233b ./Middlewares/Third_Party/FreeRTOS/Source/CMSIS_RTOS_V2/cmsis_os2.o
 .debug_line    0x0001929c      0x7c6 ./Middlewares/Third_Party/FreeRTOS/Source/list.o
 .debug_line    0x00019a62     0x1621 ./Middlewares/Third_Party/FreeRTOS/Source/queue.o
 .debug_line    0x0001b083     0x203d ./Middlewares/Third_Party/FreeRTOS/Source/tasks.o
 .debug_line    0x0001d0c0      0xdfc ./Middlewares/Third_Party/FreeRTOS/Source/timers.o
 .debug_line    0x0001debc      0x837 ./Middlewares/Third_Party/FreeRTOS/Source/portable/GCC/ARM_CM33_NTZ/non_secure/port.o
 .debug_line    0x0001e6f3      0x62b ./Middlewares/Third_Party/FreeRTOS/Source/portable/GCC/ARM_CM33_NTZ/non_secure/portasm.o
 .debug_line    0x0001ed1e      0x78d ./Middlewares/Third_Party/FreeRTOS/Source/portable/MemMang/heap_1.o

.debug_str      0x00000000   0x12352b
 .debug_str     0x00000000   0x12352b ./Core/Src/app_freertos.o
                             0x1157a6 (size before relaxing)
 .debug_str     0x0012352b   0x10ad0c ./Core/Src/main.o
 .debug_str     0x0012352b   0x10a9b4 ./Core/Src/stm32wbaxx_hal_msp.o
 .debug_str     0x0012352b   0x109817 ./Core/Src/stm32wbaxx_hal_timebase_tim.o
 .debug_str     0x0012352b   0x10a11a ./Core/Src/stm32wbaxx_it.o
 .debug_str     0x0012352b   0x108c9a ./Core/Src/system_stm32wbaxx.o
 .debug_str     0x0012352b       0x85 ./Core/Startup/startup_stm32wba65rivx.o
 .debug_str     0x0012352b   0x10aafe ./Drivers/BSP/STM32WBAxx_Nucleo/stm32wbaxx_nucleo.o
 .debug_str     0x0012352b   0x109924 ./Drivers/STM32WBAxx_HAL_Driver/Src/stm32wbaxx_hal.o
 .debug_str     0x0012352b   0x10964e ./Drivers/STM32WBAxx_HAL_Driver/Src/stm32wbaxx_hal_cortex.o
 .debug_str     0x0012352b   0x108bcb ./Drivers/STM32WBAxx_HAL_Driver/Src/stm32wbaxx_hal_exti.o
 .debug_str     0x0012352b   0x108b47 ./Drivers/STM32WBAxx_HAL_Driver/Src/stm32wbaxx_hal_gpio.o
 .debug_str     0x0012352b   0x108f75 ./Drivers/STM32WBAxx_HAL_Driver/Src/stm32wbaxx_hal_icache.o
 .debug_str     0x0012352b   0x109206 ./Drivers/STM32WBAxx_HAL_Driver/Src/stm32wbaxx_hal_pwr_ex.o
 .debug_str     0x0012352b   0x1093cb ./Drivers/STM32WBAxx_HAL_Driver/Src/stm32wbaxx_hal_rcc.o
 .debug_str     0x0012352b   0x10923a ./Drivers/STM32WBAxx_HAL_Driver/Src/stm32wbaxx_hal_rcc_ex.o
 .debug_str     0x0012352b   0x10a08b ./Drivers/STM32WBAxx_HAL_Driver/Src/stm32wbaxx_hal_tim.o
 .debug_str     0x0012352b   0x109cb6 ./Drivers/STM32WBAxx_HAL_Driver/Src/stm32wbaxx_hal_tim_ex.o
 .debug_str     0x0012352b   0x109c38 ./Drivers/STM32WBAxx_HAL_Driver/Src/stm32wbaxx_hal_uart.o
 .debug_str     0x0012352b   0x1093c2 ./Drivers/STM32WBAxx_HAL_Driver/Src/stm32wbaxx_hal_uart_ex.o
 .debug_str     0x0012352b   0x1174df ./Middlewares/Third_Party/FreeRTOS/Source/CMSIS_RTOS_V2/cmsis_os2.o
 .debug_str     0x0012352b    0x1107a ./Middlewares/Third_Party/FreeRTOS/Source/list.o
 .debug_str     0x0012352b    0x13cc7 ./Middlewares/Third_Party/FreeRTOS/Source/queue.o
 .debug_str     0x0012352b    0x14b58 ./Middlewares/Third_Party/FreeRTOS/Source/tasks.o
 .debug_str     0x0012352b    0x1411c ./Middlewares/Third_Party/FreeRTOS/Source/timers.o
 .debug_str     0x0012352b    0x11220 ./Middlewares/Third_Party/FreeRTOS/Source/portable/GCC/ARM_CM33_NTZ/non_secure/port.o
 .debug_str     0x0012352b     0xdcb4 ./Middlewares/Third_Party/FreeRTOS/Source/portable/GCC/ARM_CM33_NTZ/non_secure/portasm.o
 .debug_str     0x0012352b    0x12559 ./Middlewares/Third_Party/FreeRTOS/Source/portable/MemMang/heap_1.o

.comment        0x00000000       0x43
 .comment       0x00000000       0x43 ./Core/Src/app_freertos.o
                                 0x44 (size before relaxing)
 .comment       0x00000043       0x44 ./Core/Src/main.o
 .comment       0x00000043       0x44 ./Core/Src/stm32wbaxx_hal_msp.o
 .comment       0x00000043       0x44 ./Core/Src/stm32wbaxx_hal_timebase_tim.o
 .comment       0x00000043       0x44 ./Core/Src/stm32wbaxx_it.o
 .comment       0x00000043       0x44 ./Core/Src/system_stm32wbaxx.o
 .comment       0x00000043       0x44 ./Drivers/BSP/STM32WBAxx_Nucleo/stm32wbaxx_nucleo.o
 .comment       0x00000043       0x44 ./Drivers/STM32WBAxx_HAL_Driver/Src/stm32wbaxx_hal.o
 .comment       0x00000043       0x44 ./Drivers/STM32WBAxx_HAL_Driver/Src/stm32wbaxx_hal_cortex.o
 .comment       0x00000043       0x44 ./Drivers/STM32WBAxx_HAL_Driver/Src/stm32wbaxx_hal_exti.o
 .comment       0x00000043       0x44 ./Drivers/STM32WBAxx_HAL_Driver/Src/stm32wbaxx_hal_gpio.o
 .comment       0x00000043       0x44 ./Drivers/STM32WBAxx_HAL_Driver/Src/stm32wbaxx_hal_icache.o
 .comment       0x00000043       0x44 ./Drivers/STM32WBAxx_HAL_Driver/Src/stm32wbaxx_hal_pwr_ex.o
 .comment       0x00000043       0x44 ./Drivers/STM32WBAxx_HAL_Driver/Src/stm32wbaxx_hal_rcc.o
 .comment       0x00000043       0x44 ./Drivers/STM32WBAxx_HAL_Driver/Src/stm32wbaxx_hal_rcc_ex.o
 .comment       0x00000043       0x44 ./Drivers/STM32WBAxx_HAL_Driver/Src/stm32wbaxx_hal_tim.o
 .comment       0x00000043       0x44 ./Drivers/STM32WBAxx_HAL_Driver/Src/stm32wbaxx_hal_tim_ex.o
 .comment       0x00000043       0x44 ./Drivers/STM32WBAxx_HAL_Driver/Src/stm32wbaxx_hal_uart.o
 .comment       0x00000043       0x44 ./Drivers/STM32WBAxx_HAL_Driver/Src/stm32wbaxx_hal_uart_ex.o
 .comment       0x00000043       0x44 ./Middlewares/Third_Party/FreeRTOS/Source/CMSIS_RTOS_V2/cmsis_os2.o
 .comment       0x00000043       0x44 ./Middlewares/Third_Party/FreeRTOS/Source/list.o
 .comment       0x00000043       0x44 ./Middlewares/Third_Party/FreeRTOS/Source/queue.o
 .comment       0x00000043       0x44 ./Middlewares/Third_Party/FreeRTOS/Source/tasks.o
 .comment       0x00000043       0x44 ./Middlewares/Third_Party/FreeRTOS/Source/timers.o
 .comment       0x00000043       0x44 ./Middlewares/Third_Party/FreeRTOS/Source/portable/GCC/ARM_CM33_NTZ/non_secure/port.o
 .comment       0x00000043       0x44 ./Middlewares/Third_Party/FreeRTOS/Source/portable/GCC/ARM_CM33_NTZ/non_secure/portasm.o
 .comment       0x00000043       0x44 ./Middlewares/Third_Party/FreeRTOS/Source/portable/MemMang/heap_1.o

.debug_frame    0x00000000     0x706c